Component: Arm Compiler for Embedded 6.21 Tool: armlink [5ec1fa00]

==============================================================================

Section Cross References

    oled.o(.text.OLED_I2C_Init) refers to stm32u5xx_hal_gpio.o(.text.HAL_GPIO_Init) for HAL_GPIO_Init
    oled.o(.text.OLED_I2C_Init) refers to stm32u5xx_hal_gpio.o(.text.HAL_GPIO_WritePin) for HAL_GPIO_WritePin
    oled.o(.ARM.exidx.text.OLED_I2C_Init) refers to oled.o(.text.OLED_I2C_Init) for [Anonymous Symbol]
    oled.o(.text.OLED_I2C_Start) refers to stm32u5xx_hal_gpio.o(.text.HAL_GPIO_WritePin) for HAL_GPIO_WritePin
    oled.o(.ARM.exidx.text.OLED_I2C_Start) refers to oled.o(.text.OLED_I2C_Start) for [Anonymous Symbol]
    oled.o(.text.OLED_I2C_Stop) refers to stm32u5xx_hal_gpio.o(.text.HAL_GPIO_WritePin) for HAL_GPIO_WritePin
    oled.o(.ARM.exidx.text.OLED_I2C_Stop) refers to oled.o(.text.OLED_I2C_Stop) for [Anonymous Symbol]
    oled.o(.text.OLED_I2C_SendByte) refers to stm32u5xx_hal_gpio.o(.text.HAL_GPIO_WritePin) for HAL_GPIO_WritePin
    oled.o(.ARM.exidx.text.OLED_I2C_SendByte) refers to oled.o(.text.OLED_I2C_SendByte) for [Anonymous Symbol]
    oled.o(.text.OLED_WriteCommand) refers to stm32u5xx_hal_gpio.o(.text.HAL_GPIO_WritePin) for HAL_GPIO_WritePin
    oled.o(.text.OLED_WriteCommand) refers to oled.o(.text.OLED_I2C_SendByte) for OLED_I2C_SendByte
    oled.o(.ARM.exidx.text.OLED_WriteCommand) refers to oled.o(.text.OLED_WriteCommand) for [Anonymous Symbol]
    oled.o(.text.OLED_WriteData) refers to stm32u5xx_hal_gpio.o(.text.HAL_GPIO_WritePin) for HAL_GPIO_WritePin
    oled.o(.text.OLED_WriteData) refers to oled.o(.text.OLED_I2C_SendByte) for OLED_I2C_SendByte
    oled.o(.ARM.exidx.text.OLED_WriteData) refers to oled.o(.text.OLED_WriteData) for [Anonymous Symbol]
    oled.o(.text.OLED_SetCursor) refers to oled.o(.text.OLED_WriteCommand) for OLED_WriteCommand
    oled.o(.ARM.exidx.text.OLED_SetCursor) refers to oled.o(.text.OLED_SetCursor) for [Anonymous Symbol]
    oled.o(.text.OLED_Clear) refers to oled.o(.text.OLED_WriteCommand) for OLED_WriteCommand
    oled.o(.text.OLED_Clear) refers to stm32u5xx_hal_gpio.o(.text.HAL_GPIO_WritePin) for HAL_GPIO_WritePin
    oled.o(.text.OLED_Clear) refers to oled.o(.text.OLED_I2C_SendByte) for OLED_I2C_SendByte
    oled.o(.ARM.exidx.text.OLED_Clear) refers to oled.o(.text.OLED_Clear) for [Anonymous Symbol]
    oled.o(.text.OLED_ShowChar) refers to oled.o(.text.OLED_WriteCommand) for OLED_WriteCommand
    oled.o(.text.OLED_ShowChar) refers to oled.o(.rodata.OLED_F8x16) for OLED_F8x16
    oled.o(.text.OLED_ShowChar) refers to oled.o(.text.OLED_WriteData) for OLED_WriteData
    oled.o(.ARM.exidx.text.OLED_ShowChar) refers to oled.o(.text.OLED_ShowChar) for [Anonymous Symbol]
    oled.o(.text.OLED_ShowString) refers to oled.o(.text.OLED_ShowChar) for OLED_ShowChar
    oled.o(.ARM.exidx.text.OLED_ShowString) refers to oled.o(.text.OLED_ShowString) for [Anonymous Symbol]
    oled.o(.ARM.exidx.text.OLED_Pow) refers to oled.o(.text.OLED_Pow) for [Anonymous Symbol]
    oled.o(.text.OLED_ShowNum) refers to oled.o(.text.OLED_ShowChar) for OLED_ShowChar
    oled.o(.ARM.exidx.text.OLED_ShowNum) refers to oled.o(.text.OLED_ShowNum) for [Anonymous Symbol]
    oled.o(.text.OLED_ShowSignedNum) refers to oled.o(.text.OLED_ShowChar) for OLED_ShowChar
    oled.o(.ARM.exidx.text.OLED_ShowSignedNum) refers to oled.o(.text.OLED_ShowSignedNum) for [Anonymous Symbol]
    oled.o(.text.OLED_ShowHexNum) refers to oled.o(.text.OLED_ShowChar) for OLED_ShowChar
    oled.o(.ARM.exidx.text.OLED_ShowHexNum) refers to oled.o(.text.OLED_ShowHexNum) for [Anonymous Symbol]
    oled.o(.text.OLED_ShowBinNum) refers to oled.o(.text.OLED_ShowChar) for OLED_ShowChar
    oled.o(.ARM.exidx.text.OLED_ShowBinNum) refers to oled.o(.text.OLED_ShowBinNum) for [Anonymous Symbol]
    oled.o(.text.OLED_Init) refers to stm32u5xx_hal_gpio.o(.text.HAL_GPIO_Init) for HAL_GPIO_Init
    oled.o(.text.OLED_Init) refers to stm32u5xx_hal_gpio.o(.text.HAL_GPIO_WritePin) for HAL_GPIO_WritePin
    oled.o(.text.OLED_Init) refers to oled.o(.text.OLED_WriteCommand) for OLED_WriteCommand
    oled.o(.text.OLED_Init) refers to oled.o(.text.OLED_Clear) for OLED_Clear
    oled.o(.ARM.exidx.text.OLED_Init) refers to oled.o(.text.OLED_Init) for [Anonymous Symbol]
    startup_stm32u575xx.o(RESET) refers to startup_stm32u575xx.o(STACK) for __initial_sp
    startup_stm32u575xx.o(RESET) refers to startup_stm32u575xx.o(.text) for Reset_Handler
    startup_stm32u575xx.o(RESET) refers to stm32u5xx_it.o(.text.NMI_Handler) for NMI_Handler
    startup_stm32u575xx.o(RESET) refers to stm32u5xx_it.o(.text.HardFault_Handler) for HardFault_Handler
    startup_stm32u575xx.o(RESET) refers to stm32u5xx_it.o(.text.MemManage_Handler) for MemManage_Handler
    startup_stm32u575xx.o(RESET) refers to stm32u5xx_it.o(.text.BusFault_Handler) for BusFault_Handler
    startup_stm32u575xx.o(RESET) refers to stm32u5xx_it.o(.text.UsageFault_Handler) for UsageFault_Handler
[...]
    [Anonymous Symbol]                       0x0800852c   Section        0  stm32u5xx_hal_uart.o(.text.UART_AdvFeatureConfig)
    UART_DMAAbortOnError                     0x08008619   Thumb Code    16  stm32u5xx_hal_uart.o(.text.UART_DMAAbortOnError)
    [Anonymous Symbol]                       0x08008618   Section        0  stm32u5xx_hal_uart.o(.text.UART_DMAAbortOnError)
    UART_DMAError                            0x08008629   Thumb Code   474  stm32u5xx_hal_uart.o(.text.UART_DMAError)
    [Anonymous Symbol]                       0x08008628   Section        0  stm32u5xx_hal_uart.o(.text.UART_DMAError)
    UART_DMAReceiveCplt                      0x08008805   Thumb Code   272  stm32u5xx_hal_uart.o(.text.UART_DMAReceiveCplt)
    [Anonymous Symbol]                       0x08008804   Section        0  stm32u5xx_hal_uart.o(.text.UART_DMAReceiveCplt)
    UART_DMARxHalfCplt                       0x08008915   Thumb Code    22  stm32u5xx_hal_uart.o(.text.UART_DMARxHalfCplt)
    [Anonymous Symbol]                       0x08008914   Section        0  stm32u5xx_hal_uart.o(.text.UART_DMARxHalfCplt)
    [Anonymous Symbol]                       0x0800892c   Section        0  stm32u5xx_hal_uart.o(.text.UART_SetConfig)
    [Anonymous Symbol]                       0x08008b38   Section        0  stm32u5xx_hal_uart.o(.text.UART_Start_Receive_DMA)
    [Anonymous Symbol]                       0x08008cc4   Section        0  stm32u5xx_hal_uart.o(.text.UART_WaitOnFlagUntilTimeout)
    [Anonymous Symbol]                       0x08008ed4   Section        0  uart.o(.text.USART2_IRQHandler)
    [Anonymous Symbol]                       0x08009084   Section        0  uart.o(.text.Uart_printf)
    [Anonymous Symbol]                       0x080090c0   Section        0  stm32u5xx_it.o(.text.UsageFault_Handler)
    [Anonymous Symbol]                       0x080090c4   Section        0  uart.o(.text.Voice_Remind)
    [Anonymous Symbol]                       0x080090dc   Section        0  main.o(.text.main)
    i.__0vsnprintf                           0x08009710   Section        0  printfa.o(i.__0vsnprintf)
    i.__scatterload_copy                     0x08009744   Section       14  handlers.o(i.__scatterload_copy)
    i.__scatterload_null                     0x08009752   Section        2  handlers.o(i.__scatterload_null)
    i.__scatterload_zeroinit                 0x08009754   Section       14  handlers.o(i.__scatterload_zeroinit)
    _fp_digits                               0x08009765   Thumb Code   366  printfa.o(i._fp_digits)
    i._fp_digits                             0x08009764   Section        0  printfa.o(i._fp_digits)
    _printf_core                             0x080098e9   Thumb Code  1744  printfa.o(i._printf_core)
    i._printf_core                           0x080098e8   Section        0  printfa.o(i._printf_core)
    _printf_post_padding                     0x08009fc5   Thumb Code    36  printfa.o(i._printf_post_padding)
    i._printf_post_padding                   0x08009fc4   Section        0  printfa.o(i._printf_post_padding)
    _printf_pre_padding                      0x08009fe9   Thumb Code    46  printfa.o(i._printf_pre_padding)
    i._printf_pre_padding                    0x08009fe8   Section        0  printfa.o(i._printf_pre_padding)
    _snputc                                  0x0800a017   Thumb Code    22  printfa.o(i._snputc)
    i._snputc                                0x0800a016   Section        0  printfa.o(i._snputc)
    .constdata                               0x0800a02c   Section       64  ctype_c.o(.constdata)
    .Lswitch.table.Motor_Operation.1         0x0800a06c   Data          20  motor.o(.rodata..Lswitch.table.Motor_Operation.1)
    LPGPIO_Map                               0x0800a098   Data         128  stm32u5xx_hal_gpio.o(.rodata.LPGPIO_Map)
    [Anonymous Symbol]                       0x0800a098   Section        0  stm32u5xx_hal_gpio.o(.rodata.LPGPIO_Map)
    UARTEx_SetNbDataToProcess.numerator      0x0800a2bd   Data           8  stm32u5xx_hal_uart_ex.o(.rodata.cst8)
    [Anonymous Symbol]                       0x0800a2bd   Section        0  stm32u5xx_hal_uart_ex.o(.rodata.cst8)
    UARTEx_SetNbDataToProcess.denominator    0x0800a2c5   Data           8  stm32u5xx_hal_uart_ex.o(.rodata.cst8)
    .L.str                                   0x0800a2cd   Data           2  motor.o(.rodata.str1.1)
    [Anonymous Symbol]                       0x0800a2cd   Section        0  motor.o(.rodata.str1.1)
    [Anonymous Symbol]                       0x0800a2cf   Section        0  uart.o(.rodata.str1.1)
    .L.str.2                                 0x0800a2dd   Data           5  uart.o(.rodata.str1.1)
    .L.str.11                                0x0800a2e2   Data           3  uart.o(.rodata.str1.1)
    .L.str.3                                 0x0800a2e5   Data          48  dht11.o(.rodata.str1.1)
    [Anonymous Symbol]                       0x0800a2e5   Section        0  dht11.o(.rodata.str1.1)
    .L_MergedGlobals                         0x20000000   Data           4  motor.o(.data..L_MergedGlobals)
    [Anonymous Symbol]                       0x20000000   Section        0  motor.o(.data..L_MergedGlobals)
    .L_MergedGlobals                         0x20000004   Data           8  stm32u5xx_hal.o(.data..L_MergedGlobals)
    [Anonymous Symbol]                       0x20000004   Section        0  stm32u5xx_hal.o(.data..L_MergedGlobals)
    LPTIM1_IRQHandler.LPRepeat               0x2000000c   Data           1  dht11.o(.data.LPTIM1_IRQHandler.LPRepeat)
    [Anonymous Symbol]                       0x2000000c   Section        0  dht11.o(.data.LPTIM1_IRQHandler.LPRepeat)
    .L_MergedGlobals                         0x20000030   Data         120  main.o(.bss..L_MergedGlobals)
    [Anonymous Symbol]                       0x20000030   Section        0  main.o(.bss..L_MergedGlobals)
    STACK                                    0x20000c40   Section     1024  startup_stm32u575xx.o(STACK)

    Global Symbols

    Symbol Name                              Value     Ov Type        Size  Object(Section)

    BuildAttributes$$THM_ISAv4$E$P$D$K$B$S$7EM$8M$VFPi5$EXTD16$VFPS$VFMA$PE$A:L22UL41UL21$X:L11$S22US41US21$IEEE1$IW$~IW$USESV6$~STKCKD$USESV7$~SHL$OTIME$ROPI$EBA8$MICROLIB$REQ8$PRES8$EABIv2 0x00000000   Number         0  anon$$obj.o ABSOLUTE
    _printf_a                                0x00000000   Number         0  printfstubs.o ABSOLUTE
    _printf_c                                0x00000000   Number         0  printfstubs.o ABSOLUTE
    _printf_charcount                        0x00000000   Number         0  printfstubs.o ABSOLUTE
    _printf_d                                0x00000000   Number         0  printfstubs.o ABSOLUTE
    _printf_e                                0x00000000   Number         0  printfstubs.o ABSOLUTE
    _printf_f                                0x00000000   Number         0  printfstubs.o ABSOLUTE
    _printf_flags                            0x00000000   Number         0  printfstubs.o ABSOLUTE
    _printf_fp_dec                           0x00000000   Number         0  printfstubs.o ABSOLUTE
    _printf_fp_hex                           0x00000000   Number         0  printfstubs.o ABSOLUTE
    _printf_g                                0x00000000   Number         0  printfstubs.o ABSOLUTE
    _printf_i                                0x00000000   Number         0  printfstubs.o ABSOLUTE
    _printf_int_dec                          0x00000000   Number         0  printfstubs.o ABSOLUTE
    _printf_l                                0x00000000   Number         0  printfstubs.o ABSOLUTE
    _printf_lc                               0x00000000   Number         0  printfstubs.o ABSOLUTE
    _printf_ll                               0x00000000   Number         0  printfstubs.o ABSOLUTE
    _printf_lld                              0x00000000   Number         0  printfstubs.o ABSOLUTE
    _printf_lli                              0x00000000   Number         0  printfstubs.o ABSOLUTE
    _printf_llo                              0x00000000   Number         0  printfstubs.o ABSOLUTE
    _printf_llu                              0x00000000   Number         0  printfstubs.o ABSOLUTE
    _printf_llx                              0x00000000   Number         0  printfstubs.o ABSOLUTE
    _printf_longlong_dec                     0x00000000   Number         0  printfstubs.o ABSOLUTE
    _printf_longlong_hex                     0x00000000   Number         0  printfstubs.o ABSOLUTE
    _printf_longlong_oct                     0x00000000   Number         0  printfstubs.o ABSOLUTE
    _printf_ls                               0x00000000   Number         0  printfstubs.o ABSOLUTE
    _printf_mbtowc                           0x00000000   Number         0  printfstubs.o ABSOLUTE
    _printf_n                                0x00000000   Number         0  printfstubs.o ABSOLUTE
    _printf_o                                0x00000000   Number         0  printfstubs.o ABSOLUTE
    _printf_p                                0x00000000   Number         0  printfstubs.o ABSOLUTE
    _printf_percent                          0x00000000   Number         0  printfstubs.o ABSOLUTE
    _printf_pre_padding                      0x00000000   Number         0  printfstubs.o ABSOLUTE
    _printf_return_value                     0x00000000   Number         0  printfstubs.o ABSOLUTE
    _printf_s                                0x00000000   Number         0  printfstubs.o ABSOLUTE
    _printf_sizespec                         0x00000000   Number         0  printfstubs.o ABSOLUTE
    _printf_str                              0x00000000   Number         0  printfstubs.o ABSOLUTE
    _printf_truncate_signed                  0x00000000   Number         0  printfstubs.o ABSOLUTE
    _printf_truncate_unsigned                0x00000000   Number         0  printfstubs.o ABSOLUTE
    _printf_u                                0x00000000   Number         0  printfstubs.o ABSOLUTE
    _printf_wc                               0x00000000   Number         0  printfstubs.o ABSOLUTE
    _printf_wctomb                           0x00000000   Number         0  printfstubs.o ABSOLUTE
    _printf_widthprec                        0x00000000   Number         0  printfstubs.o ABSOLUTE
    _printf_x                                0x00000000   Number         0  printfstubs.o ABSOLUTE
    __cpp_initialize__aeabi_                  - Undefined Weak Reference
    __cxa_finalize                            - Undefined Weak Reference
    __decompress                              - Undefined Weak Reference
    _clock_init                               - Undefined Weak Reference
    _microlib_exit                            - Undefined Weak Reference
    _scanf_longlong                           - Undefined Weak Reference
    _scanf_real                               - Undefined Weak Reference
    _scanf_string                             - Undefined Weak Reference
    __Vectors_Size                           0x00000234   Number         0  startup_stm32u575xx.o ABSOLUTE
    __Vectors                                0x08000000   Data           4  startup_stm32u575xx.o(RESET)
    __Vectors_End                            0x08000234   Data           0  startup_stm32u575xx.o(RESET)
    __main                                   0x08000235   Thumb Code     0  entry.o(.ARM.Collect$$$$00000000)
    _main_stk                                0x08000235   Thumb Code     0  entry2.o(.ARM.Collect$$$$00000001)
    _main_scatterload                        0x08000239   Thumb Code     0  entry5.o(.ARM.Collect$$$$00000004)
    __main_after_scatterload                 0x0800023d   Thumb Code     0  entry5.o(.ARM.Collect$$$$00000004)
    _main_clock                              0x0800023d   Thumb Code     0  entry7b.o(.ARM.Collect$$$$00000008)
    _main_cpp_init                           0x0800023d   Thumb Code     0  entry8b.o(.ARM.Collect$$$$0000000A)
    _main_init                               0x0800023d   Thumb Code     0  entry9a.o(.ARM.Collect$$$$0000000B)
    __rt_final_cpp                           0x08000245   Thumb Code     0  entry10a.o(.ARM.Collect$$$$0000000D)
    __rt_final_exit                          0x08000245   Thumb Code     0  entry11a.o(.ARM.Collect$$$$0000000F)
    Reset_Handler                            0x08000249   Thumb Code     8  startup_stm32u575xx.o(.text)
    SecureFault_Handler                      0x0800025b   Thumb Code     2  startup_stm32u575xx.o(.text)
    ADC1_IRQHandler                          0x08000265   Thumb Code     0  startup_stm32u575xx.o(.text)
    ADC4_IRQHandler                          0x08000265   Thumb Code     0  startup_stm32u575xx.o(.text)
    ADF1_IRQHandler                          0x08000265   Thumb Code     0  startup_stm32u575xx.o(.text)
    COMP_IRQHandler                          0x08000265   Thumb Code     0  startup_stm32u575xx.o(.text)
    CORDIC_IRQHandler                        0x08000265   Thumb Code     0  startup_stm32u575xx.o(.text)
    CRS_IRQHandler                           0x08000265   Thumb Code     0  startup_stm32u575xx.o(.text)
    DAC1_IRQHandler                          0x08000265   Thumb Code     0  startup_stm32u575xx.o(.text)
    DCACHE1_IRQHandler                       0x08000265   Thumb Code     0  startup_stm32u575xx.o(.text)
    DCMI_PSSI_IRQHandler                     0x08000265   Thumb Code     0  startup_stm32u575xx.o(.text)
    DMA2D_IRQHandler                         0x08000265   Thumb Code     0  startup_stm32u575xx.o(.text)
    EXTI0_IRQHandler                         0x08000265   Thumb Code     0  startup_stm32u575xx.o(.text)
    EXTI10_IRQHandler                        0x08000265   Thumb Code     0  startup_stm32u575xx.o(.text)
    EXTI11_IRQHandler                        0x08000265   Thumb Code     0  startup_stm32u575xx.o(.text)
    EXTI12_IRQHandler                        0x08000265   Thumb Code     0  startup_stm32u575xx.o(.text)
    EXTI13_IRQHandler                        0x08000265   Thumb Code     0  startup_stm32u575xx.o(.text)
    EXTI14_IRQHandler                        0x08000265   Thumb Code     0  startup_stm32u575xx.o(.text)
    EXTI15_IRQHandler                        0x08000265   Thumb Code     0  startup_stm32u575xx.o(.text)
    EXTI1_IRQHandler                         0x08000265   Thumb Code     0  startup_stm32u575xx.o(.text)
    EXTI2_IRQHandler                         0x08000265   Thumb Code     0  startup_stm32u575xx.o(.text)
    EXTI3_IRQHandler                         0x08000265   Thumb Code     0  startup_stm32u575xx.o(.text)
    EXTI4_IRQHandler                         0x08000265   Thumb Code     0  startup_stm32u575xx.o(.text)
    EXTI5_IRQHandler                         0x08000265   Thumb Code     0  startup_stm32u575xx.o(.text)
    EXTI6_IRQHandler                         0x08000265   Thumb Code     0  startup_stm32u575xx.o(.text)
    EXTI7_IRQHandler                         0x08000265   Thumb Code     0  startup_stm32u575xx.o(.text)
    EXTI8_IRQHandler                         0x08000265   Thumb Code     0  startup_stm32u575xx.o(.text)
    EXTI9_IRQHandler                         0x08000265   Thumb Code     0  startup_stm32u575xx.o(.text)
    FDCAN1_IT0_IRQHandler                    0x08000265   Thumb Code     0  startup_stm32u575xx.o(.text)
    FDCAN1_IT1_IRQHandler                    0x08000265   Thumb Code     0  startup_stm32u575xx.o(.text)
    FLASH_IRQHandler                         0x08000265   Thumb Code     0  startup_stm32u575xx.o(.text)
    FLASH_S_IRQHandler                       0x08000265   Thumb Code     0  startup_stm32u575xx.o(.text)
    FMAC_IRQHandler                          0x08000265   Thumb Code     0  startup_stm32u575xx.o(.text)
    FMC_IRQHandler                           0x08000265   Thumb Code     0  startup_stm32u575xx.o(.text)
    FPU_IRQHandler                           0x08000265   Thumb Code     0  startup_stm32u575xx.o(.text)
    GPDMA1_Channel10_IRQHandler              0x08000265   Thumb Code     0  startup_stm32u575xx.o(.text)
    GPDMA1_Channel11_IRQHandler              0x08000265   Thumb Code     0  startup_stm32u575xx.o(.text)
    GPDMA1_Channel12_IRQHandler              0x08000265   Thumb Code     0  startup_stm32u575xx.o(.text)
    GPDMA1_Channel13_IRQHandler              0x08000265   Thumb Code     0  startup_stm32u575xx.o(.text)
    GPDMA1_Channel14_IRQHandler              0x08000265   Thumb Code     0  startup_stm32u575xx.o(.text)
    GPDMA1_Channel15_IRQHandler              0x08000265   Thumb Code     0  startup_stm32u575xx.o(.text)
    GPDMA1_Channel4_IRQHandler               0x08000265   Thumb Code     0  startup_stm32u575xx.o(.text)
    GPDMA1_Channel5_IRQHandler               0x08000265   Thumb Code     0  startup_stm32u575xx.o(.text)
    GPDMA1_Channel6_IRQHandler               0x08000265   Thumb Code     0  startup_stm32u575xx.o(.text)
    GPDMA1_Channel7_IRQHandler               0x08000265   Thumb Code     0  startup_stm32u575xx.o(.text)
    GPDMA1_Channel8_IRQHandler               0x08000265   Thumb Code     0  startup_stm32u575xx.o(.text)
    GPDMA1_Channel9_IRQHandler               0x08000265   Thumb Code     0  startup_stm32u575xx.o(.text)
    GTZC_IRQHandler                          0x08000265   Thumb Code     0  startup_stm32u575xx.o(.text)
    HASH_IRQHandler                          0x08000265   Thumb Code     0  startup_stm32u575xx.o(.text)
    I2C1_ER_IRQHandler                       0x08000265   Thumb Code     0  startup_stm32u575xx.o(.text)
    I2C1_EV_IRQHandler                       0x08000265   Thumb Code     0  startup_stm32u575xx.o(.text)
    I2C2_ER_IRQHandler                       0x08000265   Thumb Code     0  startup_stm32u575xx.o(.text)
    I2C2_EV_IRQHandler                       0x08000265   Thumb Code     0  startup_stm32u575xx.o(.text)
    I2C3_ER_IRQHandler                       0x08000265   Thumb Code     0  startup_stm32u575xx.o(.text)
    I2C3_EV_IRQHandler                       0x08000265   Thumb Code     0  startup_stm32u575xx.o(.text)
    I2C4_ER_IRQHandler                       0x08000265   Thumb Code     0  startup_stm32u575xx.o(.text)
    I2C4_EV_IRQHandler                       0x08000265   Thumb Code     0  startup_stm32u575xx.o(.text)
    ICACHE_IRQHandler                        0x08000265   Thumb Code     0  startup_stm32u575xx.o(.text)
    IWDG_IRQHandler                          0x08000265   Thumb Code     0  startup_stm32u575xx.o(.text)
    LPDMA1_Channel0_IRQHandler               0x08000265   Thumb Code     0  startup_stm32u575xx.o(.text)
    LPDMA1_Channel1_IRQHandler               0x08000265   Thumb Code     0  startup_stm32u575xx.o(.text)
    LPDMA1_Channel2_IRQHandler               0x08000265   Thumb Code     0  startup_stm32u575xx.o(.text)
    LPDMA1_Channel3_IRQHandler               0x08000265   Thumb Code     0  startup_stm32u575xx.o(.text)
    LPTIM3_IRQHandler                        0x08000265   Thumb Code     0  startup_stm32u575xx.o(.text)
    LPTIM4_IRQHandler                        0x08000265   Thumb Code     0  startup_stm32u575xx.o(.text)
    LPUART1_IRQHandler                       0x08000265   Thumb Code     0  startup_stm32u575xx.o(.text)
    MDF1_FLT0_IRQHandler                     0x08000265   Thumb Code     0  startup_stm32u575xx.o(.text)
    MDF1_FLT1_IRQHandler                     0x08000265   Thumb Code     0  startup_stm32u575xx.o(.text)
    MDF1_FLT2_IRQHandler                     0x08000265   Thumb Code     0  startup_stm32u575xx.o(.text)
    MDF1_FLT3_IRQHandler                     0x08000265   Thumb Code     0  startup_stm32u575xx.o(.text)
    MDF1_FLT4_IRQHandler                     0x08000265   Thumb Code     0  startup_stm32u575xx.o(.text)
    MDF1_FLT5_IRQHandler                     0x08000265   Thumb Code     0  startup_stm32u575xx.o(.text)
    OCTOSPI1_IRQHandler                      0x08000265   Thumb Code     0  startup_stm32u575xx.o(.text)
    OCTOSPI2_IRQHandler                      0x08000265   Thumb Code     0  startup_stm32u575xx.o(.text)
    OTG_FS_IRQHandler                        0x08000265   Thumb Code     0  startup_stm32u575xx.o(.text)
    PVD_PVM_IRQHandler                       0x08000265   Thumb Code     0  startup_stm32u575xx.o(.text)
    PWR_S3WU_IRQHandler                      0x08000265   Thumb Code     0  startup_stm32u575xx.o(.text)
    RAMCFG_IRQHandler                        0x08000265   Thumb Code     0  startup_stm32u575xx.o(.text)
    RCC_IRQHandler                           0x08000265   Thumb Code     0  startup_stm32u575xx.o(.text)
    RCC_S_IRQHandler                         0x08000265   Thumb Code     0  startup_stm32u575xx.o(.text)
    RNG_IRQHandler                           0x08000265   Thumb Code     0  startup_stm32u575xx.o(.text)
    RTC_S_IRQHandler                         0x08000265   Thumb Code     0  startup_stm32u575xx.o(.text)
    SAI1_IRQHandler                          0x08000265   Thumb Code     0  startup_stm32u575xx.o(.text)
    SAI2_IRQHandler                          0x08000265   Thumb Code     0  startup_stm32u575xx.o(.text)
    SDMMC1_IRQHandler                        0x08000265   Thumb Code     0  startup_stm32u575xx.o(.text)
    SDMMC2_IRQHandler                        0x08000265   Thumb Code     0  startup_stm32u575xx.o(.text)
    SPI1_IRQHandler                          0x08000265   Thumb Code     0  startup_stm32u575xx.o(.text)
    SPI2_IRQHandler                          0x08000265   Thumb Code     0  startup_stm32u575xx.o(.text)
    SPI3_IRQHandler                          0x08000265   Thumb Code     0  startup_stm32u575xx.o(.text)
    TAMP_IRQHandler                          0x08000265   Thumb Code     0  startup_stm32u575xx.o(.text)
    TIM15_IRQHandler                         0x08000265   Thumb Code     0  startup_stm32u575xx.o(.text)
    TIM16_IRQHandler                         0x08000265   Thumb Code     0  startup_stm32u575xx.o(.text)
    TIM17_IRQHandler                         0x08000265   Thumb Code     0  startup_stm32u575xx.o(.text)
    TIM1_BRK_IRQHandler                      0x08000265   Thumb Code     0  startup_stm32u575xx.o(.text)
    TIM1_CC_IRQHandler                       0x08000265   Thumb Code     0  startup_stm32u575xx.o(.text)
    TIM1_TRG_COM_IRQHandler                  0x08000265   Thumb Code     0  startup_stm32u575xx.o(.text)
    TIM2_IRQHandler                          0x08000265   Thumb Code     0  startup_stm32u575xx.o(.text)
    TIM3_IRQHandler                          0x08000265   Thumb Code     0  startup_stm32u575xx.o(.text)
    TIM4_IRQHandler                          0x08000265   Thumb Code     0  startup_stm32u575xx.o(.text)
    TIM5_IRQHandler                          0x08000265   Thumb Code     0  startup_stm32u575xx.o(.text)
    TIM6_IRQHandler                          0x08000265   Thumb Code     0  startup_stm32u575xx.o(.text)
    TIM7_IRQHandler                          0x08000265   Thumb Code     0  startup_stm32u575xx.o(.text)
    TIM8_BRK_IRQHandler                      0x08000265   Thumb Code     0  startup_stm32u575xx.o(.text)
    TIM8_CC_IRQHandler                       0x08000265   Thumb Code     0  startup_stm32u575xx.o(.text)
    TIM8_TRG_COM_IRQHandler                  0x08000265   Thumb Code     0  startup_stm32u575xx.o(.text)
    TIM8_UP_IRQHandler                       0x08000265   Thumb Code     0  startup_stm32u575xx.o(.text)
    TSC_IRQHandler                           0x08000265   Thumb Code     0  startup_stm32u575xx.o(.text)
    UART4_IRQHandler                         0x08000265   Thumb Code     0  startup_stm32u575xx.o(.text)
    UART5_IRQHandler                         0x08000265   Thumb Code     0  startup_stm32u575xx.o(.text)
    UCPD1_IRQHandler                         0x08000265   Thumb Code     0  startup_stm32u575xx.o(.text)
    USART1_IRQHandler                        0x08000265   Thumb Code     0  startup_stm32u575xx.o(.text)
    USART3_IRQHandler                        0x08000265   Thumb Code     0  startup_stm32u575xx.o(.text)
    WWDG_IRQHandler                          0x08000265   Thumb Code     0  startup_stm32u575xx.o(.text)
    __aeabi_uldivmod                         0x08000271   Thumb Code    98  uldiv.o(.text)
    __aeabi_memset                           0x080002d3   Thumb Code    14  memseta.o(.text)
    __aeabi_memset4                          0x080002d3   Thumb Code     0  memseta.o(.text)
    __aeabi_memset8                          0x080002d3   Thumb Code     0  memseta.o(.text)
    __aeabi_memclr                           0x080002e1   Thumb Code     4  memseta.o(.text)
    __aeabi_memclr4                          0x080002e1   Thumb Code     0  memseta.o(.text)
    __aeabi_memclr8                          0x080002e1   Thumb Code     0  memseta.o(.text)
    _memset$wrapper                          0x080002e5   Thumb Code    18  memseta.o(.text)
    strncpy                                  0x080002f7   Thumb Code    24  strncpy.o(.text)
    strcmp                                   0x0800030f   Thumb Code    28  strcmp.o(.text)
    memcmp                                   0x0800032b   Thumb Code    26  memcmp.o(.text)
    __0sscanf                                0x08000345   Thumb Code    48  __0sscanf.o(.text)
    _scanf_int                               0x0800037d   Thumb Code   332  _scanf_int.o(.text)
    __aeabi_uidiv                            0x080004c9   Thumb Code     0  uidiv.o(.text)
    __aeabi_uidivmod                         0x080004c9   Thumb Code    44  uidiv.o(.text)
    __aeabi_llsl                             0x080004f5   Thumb Code    30  llshl.o(.text)
    _ll_shift_l                              0x080004f5   Thumb Code     0  llshl.o(.text)
    __aeabi_llsr                             0x08000513   Thumb Code    32  llushr.o(.text)
    _ll_ushift_r                             0x08000513   Thumb Code     0  llushr.o(.text)
    _chval                                   0x08000533   Thumb Code    28  _chval.o(.text)
    __vfscanf_char                           0x0800055d   Thumb Code    20  scanf_char.o(.text)
    _sgetc                                   0x08000579   Thumb Code    30  _sgetc.o(.text)
    _sbackspace                              0x08000597   Thumb Code    34  _sgetc.o(.text)
    __I$use$fp                               0x080005b9   Thumb Code     0  iusefp.o(.text)
    __aeabi_dadd                             0x080005b9   Thumb Code   322  dadd.o(.text)
    __aeabi_dsub                             0x080006fb   Thumb Code     6  dadd.o(.text)
    __aeabi_drsub                            0x08000701   Thumb Code     6  dadd.o(.text)
    __aeabi_dmul                             0x08000707   Thumb Code   228  dmul.o(.text)
    __aeabi_ddiv                             0x080007eb   Thumb Code   222  ddiv.o(.text)
    __aeabi_d2ulz                            0x080008c9   Thumb Code    48  dfixul.o(.text)
    __aeabi_cdrcmple                         0x080008f9   Thumb Code    48  cdrcmple.o(.text)
    __scatterload                            0x08000929   Thumb Code    38  init.o(.text)
    __scatterload_rt2                        0x08000929   Thumb Code     0  init.o(.text)
    __aeabi_lasr                             0x08000959   Thumb Code    36  llsshr.o(.text)
    _ll_sshift_r                             0x08000959   Thumb Code     0  llsshr.o(.text)
    isspace                                  0x0800097d   Thumb Code    10  isspace_c.o(.text)
    __vfscanf                                0x08000989   Thumb Code   808  _scanf.o(.text)
    _double_round                            0x08000cb5   Thumb Code    30  depilogue.o(.text)
    _double_epilogue                         0x08000cd3   Thumb Code   156  depilogue.o(.text)
    __ctype_lookup                           0x08000d71   Thumb Code    34  ctype_c.o(.text)
    BusFault_Handler                         0x08000d99   Thumb Code     2  stm32u5xx_it.o(.text.BusFault_Handler)
    DHT11_Check                              0x08000d9d   Thumb Code   272  dht11.o(.text.DHT11_Check)
    DHT11_Delay_Init                         0x08000ead   Thumb Code    34  dht11.o(.text.DHT11_Delay_Init)
    DHT11_Operation                          0x08000ed1   Thumb Code   360  dht11.o(.text.DHT11_Operation)
    DHT11_Read_Bit                           0x080010c1   Thumb Code   250  dht11.o(.text.DHT11_Read_Bit)
    DHT11_Read_Data                          0x080011bd   Thumb Code   632  dht11.o(.text.DHT11_Read_Data)
    DebugMon_Handler                         0x08001435   Thumb Code     2  stm32u5xx_it.o(.text.DebugMon_Handler)
    Error_Handler                            0x08001439   Thumb Code    10  main.o(.text.Error_Handler)
    FLASH_WaitForLastOperation               0x08001445   Thumb Code   138  stm32u5xx_hal_flash.o(.text.FLASH_WaitForLastOperation)
    Flash_Erase                              0x080014d1   Thumb Code    60  flash.o(.text.Flash_Erase)
    Flash_Read                               0x0800150d   Thumb Code     6  flash.o(.text.Flash_Read)
    Flash_Write                              0x08001515   Thumb Code    28  flash.o(.text.Flash_Write)
    GPDMA1_Channel0_IRQHandler               0x08001531   Thumb Code    12  stm32u5xx_it.o(.text.GPDMA1_Channel0_IRQHandler)
    GPDMA1_Channel1_IRQHandler               0x0800153d   Thumb Code    12  stm32u5xx_it.o(.text.GPDMA1_Channel1_IRQHandler)
    GPDMA1_Channel2_IRQHandler               0x08001549   Thumb Code    12  stm32u5xx_it.o(.text.GPDMA1_Channel2_IRQHandler)
    GPDMA1_Channel3_IRQHandler               0x08001555   Thumb Code    12  stm32u5xx_it.o(.text.GPDMA1_Channel3_IRQHandler)
    HAL_DMAEx_List_Start_IT                  0x08001561   Thumb Code   212  stm32u5xx_hal_dma_ex.o(.text.HAL_DMAEx_List_Start_IT)
    HAL_DMA_Abort                            0x08001635   Thumb Code   168  stm32u5xx_hal_dma.o(.text.HAL_DMA_Abort)
    HAL_DMA_Abort_IT                         0x080016dd   Thumb Code    40  stm32u5xx_hal_dma.o(.text.HAL_DMA_Abort_IT)
    HAL_DMA_ConfigChannelAttributes          0x08001705   Thumb Code    58  stm32u5xx_hal_dma.o(.text.HAL_DMA_ConfigChannelAttributes)
    HAL_DMA_GetError                         0x08001741   Thumb Code     4  stm32u5xx_hal_dma.o(.text.HAL_DMA_GetError)
    HAL_DMA_IRQHandler                       0x08001745   Thumb Code   450  stm32u5xx_hal_dma.o(.text.HAL_DMA_IRQHandler)
    HAL_DMA_Init                             0x08001909   Thumb Code  1418  stm32u5xx_hal_dma.o(.text.HAL_DMA_Init)
    HAL_DMA_Start_IT                         0x08001e95   Thumb Code   166  stm32u5xx_hal_dma.o(.text.HAL_DMA_Start_IT)
    HAL_Delay                                0x08001f3d   Thumb Code    40  stm32u5xx_hal.o(.text.HAL_Delay)
    HAL_FLASHEx_Erase                        0x08001f65   Thumb Code   264  stm32u5xx_hal_flash_ex.o(.text.HAL_FLASHEx_Erase)
    HAL_FLASH_Lock                           0x0800206d   Thumb Code    24  stm32u5xx_hal_flash.o(.text.HAL_FLASH_Lock)
    HAL_FLASH_Program                        0x08002085   Thumb Code   460  stm32u5xx_hal_flash.o(.text.HAL_FLASH_Program)
    HAL_FLASH_Unlock                         0x08002251   Thumb Code    46  stm32u5xx_hal_flash.o(.text.HAL_FLASH_Unlock)
    HAL_FMAC_Init                            0x08002281   Thumb Code   144  stm32u5xx_hal_fmac.o(.text.HAL_FMAC_Init)
    HAL_FMAC_MspInit                         0x08002311   Thumb Code    48  stm32u5xx_hal_msp.o(.text.HAL_FMAC_MspInit)
    HAL_GPIO_Init                            0x08002341   Thumb Code   594  stm32u5xx_hal_gpio.o(.text.HAL_GPIO_Init)
    HAL_GPIO_ReadPin                         0x08002595   Thumb Code    10  stm32u5xx_hal_gpio.o(.text.HAL_GPIO_ReadPin)
    HAL_GPIO_WritePin                        0x080025a1   Thumb Code    12  stm32u5xx_hal_gpio.o(.text.HAL_GPIO_WritePin)
    HAL_GetTick                              0x080025ad   Thumb Code    12  stm32u5xx_hal.o(.text.HAL_GetTick)
    HAL_ICACHE_ConfigAssociativityMode       0x080025b9   Thumb Code    32  stm32u5xx_hal_icache.o(.text.HAL_ICACHE_ConfigAssociativityMode)
    HAL_ICACHE_Disable                       0x080025d9   Thumb Code    68  stm32u5xx_hal_icache.o(.text.HAL_ICACHE_Disable)
    HAL_ICACHE_Enable                        0x0800261d   Thumb Code    20  stm32u5xx_hal_icache.o(.text.HAL_ICACHE_Enable)
    HAL_IncTick                              0x08002631   Thumb Code    34  main.o(.text.HAL_IncTick)
    HAL_Init                                 0x08002655   Thumb Code    86  stm32u5xx_hal.o(.text.HAL_Init)
    HAL_InitTick                             0x080026ad   Thumb Code    78  stm32u5xx_hal.o(.text.HAL_InitTick)
    HAL_LPTIM_AutoReloadMatchCallback        0x080026fd   Thumb Code     2  stm32u5xx_hal_lptim.o(.text.HAL_LPTIM_AutoReloadMatchCallback)
    HAL_LPTIM_AutoReloadWriteCallback        0x08002701   Thumb Code     2  stm32u5xx_hal_lptim.o(.text.HAL_LPTIM_AutoReloadWriteCallback)
    HAL_LPTIM_CompareMatchCallback           0x08002705   Thumb Code     2  stm32u5xx_hal_lptim.o(.text.HAL_LPTIM_CompareMatchCallback)
    HAL_LPTIM_CompareWriteCallback           0x08002709   Thumb Code     2  stm32u5xx_hal_lptim.o(.text.HAL_LPTIM_CompareWriteCallback)
    HAL_LPTIM_Counter_Start_IT               0x0800270d   Thumb Code   194  stm32u5xx_hal_lptim.o(.text.HAL_LPTIM_Counter_Start_IT)
    HAL_LPTIM_DirectionDownCallback          0x080027d1   Thumb Code     2  stm32u5xx_hal_lptim.o(.text.HAL_LPTIM_DirectionDownCallback)
    HAL_LPTIM_DirectionUpCallback            0x080027d5   Thumb Code     2  stm32u5xx_hal_lptim.o(.text.HAL_LPTIM_DirectionUpCallback)
    HAL_LPTIM_IC_CaptureCallback             0x080027d9   Thumb Code     2  stm32u5xx_hal_lptim.o(.text.HAL_LPTIM_IC_CaptureCallback)
    HAL_LPTIM_IC_OverCaptureCallback         0x080027dd   Thumb Code     2  stm32u5xx_hal_lptim.o(.text.HAL_LPTIM_IC_OverCaptureCallback)
    HAL_LPTIM_IRQHandler                     0x080027e1   Thumb Code   500  stm32u5xx_hal_lptim.o(.text.HAL_LPTIM_IRQHandler)
    HAL_LPTIM_Init                           0x080029d5   Thumb Code   466  stm32u5xx_hal_lptim.o(.text.HAL_LPTIM_Init)
    HAL_LPTIM_MspInit                        0x08002ba9   Thumb Code   186  stm32u5xx_hal_msp.o(.text.HAL_LPTIM_MspInit)
    HAL_LPTIM_RepCounterWriteCallback        0x08002c65   Thumb Code     2  stm32u5xx_hal_lptim.o(.text.HAL_LPTIM_RepCounterWriteCallback)
    HAL_LPTIM_TriggerCallback                0x08002c69   Thumb Code     2  stm32u5xx_hal_lptim.o(.text.HAL_LPTIM_TriggerCallback)
    HAL_LPTIM_UpdateEventCallback            0x08002c6d   Thumb Code     2  stm32u5xx_hal_lptim.o(.text.HAL_LPTIM_UpdateEventCallback)
    HAL_MspInit                              0x08002c71   Thumb Code    32  stm32u5xx_hal_msp.o(.text.HAL_MspInit)
    HAL_NVIC_EnableIRQ                       0x08002c91   Thumb Code    34  stm32u5xx_hal_cortex.o(.text.HAL_NVIC_EnableIRQ)
    HAL_NVIC_SetPriority                     0x08002cb5   Thumb Code    86  stm32u5xx_hal_cortex.o(.text.HAL_NVIC_SetPriority)
    HAL_NVIC_SetPriorityGrouping             0x08002d0d   Thumb Code    32  stm32u5xx_hal_cortex.o(.text.HAL_NVIC_SetPriorityGrouping)
    HAL_PWREx_ConfigSupply                   0x08002d2d   Thumb Code   180  stm32u5xx_hal_pwr_ex.o(.text.HAL_PWREx_ConfigSupply)
    HAL_PWREx_ControlVoltageScaling          0x08002de1   Thumb Code   226  stm32u5xx_hal_pwr_ex.o(.text.HAL_PWREx_ControlVoltageScaling)
    HAL_PWREx_DisableUCPDDeadBattery         0x08002ec5   Thumb Code    18  stm32u5xx_hal_pwr_ex.o(.text.HAL_PWREx_DisableUCPDDeadBattery)
    HAL_PWREx_EnableVddIO2                   0x08002ed9   Thumb Code    18  stm32u5xx_hal_pwr_ex.o(.text.HAL_PWREx_EnableVddIO2)
    HAL_PWREx_GetVoltageRange                0x08002eed   Thumb Code    16  stm32u5xx_hal_pwr_ex.o(.text.HAL_PWREx_GetVoltageRange)
    HAL_PWR_EnableBkUpAccess                 0x08002efd   Thumb Code    18  stm32u5xx_hal_pwr.o(.text.HAL_PWR_EnableBkUpAccess)
    HAL_RCCEx_GetPLL1ClockFreq               0x08002f11   Thumb Code   400  stm32u5xx_hal_rcc_ex.o(.text.HAL_RCCEx_GetPLL1ClockFreq)
    HAL_RCCEx_GetPLL2ClockFreq               0x080030a9   Thumb Code   400  stm32u5xx_hal_rcc_ex.o(.text.HAL_RCCEx_GetPLL2ClockFreq)
    HAL_RCCEx_GetPLL3ClockFreq               0x08003241   Thumb Code   400  stm32u5xx_hal_rcc_ex.o(.text.HAL_RCCEx_GetPLL3ClockFreq)
    HAL_RCCEx_GetPeriphCLKFreq               0x080033d9   Thumb Code  2302  stm32u5xx_hal_rcc_ex.o(.text.HAL_RCCEx_GetPeriphCLKFreq)
    HAL_RCCEx_PeriphCLKConfig                0x08003cd9   Thumb Code  1622  stm32u5xx_hal_rcc_ex.o(.text.HAL_RCCEx_PeriphCLKConfig)
    HAL_RCC_ClockConfig                      0x08004331   Thumb Code   762  stm32u5xx_hal_rcc.o(.text.HAL_RCC_ClockConfig)
    HAL_RCC_GetHCLKFreq                      0x0800462d   Thumb Code    44  stm32u5xx_hal_rcc.o(.text.HAL_RCC_GetHCLKFreq)
    HAL_RCC_GetPCLK1Freq                     0x08004659   Thumb Code    62  stm32u5xx_hal_rcc.o(.text.HAL_RCC_GetPCLK1Freq)
    HAL_RCC_GetPCLK2Freq                     0x08004699   Thumb Code    62  stm32u5xx_hal_rcc.o(.text.HAL_RCC_GetPCLK2Freq)
    HAL_RCC_GetPCLK3Freq                     0x080046d9   Thumb Code    62  stm32u5xx_hal_rcc.o(.text.HAL_RCC_GetPCLK3Freq)
    HAL_RCC_GetSysClockFreq                  0x08004719   Thumb Code   252  stm32u5xx_hal_rcc.o(.text.HAL_RCC_GetSysClockFreq)
    HAL_RCC_OscConfig                        0x08004821   Thumb Code  2924  stm32u5xx_hal_rcc.o(.text.HAL_RCC_OscConfig)
    HAL_RTCEx_AlarmBEventCallback            0x0800538d   Thumb Code     2  stm32u5xx_hal_rtc_ex.o(.text.HAL_RTCEx_AlarmBEventCallback)
    HAL_RTCEx_PrivilegeModeSet               0x08005391   Thumb Code    58  stm32u5xx_hal_rtc_ex.o(.text.HAL_RTCEx_PrivilegeModeSet)
    HAL_RTC_AlarmAEventCallback              0x080053cd   Thumb Code    16  rtc.o(.text.HAL_RTC_AlarmAEventCallback)
    HAL_RTC_AlarmIRQHandler                  0x080053dd   Thumb Code    64  stm32u5xx_hal_rtc.o(.text.HAL_RTC_AlarmIRQHandler)
    HAL_RTC_Init                             0x0800541d   Thumb Code   218  stm32u5xx_hal_rtc.o(.text.HAL_RTC_Init)
    HAL_RTC_MspInit                          0x080054f9   Thumb Code   120  stm32u5xx_hal_msp.o(.text.HAL_RTC_MspInit)
    HAL_RTC_SetAlarm_IT                      0x08005571   Thumb Code   538  stm32u5xx_hal_rtc.o(.text.HAL_RTC_SetAlarm_IT)
    HAL_RTC_SetDate                          0x0800578d   Thumb Code   316  stm32u5xx_hal_rtc.o(.text.HAL_RTC_SetDate)
    HAL_RTC_SetTime                          0x080058c9   Thumb Code   414  stm32u5xx_hal_rtc.o(.text.HAL_RTC_SetTime)
    HAL_SYSTICK_Config                       0x08005a69   Thumb Code    44  stm32u5xx_hal_cortex.o(.text.HAL_SYSTICK_Config)
    HAL_TIMEx_Break2Callback                 0x08005a95   Thumb Code     2  stm32u5xx_hal_tim_ex.o(.text.HAL_TIMEx_Break2Callback)
    HAL_TIMEx_BreakCallback                  0x08005a99   Thumb Code     2  stm32u5xx_hal_tim_ex.o(.text.HAL_TIMEx_BreakCallback)
    HAL_TIMEx_CommutCallback                 0x08005a9d   Thumb Code     2  stm32u5xx_hal_tim_ex.o(.text.HAL_TIMEx_CommutCallback)
    HAL_TIMEx_DirectionChangeCallback        0x08005aa1   Thumb Code     2  stm32u5xx_hal_tim_ex.o(.text.HAL_TIMEx_DirectionChangeCallback)
    HAL_TIMEx_EncoderIndexCallback           0x08005aa5   Thumb Code     2  stm32u5xx_hal_tim_ex.o(.text.HAL_TIMEx_EncoderIndexCallback)
    HAL_TIMEx_IndexErrorCallback             0x08005aa9   Thumb Code     2  stm32u5xx_hal_tim_ex.o(.text.HAL_TIMEx_IndexErrorCallback)
    HAL_TIMEx_MasterConfigSynchronization    0x08005aad   Thumb Code   350  stm32u5xx_hal_tim_ex.o(.text.HAL_TIMEx_MasterConfigSynchronization)
    HAL_TIMEx_TransitionErrorCallback        0x08005c0d   Thumb Code     2  stm32u5xx_hal_tim_ex.o(.text.HAL_TIMEx_TransitionErrorCallback)
    HAL_TIM_Base_Init                        0x08005c11   Thumb Code    98  stm32u5xx_hal_tim.o(.text.HAL_TIM_Base_Init)
    HAL_TIM_Base_MspInit                     0x08005c75   Thumb Code    42  stm32u5xx_hal_msp.o(.text.HAL_TIM_Base_MspInit)
    HAL_TIM_ConfigClockSource                0x08005ca1   Thumb Code   532  stm32u5xx_hal_tim.o(.text.HAL_TIM_ConfigClockSource)
    HAL_TIM_IC_CaptureCallback               0x08005eb5   Thumb Code     2  stm32u5xx_hal_tim.o(.text.HAL_TIM_IC_CaptureCallback)
    HAL_TIM_IRQHandler                       0x08005eb9   Thumb Code   528  stm32u5xx_hal_tim.o(.text.HAL_TIM_IRQHandler)
    HAL_TIM_MspPostInit                      0x080060c9   Thumb Code    78  stm32u5xx_hal_msp.o(.text.HAL_TIM_MspPostInit)
    HAL_TIM_OC_DelayElapsedCallback          0x08006119   Thumb Code     2  stm32u5xx_hal_tim.o(.text.HAL_TIM_OC_DelayElapsedCallback)
    HAL_TIM_PWM_ConfigChannel                0x0800611d   Thumb Code   654  stm32u5xx_hal_tim.o(.text.HAL_TIM_PWM_ConfigChannel)
    HAL_TIM_PWM_Init                         0x080063ad   Thumb Code    98  stm32u5xx_hal_tim.o(.text.HAL_TIM_PWM_Init)
    HAL_TIM_PWM_MspInit                      0x08006411   Thumb Code     2  stm32u5xx_hal_tim.o(.text.HAL_TIM_PWM_MspInit)
    HAL_TIM_PWM_PulseFinishedCallback        0x08006415   Thumb Code     2  stm32u5xx_hal_tim.o(.text.HAL_TIM_PWM_PulseFinishedCallback)
    HAL_TIM_PWM_Start                        0x08006419   Thumb Code   608  stm32u5xx_hal_tim.o(.text.HAL_TIM_PWM_Start)
    HAL_TIM_PeriodElapsedCallback            0x08006679   Thumb Code    50  main.o(.text.HAL_TIM_PeriodElapsedCallback)
    HAL_TIM_TriggerCallback                  0x080066ad   Thumb Code     2  stm32u5xx_hal_tim.o(.text.HAL_TIM_TriggerCallback)
    HAL_UARTEx_DisableFifoMode               0x080066b1   Thumb Code    54  stm32u5xx_hal_uart_ex.o(.text.HAL_UARTEx_DisableFifoMode)
    HAL_UARTEx_RxEventCallback               0x080066e9   Thumb Code     2  stm32u5xx_hal_uart.o(.text.HAL_UARTEx_RxEventCallback)
    HAL_UARTEx_RxFifoFullCallback            0x080066ed   Thumb Code     2  stm32u5xx_hal_uart_ex.o(.text.HAL_UARTEx_RxFifoFullCallback)
    HAL_UARTEx_SetRxFifoThreshold            0x080066f1   Thumb Code   144  stm32u5xx_hal_uart_ex.o(.text.HAL_UARTEx_SetRxFifoThreshold)
    HAL_UARTEx_SetTxFifoThreshold            0x08006781   Thumb Code   144  stm32u5xx_hal_uart_ex.o(.text.HAL_UARTEx_SetTxFifoThreshold)
    HAL_UARTEx_TxFifoEmptyCallback           0x08006811   Thumb Code     2  stm32u5xx_hal_uart_ex.o(.text.HAL_UARTEx_TxFifoEmptyCallback)
    HAL_UART_DMAStop                         0x08006815   Thumb Code   648  stm32u5xx_hal_uart.o(.text.HAL_UART_DMAStop)
    HAL_UART_ErrorCallback                   0x08006a9d   Thumb Code     2  stm32u5xx_hal_uart.o(.text.HAL_UART_ErrorCallback)
    HAL_UART_IRQHandler                      0x08006aa1   Thumb Code  1394  stm32u5xx_hal_uart.o(.text.HAL_UART_IRQHandler)
    HAL_UART_Init                            0x08007015   Thumb Code   214  stm32u5xx_hal_uart.o(.text.HAL_UART_Init)
    HAL_UART_MspInit                         0x080070ed   Thumb Code   870  stm32u5xx_hal_msp.o(.text.HAL_UART_MspInit)
    HAL_UART_Receive_DMA                     0x08007455   Thumb Code   184  stm32u5xx_hal_uart.o(.text.HAL_UART_Receive_DMA)
    HAL_UART_RxCpltCallback                  0x0800750d   Thumb Code     2  stm32u5xx_hal_uart.o(.text.HAL_UART_RxCpltCallback)
    HAL_UART_RxHalfCpltCallback              0x08007511   Thumb Code     2  stm32u5xx_hal_uart.o(.text.HAL_UART_RxHalfCpltCallback)
    HAL_UART_Transmit                        0x08007515   Thumb Code   242  stm32u5xx_hal_uart.o(.text.HAL_UART_Transmit)
    HAL_UART_TxCpltCallback                  0x08007609   Thumb Code     2  stm32u5xx_hal_uart.o(.text.HAL_UART_TxCpltCallback)
    HardFault_Handler                        0x0800760d   Thumb Code     2  stm32u5xx_it.o(.text.HardFault_Handler)
    LPTIM1_IRQHandler                        0x08007611   Thumb Code    46  dht11.o(.text.LPTIM1_IRQHandler)
    LPTIM2_IRQHandler                        0x08007641   Thumb Code    12  stm32u5xx_it.o(.text.LPTIM2_IRQHandler)
    MemManage_Handler                        0x0800764d   Thumb Code     2  stm32u5xx_it.o(.text.MemManage_Handler)
    Motor_Operation                          0x08007651   Thumb Code   388  motor.o(.text.Motor_Operation)
    NMI_Handler                              0x080077d5   Thumb Code     2  stm32u5xx_it.o(.text.NMI_Handler)
    ParseAndSetRTC                           0x080077d9   Thumb Code   160  rtc.o(.text.ParseAndSetRTC)
    Parse_MQTTData                           0x08007899   Thumb Code   412  uart.o(.text.Parse_MQTTData)
    PendSV_Handler                           0x08007a45   Thumb Code     2  stm32u5xx_it.o(.text.PendSV_Handler)
    RTC_ExitInitMode                         0x08007c31   Thumb Code   144  stm32u5xx_hal_rtc.o(.text.RTC_ExitInitMode)
    RTC_IRQHandler                           0x08007cc1   Thumb Code    12  stm32u5xx_it.o(.text.RTC_IRQHandler)
    SVC_Handler                              0x08007ccd   Thumb Code     2  stm32u5xx_it.o(.text.SVC_Handler)
    SysTick_Handler                          0x08007cd1   Thumb Code     4  stm32u5xx_it.o(.text.SysTick_Handler)
    SystemClock_Config                       0x08007cd5   Thumb Code   146  main.o(.text.SystemClock_Config)
    SystemInit                               0x08007d69   Thumb Code    76  system_stm32u5xx.o(.text.SystemInit)
    TIM1_UP_IRQHandler                       0x08007db5   Thumb Code    12  stm32u5xx_it.o(.text.TIM1_UP_IRQHandler)
    TIM_Base_SetConfig                       0x08007dc1   Thumb Code   638  stm32u5xx_hal_tim.o(.text.TIM_Base_SetConfig)
    TIM_OC2_SetConfig                        0x080081a9   Thumb Code   298  stm32u5xx_hal_tim.o(.text.TIM_OC2_SetConfig)
    UART_AdvFeatureConfig                    0x0800852d   Thumb Code   234  stm32u5xx_hal_uart.o(.text.UART_AdvFeatureConfig)
    UART_SetConfig                           0x0800892d   Thumb Code   522  stm32u5xx_hal_uart.o(.text.UART_SetConfig)
    UART_Start_Receive_DMA                   0x08008b39   Thumb Code   394  stm32u5xx_hal_uart.o(.text.UART_Start_Receive_DMA)
    UART_WaitOnFlagUntilTimeout              0x08008cc5   Thumb Code   526  stm32u5xx_hal_uart.o(.text.UART_WaitOnFlagUntilTimeout)
    USART2_IRQHandler                        0x08008ed5   Thumb Code   400  uart.o(.text.USART2_IRQHandler)
    Uart_printf                              0x08009085   Thumb Code    60  uart.o(.text.Uart_printf)
    UsageFault_Handler                       0x080090c1   Thumb Code     2  stm32u5xx_it.o(.text.UsageFault_Handler)
    Voice_Remind                             0x080090c5   Thumb Code    22  uart.o(.text.Voice_Remind)
    main                                     0x080090dd   Thumb Code  1586  main.o(.text.main)
    __0vsnprintf                             0x08009711   Thumb Code    46  printfa.o(i.__0vsnprintf)
    __1vsnprintf                             0x08009711   Thumb Code     0  printfa.o(i.__0vsnprintf)
    __2vsnprintf                             0x08009711   Thumb Code     0  printfa.o(i.__0vsnprintf)
    __c89vsnprintf                           0x08009711   Thumb Code     0  printfa.o(i.__0vsnprintf)
    vsnprintf                                0x08009711   Thumb Code     0  printfa.o(i.__0vsnprintf)
    __scatterload_copy                       0x08009745   Thumb Code    14  handlers.o(i.__scatterload_copy)
    __scatterload_null                       0x08009753   Thumb Code     2  handlers.o(i.__scatterload_null)
    __scatterload_zeroinit                   0x08009755   Thumb Code    14  handlers.o(i.__scatterload_zeroinit)
    __ctype_categories                       0x0800a02c   Data          64  ctype_c.o(.constdata)
    AHBPrescTable                            0x0800a080   Data          16  system_stm32u5xx.o(.rodata.AHBPrescTable)
    APBPrescTable                            0x0800a090   Data           8  system_stm32u5xx.o(.rodata.APBPrescTable)
    MSIRangeTable                            0x0800a118   Data          64  system_stm32u5xx.o(.rodata.MSIRangeTable)
    Topic_CabinetLocation_SendCmd            0x0800a158   Data          50  uart.o(.rodata.Topic_CabinetLocation_SendCmd)
    Topic_CloseCabinet_SendCmd               0x0800a18a   Data          48  uart.o(.rodata.Topic_CloseCabinet_SendCmd)
    Topic_Ping_SendCmd                       0x0800a1ba   Data          41  uart.o(.rodata.Topic_Ping_SendCmd)
    UARTPrescTable                           0x0800a1e4   Data          24  stm32u5xx_hal_uart.o(.rodata.UARTPrescTable)
    Voice_CError                             0x0800a1fc   Data          21  dht11.o(.rodata.Voice_CError)
    Voice_CHumid_High                        0x0800a211   Data          23  dht11.o(.rodata.Voice_CHumid_High)
    Voice_CTH_High                           0x0800a228   Data          27  dht11.o(.rodata.Voice_CTH_High)
    Voice_CTemp_High                         0x0800a243   Data          23  dht11.o(.rodata.Voice_CTemp_High)
    Voice_Connect                            0x0800a25a   Data          13  uart.o(.rodata.Voice_Connect)
    Voice_NError                             0x0800a267   Data          19  dht11.o(.rodata.Voice_NError)
    Voice_NHumid_High                        0x0800a27a   Data          21  dht11.o(.rodata.Voice_NHumid_High)
    Voice_NTH_High                           0x0800a28f   Data          25  dht11.o(.rodata.Voice_NTH_High)
    Voice_NTemp_High                         0x0800a2a8   Data          21  dht11.o(.rodata.Voice_NTemp_High)
    Region$$Table$$Base                      0x0800a318   Number         0  anon$$obj.o(Region$$Table)
    Region$$Table$$Limit                     0x0800a338   Number         0  anon$$obj.o(Region$$Table)
    WriteOPEN                                0x20000000   Data           2  motor.o(.data..L_MergedGlobals)
    WriteCLOSE                               0x20000002   Data           2  motor.o(.data..L_MergedGlobals)
    uwTickFreq                               0x20000004   Data           1  stm32u5xx_hal.o(.data..L_MergedGlobals)
    uwTickPrio                               0x20000008   Data           4  stm32u5xx_hal.o(.data..L_MergedGlobals)
    SystemCoreClock                          0x20000010   Data           4  system_stm32u5xx.o(.data.SystemCoreClock)
    pFlash                                   0x20000014   Data          28  stm32u5xx_hal_flash.o(.data.pFlash)
    sDate                                    0x20000030   Data           4  main.o(.bss..L_MergedGlobals)
    sTime                                    0x20000034   Data          20  main.o(.bss..L_MergedGlobals)
    sAlarm                                   0x20000048   Data          48  main.o(.bss..L_MergedGlobals)
    hrtc                                     0x20000078   Data          48  main.o(.bss..L_MergedGlobals)
    Cabinet_List                             0x200000a8   Data           1  uart.o(.bss.Cabinet_List)
    Read_Motor_Status                        0x200000a9   Data           1  motor.o(.bss.Read_Motor_Status)
    ReceiveCmd                               0x200000aa   Data         512  uart.o(.bss.ReceiveCmd)
    ReceiveData                              0x200002aa   Data         512  uart.o(.bss.ReceiveData)
    ReceiveTopic                             0x200004aa   Data         512  uart.o(.bss.ReceiveTopic)
    handle_GPDMA1_Channel0                   0x200006ac   Data         120  main.o(.bss.handle_GPDMA1_Channel0)
    handle_GPDMA1_Channel1                   0x20000724   Data         120  main.o(.bss.handle_GPDMA1_Channel1)
    handle_GPDMA1_Channel2                   0x2000079c   Data         120  main.o(.bss.handle_GPDMA1_Channel2)
    handle_GPDMA1_Channel3                   0x20000814   Data         120  main.o(.bss.handle_GPDMA1_Channel3)
    hfmac                                    0x2000088c   Data          56  main.o(.bss.hfmac)
    hlptim1                                  0x200008c4   Data          80  main.o(.bss.hlptim1)
    hlptim2                                  0x20000914   Data          80  main.o(.bss.hlptim2)
    hlpuart1                                 0x20000964   Data         144  main.o(.bss.hlpuart1)
    htim1                                    0x200009f4   Data          76  main.o(.bss.htim1)
    htim2                                    0x20000a40   Data          76  main.o(.bss.htim2)
    huart1                                   0x20000a8c   Data         144  main.o(.bss.huart1)
    huart2                                   0x20000b1c   Data         144  main.o(.bss.huart2)
    huart3                                   0x20000bac   Data         144  main.o(.bss.huart3)
    uwTick                                   0x20000c3c   Data           4  stm32u5xx_hal.o(.bss.uwTick)
    __initial_sp                             0x20001040   Data           0  startup_stm32u575xx.o(STACK)



==============================================================================

Memory Map of the image

  Image Entry point : 0x08000235

  Load Region LR_IROM1 (Base: 0x08000000, Size: 0x0000a368, Max: 0x00200000, ABSOLUTE)

    Execution Region ER_IROM1 (Exec base: 0x08000000, Load base: 0x08000000, Size: 0x0000a338, Max: 0x00200000, ABSOLUTE)

    Exec Addr    Load Addr    Size         Type   Attr      Idx    E Section Name        Object

    0x08000000   0x08000000   0x00000234   Data   RO           44    RESET               startup_stm32u575xx.o
    0x08000234   0x08000234   0x00000000   Code   RO         2013  * .ARM.Collect$$$$00000000  mc_w.l(entry.o)
    0x08000234   0x08000234   0x00000004   Code   RO         2059    .ARM.Collect$$$$00000001  mc_w.l(entry2.o)
    0x08000238   0x08000238   0x00000004   Code   RO         2062    .ARM.Collect$$$$00000004  mc_w.l(entry5.o)
    0x0800023c   0x0800023c   0x00000000   Code   RO         2064    .ARM.Collect$$$$00000008  mc_w.l(entry7b.o)
    0x0800023c   0x0800023c   0x00000000   Code   RO         2066    .ARM.Collect$$$$0000000A  mc_w.l(entry8b.o)
    0x0800023c   0x0800023c   0x00000008   Code   RO         2067    .ARM.Collect$$$$0000000B  mc_w.l(entry9a.o)
    0x08000244   0x08000244   0x00000000   Code   RO         2069    .ARM.Collect$$$$0000000D  mc_w.l(entry10a.o)
    0x08000244   0x08000244   0x00000000   Code   RO         2071    .ARM.Collect$$$$0000000F  mc_w.l(entry11a.o)
    0x08000244   0x08000244   0x00000004   Code   RO         2060    .ARM.Collect$$$$00002712  mc_w.l(entry2.o)
    0x08000248   0x08000248   0x00000028   Code   RO           45    .text               startup_stm32u575xx.o
    0x08000270   0x08000270   0x00000062   Code   RO         2016    .text               mc_w.l(uldiv.o)
    0x080002d2   0x080002d2   0x00000024   Code   RO         2018    .text               mc_w.l(memseta.o)
    0x080002f6   0x080002f6   0x00000018   Code   RO         2020    .text               mc_w.l(strncpy.o)
    0x0800030e   0x0800030e   0x0000001c   Code   RO         2022    .text               mc_w.l(strcmp.o)
    0x0800032a   0x0800032a   0x0000001a   Code   RO         2024    .text               mc_w.l(memcmp.o)
    0x08000344   0x08000344   0x00000038   Code   RO         2055    .text               mc_w.l(__0sscanf.o)
    0x0800037c   0x0800037c   0x0000014c   Code   RO         2057    .text               mc_w.l(_scanf_int.o)
    0x080004c8   0x080004c8   0x0000002c   Code   RO         2087    .text               mc_w.l(uidiv.o)
    0x080004f4   0x080004f4   0x0000001e   Code   RO         2089    .text               mc_w.l(llshl.o)
    0x08000512   0x08000512   0x00000020   Code   RO         2091    .text               mc_w.l(llushr.o)
    0x08000532   0x08000532   0x0000001c   Code   RO         2093    .text               mc_w.l(_chval.o)
    0x0800054e   0x0800054e   0x00000002   PAD
    0x08000550   0x08000550   0x00000028   Code   RO         2095    .text               mc_w.l(scanf_char.o)
    0x08000578   0x08000578   0x00000040   Code   RO         2097    .text               mc_w.l(_sgetc.o)
    0x080005b8   0x080005b8   0x00000000   Code   RO         2099    .text               mc_w.l(iusefp.o)
    0x080005b8   0x080005b8   0x0000014e   Code   RO         2100    .text               mf_w.l(dadd.o)
    0x08000706   0x08000706   0x000000e4   Code   RO         2102    .text               mf_w.l(dmul.o)
    0x080007ea   0x080007ea   0x000000de   Code   RO         2104    .text               mf_w.l(ddiv.o)
    0x080008c8   0x080008c8   0x00000030   Code   RO         2106    .text               mf_w.l(dfixul.o)
    0x080008f8   0x080008f8   0x00000030   Code   RO         2108    .text               mf_w.l(cdrcmple.o)
    0x08000928   0x08000928   0x00000030   Code   RO         2110    .text               mc_w.l(init.o)
    0x08000958   0x08000958   0x00000024   Code   RO         2113    .text               mc_w.l(llsshr.o)
    0x0800097c   0x0800097c   0x0000000a   Code   RO         2115    .text               mc_w.l(isspace_c.o)
    0x08000986   0x08000986   0x00000002   PAD
    0x08000988   0x08000988   0x0000032c   Code   RO         2117    .text               mc_w.l(_scanf.o)
    0x08000cb4   0x08000cb4   0x000000ba   Code   RO         2120    .text               mf_w.l(depilogue.o)
    0x08000d6e   0x08000d6e   0x00000002   PAD
    0x08000d70   0x08000d70   0x00000028   Code   RO         2122    .text               mc_w.l(ctype_c.o)
    0x08000d98   0x08000d98   0x00000002   Code   RO          215    .text.BusFault_Handler  stm32u5xx_it.o
    0x08000d9a   0x08000d9a   0x00000002   PAD
    0x08000d9c   0x08000d9c   0x00000110   Code   RO          146    .text.DHT11_Check   dht11.o
    0x08000eac   0x08000eac   0x00000022   Code   RO          138    .text.DHT11_Delay_Init  dht11.o
    0x08000ece   0x08000ece   0x00000002   PAD
    0x08000ed0   0x08000ed0   0x000001f0   Code   RO          154    .text.DHT11_Operation  dht11.o
    0x080010c0   0x080010c0   0x000000fa   Code   RO          148    .text.DHT11_Read_Bit  dht11.o
    0x080011ba   0x080011ba   0x00000002   PAD
    0x080011bc   0x080011bc   0x00000278   Code   RO          152    .text.DHT11_Read_Data  dht11.o
    0x08001434   0x08001434   0x00000002   Code   RO          221    .text.DebugMon_Handler  stm32u5xx_it.o
    0x08001436   0x08001436   0x00000002   PAD
    0x08001438   0x08001438   0x0000000a   Code   RO          182    .text.Error_Handler  main.o
    0x08001442   0x08001442   0x00000002   PAD
    0x08001444   0x08001444   0x0000008a   Code   RO          530    .text.FLASH_WaitForLastOperation  stm32u5xx_hal_flash.o
    0x080014ce   0x080014ce   0x00000002   PAD
    0x080014d0   0x080014d0   0x0000003c   Code   RO           52    .text.Flash_Erase   flash.o
    0x0800150c   0x0800150c   0x00000006   Code   RO           56    .text.Flash_Read    flash.o
    0x08001512   0x08001512   0x00000002   PAD
    0x08001514   0x08001514   0x0000001c   Code   RO           54    .text.Flash_Write   flash.o
    0x08001530   0x08001530   0x0000000c   Code   RO          229    .text.GPDMA1_Channel0_IRQHandler  stm32u5xx_it.o
    0x0800153c   0x0800153c   0x0000000c   Code   RO          231    .text.GPDMA1_Channel1_IRQHandler  stm32u5xx_it.o
    0x08001548   0x08001548   0x0000000c   Code   RO          233    .text.GPDMA1_Channel2_IRQHandler  stm32u5xx_it.o
    0x08001554   0x08001554   0x0000000c   Code   RO          235    .text.GPDMA1_Channel3_IRQHandler  stm32u5xx_it.o
    0x08001560   0x08001560   0x000000d4   Code   RO          670    .text.HAL_DMAEx_List_Start_IT  stm32u5xx_hal_dma_ex.o
    0x08001634   0x08001634   0x000000a8   Code   RO          634    .text.HAL_DMA_Abort  stm32u5xx_hal_dma.o
    0x080016dc   0x080016dc   0x00000028   Code   RO          636    .text.HAL_DMA_Abort_IT  stm32u5xx_hal_dma.o
    0x08001704   0x08001704   0x0000003a   Code   RO          650    .text.HAL_DMA_ConfigChannelAttributes  stm32u5xx_hal_dma.o
    0x0800173e   0x0800173e   0x00000002   PAD
    0x08001740   0x08001740   0x00000004   Code   RO          648    .text.HAL_DMA_GetError  stm32u5xx_hal_dma.o
    0x08001744   0x08001744   0x000001c2   Code   RO          640    .text.HAL_DMA_IRQHandler  stm32u5xx_hal_dma.o
    0x08001906   0x08001906   0x00000002   PAD
    0x08001908   0x08001908   0x0000058a   Code   RO          626    .text.HAL_DMA_Init  stm32u5xx_hal_dma.o
    0x08001e92   0x08001e92   0x00000002   PAD
    0x08001e94   0x08001e94   0x000000a6   Code   RO          632    .text.HAL_DMA_Start_IT  stm32u5xx_hal_dma.o
    0x08001f3a   0x08001f3a   0x00000002   PAD
    0x08001f3c   0x08001f3c   0x00000028   Code   RO          348    .text.HAL_Delay     stm32u5xx_hal.o
    0x08001f64   0x08001f64   0x00000108   Code   RO          561    .text.HAL_FLASHEx_Erase  stm32u5xx_hal_flash_ex.o
    0x0800206c   0x0800206c   0x00000018   Code   RO          542    .text.HAL_FLASH_Lock  stm32u5xx_hal_flash.o
    0x08002084   0x08002084   0x000001cc   Code   RO          528    .text.HAL_FLASH_Program  stm32u5xx_hal_flash.o
    0x08002250   0x08002250   0x0000002e   Code   RO          540    .text.HAL_FLASH_Unlock  stm32u5xx_hal_flash.o
    0x0800227e   0x0800227e   0x00000002   PAD
    0x08002280   0x08002280   0x00000090   Code   RO          994    .text.HAL_FMAC_Init  stm32u5xx_hal_fmac.o
    0x08002310   0x08002310   0x00000030   Code   RO          250    .text.HAL_FMAC_MspInit  stm32u5xx_hal_msp.o
    0x08002340   0x08002340   0x00000252   Code   RO          595    .text.HAL_GPIO_Init  stm32u5xx_hal_gpio.o
    0x08002592   0x08002592   0x00000002   PAD
    0x08002594   0x08002594   0x0000000a   Code   RO          599    .text.HAL_GPIO_ReadPin  stm32u5xx_hal_gpio.o
    0x0800259e   0x0800259e   0x00000002   PAD
    0x080025a0   0x080025a0   0x0000000c   Code   RO          601    .text.HAL_GPIO_WritePin  stm32u5xx_hal_gpio.o
    0x080025ac   0x080025ac   0x0000000c   Code   RO          340    .text.HAL_GetTick   stm32u5xx_hal.o
    0x080025b8   0x080025b8   0x00000020   Code   RO          950    .text.HAL_ICACHE_ConfigAssociativityMode  stm32u5xx_hal_icache.o
    0x080025d8   0x080025d8   0x00000044   Code   RO          964    .text.HAL_ICACHE_Disable  stm32u5xx_hal_icache.o
    0x0800261c   0x0800261c   0x00000014   Code   RO          962    .text.HAL_ICACHE_Enable  stm32u5xx_hal_icache.o
    0x08002630   0x08002630   0x00000022   Code   RO          176    .text.HAL_IncTick   main.o
    0x08002652   0x08002652   0x00000002   PAD
    0x08002654   0x08002654   0x00000056   Code   RO          328    .text.HAL_Init      stm32u5xx_hal.o
    0x080026aa   0x080026aa   0x00000002   PAD
    0x080026ac   0x080026ac   0x0000004e   Code   RO          330    .text.HAL_InitTick  stm32u5xx_hal.o
    0x080026fa   0x080026fa   0x00000002   PAD
    0x080026fc   0x080026fc   0x00000002   Code   RO         1172    .text.HAL_LPTIM_AutoReloadMatchCallback  stm32u5xx_hal_lptim.o
    0x080026fe   0x080026fe   0x00000002   PAD
    0x08002700   0x08002700   0x00000002   Code   RO         1178    .text.HAL_LPTIM_AutoReloadWriteCallback  stm32u5xx_hal_lptim.o
    0x08002702   0x08002702   0x00000002   PAD
    0x08002704   0x08002704   0x00000002   Code   RO         1168    .text.HAL_LPTIM_CompareMatchCallback  stm32u5xx_hal_lptim.o
    0x08002706   0x08002706   0x00000002   PAD
    0x08002708   0x08002708   0x00000002   Code   RO         1176    .text.HAL_LPTIM_CompareWriteCallback  stm32u5xx_hal_lptim.o
    0x0800270a   0x0800270a   0x00000002   PAD
    0x0800270c   0x0800270c   0x000000c2   Code   RO         1132    .text.HAL_LPTIM_Counter_Start_IT  stm32u5xx_hal_lptim.o
    0x080027ce   0x080027ce   0x00000002   PAD
    0x080027d0   0x080027d0   0x00000002   Code   RO         1182    .text.HAL_LPTIM_DirectionDownCallback  stm32u5xx_hal_lptim.o
    0x080027d2   0x080027d2   0x00000002   PAD
    0x080027d4   0x080027d4   0x00000002   Code   RO         1180    .text.HAL_LPTIM_DirectionUpCallback  stm32u5xx_hal_lptim.o
    0x080027d6   0x080027d6   0x00000002   PAD
    0x080027d8   0x080027d8   0x00000002   Code   RO         1166    .text.HAL_LPTIM_IC_CaptureCallback  stm32u5xx_hal_lptim.o
    0x080027da   0x080027da   0x00000002   PAD
    0x080027dc   0x080027dc   0x00000002   Code   RO         1170    .text.HAL_LPTIM_IC_OverCaptureCallback  stm32u5xx_hal_lptim.o
    0x080027de   0x080027de   0x00000002   PAD
    0x080027e0   0x080027e0   0x000001f4   Code   RO         1164    .text.HAL_LPTIM_IRQHandler  stm32u5xx_hal_lptim.o
    0x080029d4   0x080029d4   0x000001d2   Code   RO         1068    .text.HAL_LPTIM_Init  stm32u5xx_hal_lptim.o
    0x08002ba6   0x08002ba6   0x00000002   PAD
    0x08002ba8   0x08002ba8   0x000000ba   Code   RO          254    .text.HAL_LPTIM_MspInit  stm32u5xx_hal_msp.o
    0x08002c62   0x08002c62   0x00000002   PAD
    0x08002c64   0x08002c64   0x00000002   Code   RO         1186    .text.HAL_LPTIM_RepCounterWriteCallback  stm32u5xx_hal_lptim.o
    0x08002c66   0x08002c66   0x00000002   PAD
    0x08002c68   0x08002c68   0x00000002   Code   RO         1174    .text.HAL_LPTIM_TriggerCallback  stm32u5xx_hal_lptim.o
    0x08002c6a   0x08002c6a   0x00000002   PAD
    0x08002c6c   0x08002c6c   0x00000002   Code   RO         1184    .text.HAL_LPTIM_UpdateEventCallback  stm32u5xx_hal_lptim.o
    0x08002c6e   0x08002c6e   0x00000002   PAD
    0x08002c70   0x08002c70   0x00000020   Code   RO          248    .text.HAL_MspInit   stm32u5xx_hal_msp.o
    0x08002c90   0x08002c90   0x00000022   Code   RO          284    .text.HAL_NVIC_EnableIRQ  stm32u5xx_hal_cortex.o
    0x08002cb2   0x08002cb2   0x00000002   PAD
    0x08002cb4   0x08002cb4   0x00000056   Code   RO          282    .text.HAL_NVIC_SetPriority  stm32u5xx_hal_cortex.o
    0x08002d0a   0x08002d0a   0x00000002   PAD
    0x08002d0c   0x08002d0c   0x00000020   Code   RO          280    .text.HAL_NVIC_SetPriorityGrouping  stm32u5xx_hal_cortex.o
    0x08002d2c   0x08002d2c   0x000000b4   Code   RO          823    .text.HAL_PWREx_ConfigSupply  stm32u5xx_hal_pwr_ex.o
    0x08002de0   0x08002de0   0x000000e2   Code   RO          819    .text.HAL_PWREx_ControlVoltageScaling  stm32u5xx_hal_pwr_ex.o
    0x08002ec2   0x08002ec2   0x00000002   PAD
    0x08002ec4   0x08002ec4   0x00000012   Code   RO          889    .text.HAL_PWREx_DisableUCPDDeadBattery  stm32u5xx_hal_pwr_ex.o
    0x08002ed6   0x08002ed6   0x00000002   PAD
    0x08002ed8   0x08002ed8   0x00000012   Code   RO          855    .text.HAL_PWREx_EnableVddIO2  stm32u5xx_hal_pwr_ex.o
    0x08002eea   0x08002eea   0x00000002   PAD
    0x08002eec   0x08002eec   0x00000010   Code   RO          821    .text.HAL_PWREx_GetVoltageRange  stm32u5xx_hal_pwr_ex.o
    0x08002efc   0x08002efc   0x00000012   Code   RO          775    .text.HAL_PWR_EnableBkUpAccess  stm32u5xx_hal_pwr.o
    0x08002f0e   0x08002f0e   0x00000002   PAD
    0x08002f10   0x08002f10   0x00000198   Code   RO          456    .text.HAL_RCCEx_GetPLL1ClockFreq  stm32u5xx_hal_rcc_ex.o
    0x080030a8   0x080030a8   0x00000198   Code   RO          458    .text.HAL_RCCEx_GetPLL2ClockFreq  stm32u5xx_hal_rcc_ex.o
    0x08003240   0x08003240   0x00000198   Code   RO          460    .text.HAL_RCCEx_GetPLL3ClockFreq  stm32u5xx_hal_rcc_ex.o
    0x080033d8   0x080033d8   0x000008fe   Code   RO          462    .text.HAL_RCCEx_GetPeriphCLKFreq  stm32u5xx_hal_rcc_ex.o
    0x08003cd6   0x08003cd6   0x00000002   PAD
    0x08003cd8   0x08003cd8   0x00000656   Code   RO          448    .text.HAL_RCCEx_PeriphCLKConfig  stm32u5xx_hal_rcc_ex.o
    0x0800432e   0x0800432e   0x00000002   PAD
    0x08004330   0x08004330   0x000002fa   Code   RO          412    .text.HAL_RCC_ClockConfig  stm32u5xx_hal_rcc.o
    0x0800462a   0x0800462a   0x00000002   PAD
    0x0800462c   0x0800462c   0x0000002c   Code   RO          410    .text.HAL_RCC_GetHCLKFreq  stm32u5xx_hal_rcc.o
    0x08004658   0x08004658   0x0000003e   Code   RO          418    .text.HAL_RCC_GetPCLK1Freq  stm32u5xx_hal_rcc.o
    0x08004696   0x08004696   0x00000002   PAD
    0x08004698   0x08004698   0x0000003e   Code   RO          420    .text.HAL_RCC_GetPCLK2Freq  stm32u5xx_hal_rcc.o
    0x080046d6   0x080046d6   0x00000002   PAD
    0x080046d8   0x080046d8   0x0000003e   Code   RO          422    .text.HAL_RCC_GetPCLK3Freq  stm32u5xx_hal_rcc.o
    0x08004716   0x08004716   0x00000002   PAD
    0x08004718   0x08004718   0x00000108   Code   RO          414    .text.HAL_RCC_GetSysClockFreq  stm32u5xx_hal_rcc.o
    0x08004820   0x08004820   0x00000b6c   Code   RO          408    .text.HAL_RCC_OscConfig  stm32u5xx_hal_rcc.o
    0x0800538c   0x0800538c   0x00000002   Code   RO         1512    .text.HAL_RTCEx_AlarmBEventCallback  stm32u5xx_hal_rtc_ex.o
    0x0800538e   0x0800538e   0x00000002   PAD
    0x08005390   0x08005390   0x0000003a   Code   RO         1600    .text.HAL_RTCEx_PrivilegeModeSet  stm32u5xx_hal_rtc_ex.o
    0x080053ca   0x080053ca   0x00000002   PAD
    0x080053cc   0x080053cc   0x00000010   Code   RO          128    .text.HAL_RTC_AlarmAEventCallback  rtc.o
    0x080053dc   0x080053dc   0x00000040   Code   RO         1432    .text.HAL_RTC_AlarmIRQHandler  stm32u5xx_hal_rtc.o
    0x0800541c   0x0800541c   0x000000da   Code   RO         1390    .text.HAL_RTC_Init  stm32u5xx_hal_rtc.o
    0x080054f6   0x080054f6   0x00000002   PAD
    0x080054f8   0x080054f8   0x00000078   Code   RO          262    .text.HAL_RTC_MspInit  stm32u5xx_hal_msp.o
    0x08005570   0x08005570   0x0000021a   Code   RO         1426    .text.HAL_RTC_SetAlarm_IT  stm32u5xx_hal_rtc.o
    0x0800578a   0x0800578a   0x00000002   PAD
    0x0800578c   0x0800578c   0x0000013c   Code   RO         1420    .text.HAL_RTC_SetDate  stm32u5xx_hal_rtc.o
    0x080058c8   0x080058c8   0x0000019e   Code   RO         1402    .text.HAL_RTC_SetTime  stm32u5xx_hal_rtc.o
    0x08005a66   0x08005a66   0x00000002   PAD
    0x08005a68   0x08005a68   0x0000002c   Code   RO          292    .text.HAL_SYSTICK_Config  stm32u5xx_hal_cortex.o
    0x08005a94   0x08005a94   0x00000002   Code   RO         1971    .text.HAL_TIMEx_Break2Callback  stm32u5xx_hal_tim_ex.o
    0x08005a96   0x08005a96   0x00000002   PAD
    0x08005a98   0x08005a98   0x00000002   Code   RO         1969    .text.HAL_TIMEx_BreakCallback  stm32u5xx_hal_tim_ex.o
    0x08005a9a   0x08005a9a   0x00000002   PAD
    0x08005a9c   0x08005a9c   0x00000002   Code   RO         1965    .text.HAL_TIMEx_CommutCallback  stm32u5xx_hal_tim_ex.o
    0x08005a9e   0x08005a9e   0x00000002   PAD
    0x08005aa0   0x08005aa0   0x00000002   Code   RO         1975    .text.HAL_TIMEx_DirectionChangeCallback  stm32u5xx_hal_tim_ex.o
    0x08005aa2   0x08005aa2   0x00000002   PAD
    0x08005aa4   0x08005aa4   0x00000002   Code   RO         1973    .text.HAL_TIMEx_EncoderIndexCallback  stm32u5xx_hal_tim_ex.o
    0x08005aa6   0x08005aa6   0x00000002   PAD
    0x08005aa8   0x08005aa8   0x00000002   Code   RO         1977    .text.HAL_TIMEx_IndexErrorCallback  stm32u5xx_hal_tim_ex.o
    0x08005aaa   0x08005aaa   0x00000002   PAD
    0x08005aac   0x08005aac   0x0000015e   Code   RO         1915    .text.HAL_TIMEx_MasterConfigSynchronization  stm32u5xx_hal_tim_ex.o
    0x08005c0a   0x08005c0a   0x00000002   PAD
    0x08005c0c   0x08005c0c   0x00000002   Code   RO         1979    .text.HAL_TIMEx_TransitionErrorCallback  stm32u5xx_hal_tim_ex.o
    0x08005c0e   0x08005c0e   0x00000002   PAD
    0x08005c10   0x08005c10   0x00000062   Code   RO         1612    .text.HAL_TIM_Base_Init  stm32u5xx_hal_tim.o
    0x08005c72   0x08005c72   0x00000002   PAD
    0x08005c74   0x08005c74   0x0000002a   Code   RO          266    .text.HAL_TIM_Base_MspInit  stm32u5xx_hal_msp.o
    0x08005c9e   0x08005c9e   0x00000002   PAD
    0x08005ca0   0x08005ca0   0x00000214   Code   RO         1800    .text.HAL_TIM_ConfigClockSource  stm32u5xx_hal_tim.o
    0x08005eb4   0x08005eb4   0x00000002   Code   RO         1750    .text.HAL_TIM_IC_CaptureCallback  stm32u5xx_hal_tim.o
    0x08005eb6   0x08005eb6   0x00000002   PAD
    0x08005eb8   0x08005eb8   0x00000210   Code   RO         1748    .text.HAL_TIM_IRQHandler  stm32u5xx_hal_tim.o
    0x080060c8   0x080060c8   0x0000004e   Code   RO          268    .text.HAL_TIM_MspPostInit  stm32u5xx_hal_msp.o
    0x08006116   0x08006116   0x00000002   PAD
    0x08006118   0x08006118   0x00000002   Code   RO         1752    .text.HAL_TIM_OC_DelayElapsedCallback  stm32u5xx_hal_tim.o
    0x0800611a   0x0800611a   0x00000002   PAD
    0x0800611c   0x0800611c   0x0000028e   Code   RO         1774    .text.HAL_TIM_PWM_ConfigChannel  stm32u5xx_hal_tim.o
    0x080063aa   0x080063aa   0x00000002   PAD
    0x080063ac   0x080063ac   0x00000062   Code   RO         1668    .text.HAL_TIM_PWM_Init  stm32u5xx_hal_tim.o
    0x0800640e   0x0800640e   0x00000002   PAD
    0x08006410   0x08006410   0x00000002   Code   RO         1670    .text.HAL_TIM_PWM_MspInit  stm32u5xx_hal_tim.o
    0x08006412   0x08006412   0x00000002   PAD
    0x08006414   0x08006414   0x00000002   Code   RO         1754    .text.HAL_TIM_PWM_PulseFinishedCallback  stm32u5xx_hal_tim.o
    0x08006416   0x08006416   0x00000002   PAD
    0x08006418   0x08006418   0x00000260   Code   RO         1676    .text.HAL_TIM_PWM_Start  stm32u5xx_hal_tim.o
    0x08006678   0x08006678   0x00000032   Code   RO          184    .text.HAL_TIM_PeriodElapsedCallback  main.o
    0x080066aa   0x080066aa   0x00000002   PAD
    0x080066ac   0x080066ac   0x00000002   Code   RO         1758    .text.HAL_TIM_TriggerCallback  stm32u5xx_hal_tim.o
    0x080066ae   0x080066ae   0x00000002   PAD
    0x080066b0   0x080066b0   0x00000036   Code   RO         1363    .text.HAL_UARTEx_DisableFifoMode  stm32u5xx_hal_uart_ex.o
    0x080066e6   0x080066e6   0x00000002   PAD
    0x080066e8   0x080066e8   0x00000002   Code   RO         1294    .text.HAL_UARTEx_RxEventCallback  stm32u5xx_hal_uart.o
    0x080066ea   0x080066ea   0x00000002   PAD
    0x080066ec   0x080066ec   0x00000002   Code   RO         1349    .text.HAL_UARTEx_RxFifoFullCallback  stm32u5xx_hal_uart_ex.o
    0x080066ee   0x080066ee   0x00000002   PAD
    0x080066f0   0x080066f0   0x00000090   Code   RO         1367    .text.HAL_UARTEx_SetRxFifoThreshold  stm32u5xx_hal_uart_ex.o
    0x08006780   0x08006780   0x00000090   Code   RO         1365    .text.HAL_UARTEx_SetTxFifoThreshold  stm32u5xx_hal_uart_ex.o
    0x08006810   0x08006810   0x00000002   Code   RO         1351    .text.HAL_UARTEx_TxFifoEmptyCallback  stm32u5xx_hal_uart_ex.o
    0x08006812   0x08006812   0x00000002   PAD
    0x08006814   0x08006814   0x00000288   Code   RO         1260    .text.HAL_UART_DMAStop  stm32u5xx_hal_uart.o
    0x08006a9c   0x08006a9c   0x00000002   Code   RO         1292    .text.HAL_UART_ErrorCallback  stm32u5xx_hal_uart.o
    0x08006a9e   0x08006a9e   0x00000002   PAD
    0x08006aa0   0x08006aa0   0x00000572   Code   RO         1288    .text.HAL_UART_IRQHandler  stm32u5xx_hal_uart.o
    0x08007012   0x08007012   0x00000002   PAD
    0x08007014   0x08007014   0x000000d6   Code   RO         1204    .text.HAL_UART_Init  stm32u5xx_hal_uart.o
    0x080070ea   0x080070ea   0x00000002   PAD
    0x080070ec   0x080070ec   0x00000366   Code   RO          258    .text.HAL_UART_MspInit  stm32u5xx_hal_msp.o
    0x08007452   0x08007452   0x00000002   PAD
    0x08007454   0x08007454   0x000000b8   Code   RO         1252    .text.HAL_UART_Receive_DMA  stm32u5xx_hal_uart.o
    0x0800750c   0x0800750c   0x00000002   Code   RO         1300    .text.HAL_UART_RxCpltCallback  stm32u5xx_hal_uart.o
    0x0800750e   0x0800750e   0x00000002   PAD
    0x08007510   0x08007510   0x00000002   Code   RO         1302    .text.HAL_UART_RxHalfCpltCallback  stm32u5xx_hal_uart.o
    0x08007512   0x08007512   0x00000002   PAD
    0x08007514   0x08007514   0x000000f2   Code   RO         1224    .text.HAL_UART_Transmit  stm32u5xx_hal_uart.o
    0x08007606   0x08007606   0x00000002   PAD
    0x08007608   0x08007608   0x00000002   Code   RO         1296    .text.HAL_UART_TxCpltCallback  stm32u5xx_hal_uart.o
    0x0800760a   0x0800760a   0x00000002   PAD
    0x0800760c   0x0800760c   0x00000002   Code   RO          211    .text.HardFault_Handler  stm32u5xx_it.o
    0x0800760e   0x0800760e   0x00000002   PAD
    0x08007610   0x08007610   0x0000002e   Code   RO          156    .text.LPTIM1_IRQHandler  dht11.o
    0x0800763e   0x0800763e   0x00000002   PAD
    0x08007640   0x08007640   0x0000000c   Code   RO          239    .text.LPTIM2_IRQHandler  stm32u5xx_it.o
    0x0800764c   0x0800764c   0x00000002   Code   RO          213    .text.MemManage_Handler  stm32u5xx_it.o
    0x0800764e   0x0800764e   0x00000002   PAD
    0x08007650   0x08007650   0x00000184   Code   RO           72    .text.Motor_Operation  motor.o
    0x080077d4   0x080077d4   0x00000002   Code   RO          209    .text.NMI_Handler   stm32u5xx_it.o
    0x080077d6   0x080077d6   0x00000002   PAD
    0x080077d8   0x080077d8   0x000000c0   Code   RO          126    .text.ParseAndSetRTC  rtc.o
    0x08007898   0x08007898   0x000001ac   Code   RO           90    .text.Parse_MQTTData  uart.o
    0x08007a44   0x08007a44   0x00000002   Code   RO          223    .text.PendSV_Handler  stm32u5xx_it.o
    0x08007a46   0x08007a46   0x00000002   PAD
    0x08007a48   0x08007a48   0x000000f2   Code   RO          450    .text.RCCEx_PLL2_Config  stm32u5xx_hal_rcc_ex.o
    0x08007b3a   0x08007b3a   0x00000002   PAD
    0x08007b3c   0x08007b3c   0x000000f2   Code   RO          452    .text.RCCEx_PLL3_Config  stm32u5xx_hal_rcc_ex.o
    0x08007c2e   0x08007c2e   0x00000002   PAD
    0x08007c30   0x08007c30   0x00000090   Code   RO         1396    .text.RTC_ExitInitMode  stm32u5xx_hal_rtc.o
    0x08007cc0   0x08007cc0   0x0000000c   Code   RO          227    .text.RTC_IRQHandler  stm32u5xx_it.o
    0x08007ccc   0x08007ccc   0x00000002   Code   RO          219    .text.SVC_Handler   stm32u5xx_it.o
    0x08007cce   0x08007cce   0x00000002   PAD
    0x08007cd0   0x08007cd0   0x00000004   Code   RO          225    .text.SysTick_Handler  stm32u5xx_it.o
    0x08007cd4   0x08007cd4   0x00000092   Code   RO          180    .text.SystemClock_Config  main.o
    0x08007d66   0x08007d66   0x00000002   PAD
    0x08007d68   0x08007d68   0x0000004c   Code   RO         1998    .text.SystemInit    system_stm32u5xx.o
    0x08007db4   0x08007db4   0x0000000c   Code   RO          237    .text.TIM1_UP_IRQHandler  stm32u5xx_it.o
    0x08007dc0   0x08007dc0   0x0000027e   Code   RO         1616    .text.TIM_Base_SetConfig  stm32u5xx_hal_tim.o
    0x0800803e   0x0800803e   0x00000002   PAD
    0x08008040   0x08008040   0x00000168   Code   RO         1762    .text.TIM_OC1_SetConfig  stm32u5xx_hal_tim.o
    0x080081a8   0x080081a8   0x0000012a   Code   RO         1764    .text.TIM_OC2_SetConfig  stm32u5xx_hal_tim.o
    0x080082d2   0x080082d2   0x00000002   PAD
    0x080082d4   0x080082d4   0x0000012a   Code   RO         1766    .text.TIM_OC3_SetConfig  stm32u5xx_hal_tim.o
    0x080083fe   0x080083fe   0x00000002   PAD
    0x08008400   0x08008400   0x0000012a   Code   RO         1768    .text.TIM_OC4_SetConfig  stm32u5xx_hal_tim.o
    0x0800852a   0x0800852a   0x00000002   PAD
    0x0800852c   0x0800852c   0x000000ea   Code   RO         1210    .text.UART_AdvFeatureConfig  stm32u5xx_hal_uart.o
    0x08008616   0x08008616   0x00000002   PAD
    0x08008618   0x08008618   0x00000010   Code   RO         1290    .text.UART_DMAAbortOnError  stm32u5xx_hal_uart.o
    0x08008628   0x08008628   0x000001da   Code   RO         1250    .text.UART_DMAError  stm32u5xx_hal_uart.o
    0x08008802   0x08008802   0x00000002   PAD
    0x08008804   0x08008804   0x00000110   Code   RO         1334    .text.UART_DMAReceiveCplt  stm32u5xx_hal_uart.o
    0x08008914   0x08008914   0x00000016   Code   RO         1336    .text.UART_DMARxHalfCplt  stm32u5xx_hal_uart.o
    0x0800892a   0x0800892a   0x00000002   PAD
    0x0800892c   0x0800892c   0x0000020a   Code   RO         1208    .text.UART_SetConfig  stm32u5xx_hal_uart.o
    0x08008b36   0x08008b36   0x00000002   PAD
    0x08008b38   0x08008b38   0x0000018a   Code   RO         1254    .text.UART_Start_Receive_DMA  stm32u5xx_hal_uart.o
    0x08008cc2   0x08008cc2   0x00000002   PAD
    0x08008cc4   0x08008cc4   0x0000020e   Code   RO         1226    .text.UART_WaitOnFlagUntilTimeout  stm32u5xx_hal_uart.o
    0x08008ed2   0x08008ed2   0x00000002   PAD
    0x08008ed4   0x08008ed4   0x000001b0   Code   RO           92    .text.USART2_IRQHandler  uart.o
    0x08009084   0x08009084   0x0000003c   Code   RO           86    .text.Uart_printf   uart.o
    0x080090c0   0x080090c0   0x00000002   Code   RO          217    .text.UsageFault_Handler  stm32u5xx_it.o
    0x080090c2   0x080090c2   0x00000002   PAD
    0x080090c4   0x080090c4   0x00000016   Code   RO           94    .text.Voice_Remind  uart.o
    0x080090da   0x080090da   0x00000002   PAD
    0x080090dc   0x080090dc   0x00000632   Code   RO          178    .text.main          main.o
    0x0800970e   0x0800970e   0x00000002   PAD
    0x08009710   0x08009710   0x00000034   Code   RO         2032    i.__0vsnprintf      mc_w.l(printfa.o)
    0x08009744   0x08009744   0x0000000e   Code   RO         2127    i.__scatterload_copy  mc_w.l(handlers.o)
    0x08009752   0x08009752   0x00000002   Code   RO         2128    i.__scatterload_null  mc_w.l(handlers.o)
    0x08009754   0x08009754   0x0000000e   Code   RO         2129    i.__scatterload_zeroinit  mc_w.l(handlers.o)
    0x08009762   0x08009762   0x00000002   PAD
    0x08009764   0x08009764   0x00000184   Code   RO         2034    i._fp_digits        mc_w.l(printfa.o)
    0x080098e8   0x080098e8   0x000006dc   Code   RO         2035    i._printf_core      mc_w.l(printfa.o)
    0x08009fc4   0x08009fc4   0x00000024   Code   RO         2036    i._printf_post_padding  mc_w.l(printfa.o)
    0x08009fe8   0x08009fe8   0x0000002e   Code   RO         2037    i._printf_pre_padding  mc_w.l(printfa.o)
    0x0800a016   0x0800a016   0x00000016   Code   RO         2038    i._snputc           mc_w.l(printfa.o)
    0x0800a02c   0x0800a02c   0x00000040   Data   RO         2123    .constdata          mc_w.l(ctype_c.o)
    0x0800a06c   0x0800a06c   0x00000014   Data   RO           76    .rodata..Lswitch.table.Motor_Operation.1  motor.o
    0x0800a080   0x0800a080   0x00000010   Data   RO         2003    .rodata.AHBPrescTable  system_stm32u5xx.o
    0x0800a090   0x0800a090   0x00000008   Data   RO         2004    .rodata.APBPrescTable  system_stm32u5xx.o
    0x0800a098   0x0800a098   0x00000080   Data   RO          617    .rodata.LPGPIO_Map  stm32u5xx_hal_gpio.o
    0x0800a118   0x0800a118   0x00000040   Data   RO         2005    .rodata.MSIRangeTable  system_stm32u5xx.o
    0x0800a158   0x0800a158   0x00000032   Data   RO          110    .rodata.Topic_CabinetLocation_SendCmd  uart.o
    0x0800a18a   0x0800a18a   0x00000030   Data   RO          112    .rodata.Topic_CloseCabinet_SendCmd  uart.o
    0x0800a1ba   0x0800a1ba   0x00000029   Data   RO          106    .rodata.Topic_Ping_SendCmd  uart.o
    0x0800a1e3   0x0800a1e3   0x00000001   PAD
    0x0800a1e4   0x0800a1e4   0x00000018   Data   RO         1338    .rodata.UARTPrescTable  stm32u5xx_hal_uart.o
    0x0800a1fc   0x0800a1fc   0x00000015   Data   RO          162    .rodata.Voice_CError  dht11.o
    0x0800a211   0x0800a211   0x00000017   Data   RO          164    .rodata.Voice_CHumid_High  dht11.o
    0x0800a228   0x0800a228   0x0000001b   Data   RO          165    .rodata.Voice_CTH_High  dht11.o
    0x0800a243   0x0800a243   0x00000017   Data   RO          163    .rodata.Voice_CTemp_High  dht11.o
    0x0800a25a   0x0800a25a   0x0000000d   Data   RO          100    .rodata.Voice_Connect  uart.o
    0x0800a267   0x0800a267   0x00000013   Data   RO          158    .rodata.Voice_NError  dht11.o
    0x0800a27a   0x0800a27a   0x00000015   Data   RO          160    .rodata.Voice_NHumid_High  dht11.o
    0x0800a28f   0x0800a28f   0x00000019   Data   RO          161    .rodata.Voice_NTH_High  dht11.o
    0x0800a2a8   0x0800a2a8   0x00000015   Data   RO          159    .rodata.Voice_NTemp_High  dht11.o
    0x0800a2bd   0x0800a2bd   0x00000010   Data   RO         1381    .rodata.cst8        stm32u5xx_hal_uart_ex.o
    0x0800a2cd   0x0800a2cd   0x00000002   Data   RO           75    .rodata.str1.1      motor.o
    0x0800a2cf   0x0800a2cf   0x00000016   Data   RO          117    .rodata.str1.1      uart.o
    0x0800a2e5   0x0800a2e5   0x00000030   Data   RO          166    .rodata.str1.1      dht11.o
    0x0800a315   0x0800a315   0x00000003   PAD
    0x0800a318   0x0800a318   0x00000020   Data   RO         2126    Region$$Table       anon$$obj.o


    Execution Region RW_IRAM1 (Exec base: 0x20000000, Load base: 0x0800a338, Size: 0x00001040, Max: 0x00040000, ABSOLUTE)

    Exec Addr    Load Addr    Size         Type   Attr      Idx    E Section Name        Object

    0x20000000   0x0800a338   0x00000004   Data   RW           77    .data..L_MergedGlobals  motor.o
    0x20000004   0x0800a33c   0x00000008   Data   RW          395    .data..L_MergedGlobals  stm32u5xx_hal.o
    0x2000000c   0x0800a344   0x00000001   Data   RW          167    .data.LPTIM1_IRQHandler.LPRepeat  dht11.o
    0x2000000d   0x0800a345   0x00000003   PAD
    0x20000010   0x0800a348   0x00000004   Data   RW         2002    .data.SystemCoreClock  system_stm32u5xx.o
    0x20000014   0x0800a34c   0x0000001c   Data   RW          552    .data.pFlash        stm32u5xx_hal_flash.o
    0x20000030        -       0x00000078   Zero   RW          200    .bss..L_MergedGlobals  main.o
    0x200000a8        -       0x00000001   Zero   RW           99    .bss.Cabinet_List   uart.o
    0x200000a9        -       0x00000001   Zero   RW           74    .bss.Read_Motor_Status  motor.o
    0x200000aa        -       0x00000200   Zero   RW           97    .bss.ReceiveCmd     uart.o
    0x200002aa        -       0x00000200   Zero   RW           96    .bss.ReceiveData    uart.o
    0x200004aa        -       0x00000200   Zero   RW           98    .bss.ReceiveTopic   uart.o
    0x200006aa   0x0800a368   0x00000002   PAD
    0x200006ac        -       0x00000078   Zero   RW          194    .bss.handle_GPDMA1_Channel0  main.o
    0x20000724        -       0x00000078   Zero   RW          193    .bss.handle_GPDMA1_Channel1  main.o
    0x2000079c        -       0x00000078   Zero   RW          196    .bss.handle_GPDMA1_Channel2  main.o
    0x20000814        -       0x00000078   Zero   RW          195    .bss.handle_GPDMA1_Channel3  main.o
    0x2000088c        -       0x00000038   Zero   RW          188    .bss.hfmac          main.o
    0x200008c4        -       0x00000050   Zero   RW          187    .bss.hlptim1        main.o
    0x20000914        -       0x00000050   Zero   RW          189    .bss.hlptim2        main.o
    0x20000964        -       0x00000090   Zero   RW          190    .bss.hlpuart1       main.o
    0x200009f4        -       0x0000004c   Zero   RW          197    .bss.htim1          main.o
    0x20000a40        -       0x0000004c   Zero   RW          198    .bss.htim2          main.o
    0x20000a8c        -       0x00000090   Zero   RW          191    .bss.huart1         main.o
    0x20000b1c        -       0x00000090   Zero   RW          186    .bss.huart2         main.o
    0x20000bac        -       0x00000090   Zero   RW          192    .bss.huart3         main.o
    0x20000c3c        -       0x00000004   Zero   RW          394    .bss.uwTick         stm32u5xx_hal.o
    0x20000c40        -       0x00000400   Zero   RW           42    STACK               startup_stm32u575xx.o


==============================================================================

Image component sizes


      Code (inc. data)   RO Data    RW Data    ZI Data      Debug   Object Name

      1730        136        228          1          0      16483   dht11.o
        94          0          0          0          0       1638   flash.o
      1826          0          0          0       1544      21344   main.o
       388          0         22          4          1       2865   motor.o
       208         32          0          0          0       3830   rtc.o
        40         10        564          0       1024        876   startup_stm32u575xx.o
       216          0          0          8          4      11454   stm32u5xx_hal.o
       196          0          0          0          0      14032   stm32u5xx_hal_cortex.o
      2304          0          0          0          0      11502   stm32u5xx_hal_dma.o
       212          0          0          0          0      43132   stm32u5xx_hal_dma_ex.o
       668          0          0         28          0      10919   stm32u5xx_hal_flash.o
       264          0          0          0          0       9465   stm32u5xx_hal_flash_ex.o
       144          0          0          0          0      20984   stm32u5xx_hal_fmac.o
       616          0        128          0          0       6929   stm32u5xx_hal_gpio.o
       120          0          0          0          0       6597   stm32u5xx_hal_icache.o
      1182          0          0          0          0      30874   stm32u5xx_hal_lptim.o
      1376          0          0          0          0      19877   stm32u5xx_hal_msp.o
        18          0          0          0          0       6080   stm32u5xx_hal_pwr.o
       458          0          0          0          0      14365   stm32u5xx_hal_pwr_ex.o
      4180         12          0          0          0      15257   stm32u5xx_hal_rcc.o
      5632        296          0          0          0      21186   stm32u5xx_hal_rcc_ex.o
      1694          0          0          0          0      16240   stm32u5xx_hal_rtc.o
        60          0          0          0          0      24346   stm32u5xx_hal_rtc_ex.o
      4420         18          0          0          0      75541   stm32u5xx_hal_tim.o
       364          0          0          0          0      32534   stm32u5xx_hal_tim_ex.o
      5152          0         24          0          0      37813   stm32u5xx_hal_uart.o
       346          0         16          0          0      12547   stm32u5xx_hal_uart_ex.o
       104          0          0          0          0       8834   stm32u5xx_it.o
        76          0         88          4          0       4249   system_stm32u5xx.o
       942         48        174          0       1537       8561   uart.o

    ----------------------------------------------------------------------
     35232        552       1280         48       4112     510354   Object Totals
         0          0         32          0          0          0   (incl. Generated)
       202          0          4          3          2          0   (incl. Padding)

    ----------------------------------------------------------------------

      Code (inc. data)   RO Data    RW Data    ZI Data      Debug   Library Member Name

        56          8          0          0          0         84   __0sscanf.o
        28          0          0          0          0         68   _chval.o
       812          4          0          0          0        112   _scanf.o
       332          0          0          0          0         96   _scanf_int.o
        64          0          0          0          0         84   _sgetc.o
        40          6         64          0          0         68   ctype_c.o
         0          0          0          0          0          0   entry.o
         0          0          0          0          0          0   entry10a.o
         0          0          0          0          0          0   entry11a.o
         8          4          0          0          0          0   entry2.o
         4          0          0          0          0          0   entry5.o
         0          0          0          0          0          0   entry7b.o
         0          0          0          0          0          0   entry8b.o
         8          4          0          0          0          0   entry9a.o
        30          0          0          0          0          0   handlers.o
        48         10          0          0          0         68   init.o
        10          0          0          0          0         68   isspace_c.o
         0          0          0          0          0          0   iusefp.o
        30          0          0          0          0         68   llshl.o
        36          0          0          0          0         68   llsshr.o
        32          0          0          0          0         68   llushr.o
        26          0          0          0          0         80   memcmp.o
        36          0          0          0          0        108   memseta.o
      2300         86          0          0          0        516   printfa.o
        40          8          0          0          0         84   scanf_char.o
        28          0          0          0          0         76   strcmp.o
        24          0          0          0          0         76   strncpy.o
        44          0          0          0          0         80   uidiv.o
        98          0          0          0          0         92   uldiv.o
        48          0          0          0          0         68   cdrcmple.o
       334          0          0          0          0        148   dadd.o
       222          0          0          0          0        100   ddiv.o
       186          0          0          0          0        176   depilogue.o
        48          0          0          0          0         68   dfixul.o
       228          0          0          0          0         96   dmul.o

    ----------------------------------------------------------------------
      5208        130         64          0          0       2620   Library Totals
         8          0          0          0          0          0   (incl. Padding)

    ----------------------------------------------------------------------

      Code (inc. data)   RO Data    RW Data    ZI Data      Debug   Library Name

      4134        130         64          0          0       1964   mc_w.l
      1066          0          0          0          0        656   mf_w.l

    ----------------------------------------------------------------------
      5208        130         64          0          0       2620   Library Totals

    ----------------------------------------------------------------------

==============================================================================


      Code (inc. data)   RO Data    RW Data    ZI Data      Debug   

     40440        682       1344         48       4112     511214   Grand Totals
     40440        682       1344         48       4112     511214   ELF Image Totals
     40440        682       1344         48          0          0   ROM Totals

==============================================================================

    Total RO  Size (Code + RO Data)                41784 (  40.80kB)
    Total RW  Size (RW Data + ZI Data)              4160 (   4.06kB)
    Total ROM Size (Code + RO Data + RW Data)      41832 (  40.85kB)

==============================================================================

