<html>
<body>
<pre>
<h1>µVision Build Log</h1>
<h2>Tool Versions:</h2>
IDE-Version: ¦ÌVision V5.39.0.0
Copyright (C) 2023 ARM Ltd and ARM Germany GmbH. All rights reserved.
License Information: 1 1, 1, LIC=MPPLD-8DQQI-KPCZY-I7X78-ZPP1D-ZKZKF
 
Tool Versions:
Toolchain:       MDK-ARM Plus  Version: 5.39.0.0
Toolchain Path:  F:\Keil 5\ARM\ARMCLANG\Bin
C Compiler:      ArmClang.exe V6.21
Assembler:       Armasm.exe V6.21
Linker/Locator:  ArmLink.exe V6.21
Library Manager: ArmAr.exe V6.21
Hex Converter:   FromElf.exe V6.21
CPU DLL:         
Dialog DLL:      
Target DLL:      STLink\ST-LINKIII-KEIL_SWO.dll V3.2.0.0
Dialog DLL:      TCM.DLL V1.56.4.0
 
<h2>Project:</h2>
g:\Stm32CubeMX\Project\MedicineBox\MDK-ARM\MedicineBox.uvprojx
Project File Date:  05/19/2025

<h2>Output:</h2>
*** Using Compiler 'V6.21', folder: 'F:\Keil 5\ARM\ARMCLANG\Bin'
Build target 'MedicineBox'
compiling Motor.c...
compiling stm32u5xx_hal.c...
compiling stm32u5xx_hal_msp.c...
compiling stm32u5xx_hal_i2c.c...
compiling stm32u5xx_hal_i2c_ex.c...
compiling stm32u5xx_it.c...
compiling RTC.c...
compiling stm32u5xx_hal_cortex.c...
compiling UART.c...
compiling stm32u5xx_hal_gpio.c...
compiling DHT11.c...
compiling main.c...
compiling stm32u5xx_hal_flash.c...
compiling stm32u5xx_hal_flash_ex.c...
compiling stm32u5xx_hal_rcc.c...
compiling stm32u5xx_hal_dma.c...
compiling stm32u5xx_hal_rcc_ex.c...
compiling stm32u5xx_hal_exti.c...
compiling stm32u5xx_hal_pwr.c...
compiling stm32u5xx_hal_gtzc.c...
compiling stm32u5xx_hal_icache.c...
compiling stm32u5xx_hal_pwr_ex.c...
compiling system_stm32u5xx.c...
compiling stm32u5xx_hal_uart_ex.c...
compiling stm32u5xx_hal_rtc.c...
compiling stm32u5xx_hal_fmac.c...
compiling stm32u5xx_hal_dma_ex.c...
compiling stm32u5xx_hal_rtc_ex.c...
compiling stm32u5xx_hal_tim_ex.c...
compiling stm32u5xx_hal_lptim.c...
compiling stm32u5xx_hal_uart.c...
compiling stm32u5xx_hal_tim.c...
linking...
Program Size: Code=40440 RO-data=1344 RW-data=48 ZI-data=4112  
FromELF: creating hex file...
"MedicineBox\MedicineBox.axf" - 0 Error(s), 0 Warning(s).

<h2>Software Packages used:</h2>

Package Vendor: ARM
                http://www.keil.com/pack/ARM.CMSIS.5.9.0.pack
                ARM::CMSIS@5.9.0
                CMSIS (Common Microcontroller Software Interface Standard)
   * Component: CORE Version: 5.6.0

Package Vendor: Keil
                https://www.keil.com/pack/Keil.STM32U5xx_DFP.3.0.0.pack
                Keil::STM32U5xx_DFP@3.0.0
                STMicroelectronics STM32U5 Series Device Support

<h2>Collection of Component include folders:</h2>
  ./RTE/_MedicineBox
  F:/Keil 5/ARM/PACK/ARM/CMSIS/5.9.0/CMSIS/Core/Include

<h2>Collection of Component Files used:</h2>

   * Component: ARM::CMSIS:CORE@5.6.0
      Include file:  CMSIS/Core/Include/tz_context.h
Build Time Elapsed:  00:00:02
</pre>
</body>
</html>
