Component: Arm Compiler for Embedded 6.21 Tool: armlink [5ec1fa00]

==============================================================================

Section Cross References

    oled.o(.text.OLED_I2C_Init) refers to stm32u5xx_hal_gpio.o(.text.HAL_GPIO_Init) for HAL_GPIO_Init
    oled.o(.text.OLED_I2C_Init) refers to stm32u5xx_hal_gpio.o(.text.HAL_GPIO_WritePin) for HAL_GPIO_WritePin
    oled.o(.ARM.exidx.text.OLED_I2C_Init) refers to oled.o(.text.OLED_I2C_Init) for [Anonymous Symbol]
    oled.o(.text.OLED_I2C_Start) refers to stm32u5xx_hal_gpio.o(.text.HAL_GPIO_WritePin) for HAL_GPIO_WritePin
    oled.o(.ARM.exidx.text.OLED_I2C_Start) refers to oled.o(.text.OLED_I2C_Start) for [Anonymous Symbol]
    oled.o(.text.OLED_I2C_Stop) refers to stm32u5xx_hal_gpio.o(.text.HAL_GPIO_WritePin) for HAL_GPIO_WritePin
    oled.o(.ARM.exidx.text.OLED_I2C_Stop) refers to oled.o(.text.OLED_I2C_Stop) for [Anonymous Symbol]
    oled.o(.text.OLED_I2C_SendByte) refers to stm32u5xx_hal_gpio.o(.text.HAL_GPIO_WritePin) for HAL_GPIO_WritePin
    oled.o(.ARM.exidx.text.OLED_I2C_SendByte) refers to oled.o(.text.OLED_I2C_SendByte) for [Anonymous Symbol]
    oled.o(.text.OLED_WriteCommand) refers to stm32u5xx_hal_gpio.o(.text.HAL_GPIO_WritePin) for HAL_GPIO_WritePin
    oled.o(.text.OLED_WriteCommand) refers to oled.o(.text.OLED_I2C_SendByte) for OLED_I2C_SendByte
    oled.o(.ARM.exidx.text.OLED_WriteCommand) refers to oled.o(.text.OLED_WriteCommand) for [Anonymous Symbol]
    oled.o(.text.OLED_WriteData) refers to stm32u5xx_hal_gpio.o(.text.HAL_GPIO_WritePin) for HAL_GPIO_WritePin
    oled.o(.text.OLED_WriteData) refers to oled.o(.text.OLED_I2C_SendByte) for OLED_I2C_SendByte
    oled.o(.ARM.exidx.text.OLED_WriteData) refers to oled.o(.text.OLED_WriteData) for [Anonymous Symbol]
    oled.o(.text.OLED_SetCursor) refers to oled.o(.text.OLED_WriteCommand) for OLED_WriteCommand
    oled.o(.ARM.exidx.text.OLED_SetCursor) refers to oled.o(.text.OLED_SetCursor) for [Anonymous Symbol]
    oled.o(.text.OLED_Clear) refers to oled.o(.text.OLED_WriteCommand) for OLED_WriteCommand
    oled.o(.text.OLED_Clear) refers to stm32u5xx_hal_gpio.o(.text.HAL_GPIO_WritePin) for HAL_GPIO_WritePin
    oled.o(.text.OLED_Clear) refers to oled.o(.text.OLED_I2C_SendByte) for OLED_I2C_SendByte
    oled.o(.ARM.exidx.text.OLED_Clear) refers to oled.o(.text.OLED_Clear) for [Anonymous Symbol]
    oled.o(.text.OLED_ShowChar) refers to oled.o(.text.OLED_WriteCommand) for OLED_WriteCommand
    oled.o(.text.OLED_ShowChar) refers to oled.o(.rodata.OLED_F8x16) for OLED_F8x16
    oled.o(.text.OLED_ShowChar) refers to oled.o(.text.OLED_WriteData) for OLED_WriteData
    oled.o(.ARM.exidx.text.OLED_ShowChar) refers to oled.o(.text.OLED_ShowChar) for [Anonymous Symbol]
    oled.o(.text.OLED_ShowString) refers to oled.o(.text.OLED_ShowChar) for OLED_ShowChar
    oled.o(.ARM.exidx.text.OLED_ShowString) refers to oled.o(.text.OLED_ShowString) for [Anonymous Symbol]
    oled.o(.ARM.exidx.text.OLED_Pow) refers to oled.o(.text.OLED_Pow) for [Anonymous Symbol]
    oled.o(.text.OLED_ShowNum) refers to oled.o(.text.OLED_ShowChar) for OLED_ShowChar
    oled.o(.ARM.exidx.text.OLED_ShowNum) refers to oled.o(.text.OLED_ShowNum) for [Anonymous Symbol]
    oled.o(.text.OLED_ShowSignedNum) refers to oled.o(.text.OLED_ShowChar) for OLED_ShowChar
    oled.o(.ARM.exidx.text.OLED_ShowSignedNum) refers to oled.o(.text.OLED_ShowSignedNum) for [Anonymous Symbol]
    oled.o(.text.OLED_ShowHexNum) refers to oled.o(.text.OLED_ShowChar) for OLED_ShowChar
    oled.o(.ARM.exidx.text.OLED_ShowHexNum) refers to oled.o(.text.OLED_ShowHexNum) for [Anonymous Symbol]
    oled.o(.text.OLED_ShowBinNum) refers to oled.o(.text.OLED_ShowChar) for OLED_ShowChar
    oled.o(.ARM.exidx.text.OLED_ShowBinNum) refers to oled.o(.text.OLED_ShowBinNum) for [Anonymous Symbol]
    oled.o(.text.OLED_Init) refers to stm32u5xx_hal_gpio.o(.text.HAL_GPIO_Init) for HAL_GPIO_Init
    oled.o(.text.OLED_Init) refers to stm32u5xx_hal_gpio.o(.text.HAL_GPIO_WritePin) for HAL_GPIO_WritePin
    oled.o(.text.OLED_Init) refers to oled.o(.text.OLED_WriteCommand) for OLED_WriteCommand
    oled.o(.text.OLED_Init) refers to oled.o(.text.OLED_Clear) for OLED_Clear
    oled.o(.ARM.exidx.text.OLED_Init) refers to oled.o(.text.OLED_Init) for [Anonymous Symbol]
    startup_stm32u575xx.o(RESET) refers to startup_stm32u575xx.o(STACK) for __initial_sp
    startup_stm32u575xx.o(RESET) refers to startup_stm32u575xx.o(.text) for Reset_Handler
    startup_stm32u575xx.o(RESET) refers to stm32u5xx_it.o(.text.NMI_Handler) for NMI_Handler
    startup_stm32u575xx.o(RESET) refers to stm32u5xx_it.o(.text.HardFault_Handler) for HardFault_Handler
    startup_stm32u575xx.o(RESET) refers to stm32u5xx_it.o(.text.MemManage_Handler) for MemManage_Handler
    startup_stm32u575xx.o(RESET) refers to stm32u5xx_it.o(.text.BusFault_Handler) for BusFault_Handler
    startup_stm32u575xx.o(RESET) refers to stm32u5xx_it.o(.text.UsageFault_Handler) for UsageFault_Handler
[...]
    TIM8_TRG_COM_IRQHandler                  0x08000265   Thumb Code     0  startup_stm32u575xx.o(.text)
    TIM8_UP_IRQHandler                       0x08000265   Thumb Code     0  startup_stm32u575xx.o(.text)
    TSC_IRQHandler                           0x08000265   Thumb Code     0  startup_stm32u575xx.o(.text)
    UART4_IRQHandler                         0x08000265   Thumb Code     0  startup_stm32u575xx.o(.text)
    UART5_IRQHandler                         0x08000265   Thumb Code     0  startup_stm32u575xx.o(.text)
    UCPD1_IRQHandler                         0x08000265   Thumb Code     0  startup_stm32u575xx.o(.text)
    USART1_IRQHandler                        0x08000265   Thumb Code     0  startup_stm32u575xx.o(.text)
    USART3_IRQHandler                        0x08000265   Thumb Code     0  startup_stm32u575xx.o(.text)
    WWDG_IRQHandler                          0x08000265   Thumb Code     0  startup_stm32u575xx.o(.text)
    __aeabi_uldivmod                         0x08000271   Thumb Code    98  uldiv.o(.text)
    __aeabi_memset                           0x080002d3   Thumb Code    14  memseta.o(.text)
    __aeabi_memset4                          0x080002d3   Thumb Code     0  memseta.o(.text)
    __aeabi_memset8                          0x080002d3   Thumb Code     0  memseta.o(.text)
    __aeabi_memclr                           0x080002e1   Thumb Code     4  memseta.o(.text)
    __aeabi_memclr4                          0x080002e1   Thumb Code     0  memseta.o(.text)
    __aeabi_memclr8                          0x080002e1   Thumb Code     0  memseta.o(.text)
    _memset$wrapper                          0x080002e5   Thumb Code    18  memseta.o(.text)
    strstr                                   0x080002f7   Thumb Code    36  strstr.o(.text)
    strchr                                   0x0800031b   Thumb Code    20  strchr.o(.text)
    strlen                                   0x0800032f   Thumb Code    14  strlen.o(.text)
    strncat                                  0x0800033d   Thumb Code    40  strncat.o(.text)
    strncmp                                  0x08000365   Thumb Code    30  strncmp.o(.text)
    strtok                                   0x08000385   Thumb Code    62  strtok.o(.text)
    __0sscanf                                0x080003c9   Thumb Code    48  __0sscanf.o(.text)
    _scanf_int                               0x08000401   Thumb Code   332  _scanf_int.o(.text)
    __aeabi_dadd                             0x0800054d   Thumb Code   322  dadd.o(.text)
    __aeabi_dsub                             0x0800068f   Thumb Code     6  dadd.o(.text)
    __aeabi_drsub                            0x08000695   Thumb Code     6  dadd.o(.text)
    __aeabi_dmul                             0x0800069b   Thumb Code   228  dmul.o(.text)
    __aeabi_ui2d                             0x0800077f   Thumb Code    26  dfltui.o(.text)
    __aeabi_d2f                              0x08000799   Thumb Code    56  d2f.o(.text)
    __aeabi_uidiv                            0x080007d1   Thumb Code     0  uidiv.o(.text)
    __aeabi_uidivmod                         0x080007d1   Thumb Code    44  uidiv.o(.text)
    __aeabi_llsl                             0x080007fd   Thumb Code    30  llshl.o(.text)
    _ll_shift_l                              0x080007fd   Thumb Code     0  llshl.o(.text)
    __aeabi_llsr                             0x0800081b   Thumb Code    32  llushr.o(.text)
    _ll_ushift_r                             0x0800081b   Thumb Code     0  llushr.o(.text)
    __aeabi_lasr                             0x0800083b   Thumb Code    36  llsshr.o(.text)
    _ll_sshift_r                             0x0800083b   Thumb Code     0  llsshr.o(.text)
    _chval                                   0x0800085f   Thumb Code    28  _chval.o(.text)
    __vfscanf_char                           0x08000889   Thumb Code    20  scanf_char.o(.text)
    _sgetc                                   0x080008a5   Thumb Code    30  _sgetc.o(.text)
    _sbackspace                              0x080008c3   Thumb Code    34  _sgetc.o(.text)
    __I$use$fp                               0x080008e5   Thumb Code     0  iusefp.o(.text)
    _float_round                             0x080008e5   Thumb Code    18  fepilogue.o(.text)
    _float_epilogue                          0x080008f7   Thumb Code    92  fepilogue.o(.text)
    _frem                                    0x08000953   Thumb Code    82  frem.o(.text)
    _double_round                            0x080009a5   Thumb Code    30  depilogue.o(.text)
    _double_epilogue                         0x080009c3   Thumb Code   156  depilogue.o(.text)
    __aeabi_ddiv                             0x08000a5f   Thumb Code   222  ddiv.o(.text)
    __aeabi_d2ulz                            0x08000b3d   Thumb Code    48  dfixul.o(.text)
    __aeabi_cdrcmple                         0x08000b6d   Thumb Code    48  cdrcmple.o(.text)
    __scatterload                            0x08000b9d   Thumb Code    38  init.o(.text)
    __scatterload_rt2                        0x08000b9d   Thumb Code     0  init.o(.text)
    isspace                                  0x08000bcd   Thumb Code    10  isspace_c.o(.text)
    __vfscanf                                0x08000bd9   Thumb Code   808  _scanf.o(.text)
    __ctype_lookup                           0x08000f05   Thumb Code    34  ctype_c.o(.text)
    ADC4_IRQHandler                          0x08000f2d   Thumb Code    94  grb.o(.text.ADC4_IRQHandler)
    ADC_DMAConvCplt                          0x08000f8d   Thumb Code    98  stm32u5xx_hal_adc.o(.text.ADC_DMAConvCplt)
    ADC_DMAError                             0x08000ff1   Thumb Code    22  stm32u5xx_hal_adc.o(.text.ADC_DMAError)
    ADC_DMAHalfConvCplt                      0x08001009   Thumb Code     6  stm32u5xx_hal_adc.o(.text.ADC_DMAHalfConvCplt)
    ADC_Disable                              0x08001011   Thumb Code   124  stm32u5xx_hal_adc.o(.text.ADC_Disable)
    ADC_Enable                               0x0800108d   Thumb Code   148  stm32u5xx_hal_adc.o(.text.ADC_Enable)
    Alarm_Operation                          0x08001121   Thumb Code   656  rtc.o(.text.Alarm_Operation)
    BusFault_Handler                         0x080013b1   Thumb Code     2  stm32u5xx_it.o(.text.BusFault_Handler)
    DHT11_Check                              0x080013b5   Thumb Code   272  dht11.o(.text.DHT11_Check)
    DHT11_Delay_Init                         0x080014c5   Thumb Code    34  dht11.o(.text.DHT11_Delay_Init)
    DHT11_Delay_us                           0x080014e9   Thumb Code    92  dht11.o(.text.DHT11_Delay_us)
    DHT11_Operation                          0x08001545   Thumb Code   180  dht11.o(.text.DHT11_Operation)
    DHT11_Read_Bit                           0x08001665   Thumb Code   250  dht11.o(.text.DHT11_Read_Bit)
    DHT11_Read_Data                          0x08001761   Thumb Code   632  dht11.o(.text.DHT11_Read_Data)
    DebugMon_Handler                         0x08001bad   Thumb Code     2  stm32u5xx_it.o(.text.DebugMon_Handler)
    EXTI0_IRQHandler                         0x08001bb1   Thumb Code    44  grb.o(.text.EXTI0_IRQHandler)
    Error_Handler                            0x08001bdd   Thumb Code    10  main.o(.text.Error_Handler)
    FLASH_WaitForLastOperation               0x08001be9   Thumb Code   138  stm32u5xx_hal_flash.o(.text.FLASH_WaitForLastOperation)
    Flash_Erase                              0x08001c75   Thumb Code    60  flash.o(.text.Flash_Erase)
    Flash_Read                               0x08001cb1   Thumb Code    10  flash.o(.text.Flash_Read)
    Flash_Write                              0x08001cbd   Thumb Code    28  flash.o(.text.Flash_Write)
    GPDMA1_Channel0_IRQHandler               0x08001cd9   Thumb Code    12  stm32u5xx_it.o(.text.GPDMA1_Channel0_IRQHandler)
    GPDMA1_Channel1_IRQHandler               0x08001ce5   Thumb Code    12  stm32u5xx_it.o(.text.GPDMA1_Channel1_IRQHandler)
    GPDMA1_Channel2_IRQHandler               0x08001cf1   Thumb Code    12  stm32u5xx_it.o(.text.GPDMA1_Channel2_IRQHandler)
    GPDMA1_Channel3_IRQHandler               0x08001cfd   Thumb Code    12  stm32u5xx_it.o(.text.GPDMA1_Channel3_IRQHandler)
    GPDMA1_Channel4_IRQHandler               0x08001d09   Thumb Code    12  stm32u5xx_it.o(.text.GPDMA1_Channel4_IRQHandler)
    GPDMA1_Channel5_IRQHandler               0x08001d15   Thumb Code    12  stm32u5xx_it.o(.text.GPDMA1_Channel5_IRQHandler)
    GRB_Close                                0x08001d21   Thumb Code    68  grb.o(.text.GRB_Close)
    GRB_Distance_Breath                      0x08001d65   Thumb Code   252  grb.o(.text.GRB_Distance_Breath)
    GRB_Write                                0x08001e79   Thumb Code   314  grb.o(.text.GRB_Write)
    HAL_ADCEx_Calibration_Start              0x08001fb5   Thumb Code   240  stm32u5xx_hal_adc_ex.o(.text.HAL_ADCEx_Calibration_Start)
    HAL_ADCEx_EndOfSamplingCallback          0x080020a5   Thumb Code     2  stm32u5xx_hal_adc_ex.o(.text.HAL_ADCEx_EndOfSamplingCallback)
    HAL_ADCEx_InjectedConvCpltCallback       0x080020a9   Thumb Code     2  stm32u5xx_hal_adc_ex.o(.text.HAL_ADCEx_InjectedConvCpltCallback)
    HAL_ADCEx_LevelOutOfWindow2Callback      0x080020ad   Thumb Code     2  stm32u5xx_hal_adc_ex.o(.text.HAL_ADCEx_LevelOutOfWindow2Callback)
    HAL_ADCEx_LevelOutOfWindow3Callback      0x080020b1   Thumb Code     2  stm32u5xx_hal_adc_ex.o(.text.HAL_ADCEx_LevelOutOfWindow3Callback)
    HAL_ADC_AnalogWDGConfig                  0x080020b5   Thumb Code   760  stm32u5xx_hal_adc.o(.text.HAL_ADC_AnalogWDGConfig)
    HAL_ADC_ConfigChannel                    0x080023ad   Thumb Code  2002  stm32u5xx_hal_adc.o(.text.HAL_ADC_ConfigChannel)
    HAL_ADC_ConvCpltCallback                 0x08002b81   Thumb Code    46  grb.o(.text.HAL_ADC_ConvCpltCallback)
    HAL_ADC_ConvHalfCpltCallback             0x08002bb1   Thumb Code     2  stm32u5xx_hal_adc.o(.text.HAL_ADC_ConvHalfCpltCallback)
    HAL_ADC_ErrorCallback                    0x08002bb5   Thumb Code     2  stm32u5xx_hal_adc.o(.text.HAL_ADC_ErrorCallback)
    HAL_ADC_IRQHandler                       0x08002bb9   Thumb Code   532  stm32u5xx_hal_adc.o(.text.HAL_ADC_IRQHandler)
    HAL_ADC_Init                             0x08002dcd   Thumb Code  1024  stm32u5xx_hal_adc.o(.text.HAL_ADC_Init)
    HAL_ADC_LevelOutOfWindowCallback         0x080031cd   Thumb Code     2  stm32u5xx_hal_adc.o(.text.HAL_ADC_LevelOutOfWindowCallback)
    HAL_ADC_MspInit                          0x080031d1   Thumb Code   364  adc.o(.text.HAL_ADC_MspInit)
    HAL_ADC_Start_DMA                        0x0800333d   Thumb Code   304  stm32u5xx_hal_adc.o(.text.HAL_ADC_Start_DMA)
    HAL_DMAEx_List_BuildNode                 0x0800346d   Thumb Code   364  stm32u5xx_hal_dma_ex.o(.text.HAL_DMAEx_List_BuildNode)
    HAL_DMAEx_List_GetNodeConfig             0x080035d9   Thumb Code   342  stm32u5xx_hal_dma_ex.o(.text.HAL_DMAEx_List_GetNodeConfig)
    HAL_DMAEx_List_Init                      0x08003731   Thumb Code   790  stm32u5xx_hal_dma_ex.o(.text.HAL_DMAEx_List_Init)
    HAL_DMAEx_List_InsertNode                0x08003a49   Thumb Code   296  stm32u5xx_hal_dma_ex.o(.text.HAL_DMAEx_List_InsertNode)
    HAL_DMAEx_List_LinkQ                     0x08003b71   Thumb Code   238  stm32u5xx_hal_dma_ex.o(.text.HAL_DMAEx_List_LinkQ)
    HAL_DMAEx_List_SetCircularMode           0x08003c61   Thumb Code   286  stm32u5xx_hal_dma_ex.o(.text.HAL_DMAEx_List_SetCircularMode)
    HAL_DMAEx_List_Start_IT                  0x08003d81   Thumb Code   212  stm32u5xx_hal_dma_ex.o(.text.HAL_DMAEx_List_Start_IT)
    HAL_DMA_Abort                            0x08003e55   Thumb Code   168  stm32u5xx_hal_dma.o(.text.HAL_DMA_Abort)
    HAL_DMA_Abort_IT                         0x08003efd   Thumb Code    40  stm32u5xx_hal_dma.o(.text.HAL_DMA_Abort_IT)
    HAL_DMA_ConfigChannelAttributes          0x08003f25   Thumb Code    58  stm32u5xx_hal_dma.o(.text.HAL_DMA_ConfigChannelAttributes)
    HAL_DMA_GetError                         0x08003f61   Thumb Code     4  stm32u5xx_hal_dma.o(.text.HAL_DMA_GetError)
    HAL_DMA_IRQHandler                       0x08003f65   Thumb Code   450  stm32u5xx_hal_dma.o(.text.HAL_DMA_IRQHandler)
    HAL_DMA_Init                             0x08004129   Thumb Code  1418  stm32u5xx_hal_dma.o(.text.HAL_DMA_Init)
    HAL_DMA_Start_IT                         0x080046b5   Thumb Code   166  stm32u5xx_hal_dma.o(.text.HAL_DMA_Start_IT)
    HAL_Delay                                0x0800475d   Thumb Code    40  stm32u5xx_hal.o(.text.HAL_Delay)
    HAL_FLASHEx_Erase                        0x08004785   Thumb Code   264  stm32u5xx_hal_flash_ex.o(.text.HAL_FLASHEx_Erase)
    HAL_FLASH_Lock                           0x0800488d   Thumb Code    24  stm32u5xx_hal_flash.o(.text.HAL_FLASH_Lock)
    HAL_FLASH_Program                        0x080048a5   Thumb Code   460  stm32u5xx_hal_flash.o(.text.HAL_FLASH_Program)
    HAL_FLASH_Unlock                         0x08004a71   Thumb Code    46  stm32u5xx_hal_flash.o(.text.HAL_FLASH_Unlock)
    HAL_FMAC_Init                            0x08004aa1   Thumb Code   144  stm32u5xx_hal_fmac.o(.text.HAL_FMAC_Init)
    HAL_FMAC_MspInit                         0x08004b31   Thumb Code    48  fmac.o(.text.HAL_FMAC_MspInit)
    HAL_GPIO_EXTI_Falling_Callback           0x08004b61   Thumb Code     2  stm32u5xx_hal_gpio.o(.text.HAL_GPIO_EXTI_Falling_Callback)
    HAL_GPIO_EXTI_IRQHandler                 0x08004b65   Thumb Code    46  stm32u5xx_hal_gpio.o(.text.HAL_GPIO_EXTI_IRQHandler)
    HAL_GPIO_EXTI_Rising_Callback            0x08004b95   Thumb Code     2  stm32u5xx_hal_gpio.o(.text.HAL_GPIO_EXTI_Rising_Callback)
    HAL_GPIO_Init                            0x08004b99   Thumb Code   594  stm32u5xx_hal_gpio.o(.text.HAL_GPIO_Init)
    HAL_GPIO_ReadPin                         0x08004ded   Thumb Code    10  stm32u5xx_hal_gpio.o(.text.HAL_GPIO_ReadPin)
    HAL_GPIO_WritePin                        0x08004df9   Thumb Code    12  stm32u5xx_hal_gpio.o(.text.HAL_GPIO_WritePin)
    HAL_GetREVID                             0x08004e05   Thumb Code    14  stm32u5xx_hal.o(.text.HAL_GetREVID)
    HAL_GetTick                              0x08004e15   Thumb Code    12  stm32u5xx_hal.o(.text.HAL_GetTick)
    HAL_ICACHE_ConfigAssociativityMode       0x08004e21   Thumb Code    32  stm32u5xx_hal_icache.o(.text.HAL_ICACHE_ConfigAssociativityMode)
    HAL_ICACHE_Disable                       0x08004e41   Thumb Code    68  stm32u5xx_hal_icache.o(.text.HAL_ICACHE_Disable)
    HAL_ICACHE_Enable                        0x08004e85   Thumb Code    20  stm32u5xx_hal_icache.o(.text.HAL_ICACHE_Enable)
    HAL_IncTick                              0x08004e99   Thumb Code    34  main.o(.text.HAL_IncTick)
    HAL_Init                                 0x08004ebd   Thumb Code    86  stm32u5xx_hal.o(.text.HAL_Init)
    HAL_InitTick                             0x08004f15   Thumb Code   162  stm32u5xx_hal_timebase_tim.o(.text.HAL_InitTick)
    HAL_LPTIM_AutoReloadMatchCallback        0x08004fb9   Thumb Code     2  stm32u5xx_hal_lptim.o(.text.HAL_LPTIM_AutoReloadMatchCallback)
    HAL_LPTIM_AutoReloadWriteCallback        0x08004fbd   Thumb Code     2  stm32u5xx_hal_lptim.o(.text.HAL_LPTIM_AutoReloadWriteCallback)
    HAL_LPTIM_CompareMatchCallback           0x08004fc1   Thumb Code     2  stm32u5xx_hal_lptim.o(.text.HAL_LPTIM_CompareMatchCallback)
    HAL_LPTIM_CompareWriteCallback           0x08004fc5   Thumb Code     2  stm32u5xx_hal_lptim.o(.text.HAL_LPTIM_CompareWriteCallback)
    HAL_LPTIM_Counter_Start_IT               0x08004fc9   Thumb Code   194  stm32u5xx_hal_lptim.o(.text.HAL_LPTIM_Counter_Start_IT)
    HAL_LPTIM_DirectionDownCallback          0x0800508d   Thumb Code     2  stm32u5xx_hal_lptim.o(.text.HAL_LPTIM_DirectionDownCallback)
    HAL_LPTIM_DirectionUpCallback            0x08005091   Thumb Code     2  stm32u5xx_hal_lptim.o(.text.HAL_LPTIM_DirectionUpCallback)
    HAL_LPTIM_IC_CaptureCallback             0x08005095   Thumb Code     2  stm32u5xx_hal_lptim.o(.text.HAL_LPTIM_IC_CaptureCallback)
    HAL_LPTIM_IC_OverCaptureCallback         0x08005099   Thumb Code     2  stm32u5xx_hal_lptim.o(.text.HAL_LPTIM_IC_OverCaptureCallback)
    HAL_LPTIM_IRQHandler                     0x0800509d   Thumb Code   500  stm32u5xx_hal_lptim.o(.text.HAL_LPTIM_IRQHandler)
    HAL_LPTIM_Init                           0x08005291   Thumb Code   466  stm32u5xx_hal_lptim.o(.text.HAL_LPTIM_Init)
    HAL_LPTIM_MspInit                        0x08005465   Thumb Code   112  lptim.o(.text.HAL_LPTIM_MspInit)
    HAL_LPTIM_RepCounterWriteCallback        0x080054d5   Thumb Code     2  stm32u5xx_hal_lptim.o(.text.HAL_LPTIM_RepCounterWriteCallback)
    HAL_LPTIM_TriggerCallback                0x080054d9   Thumb Code     2  stm32u5xx_hal_lptim.o(.text.HAL_LPTIM_TriggerCallback)
    HAL_LPTIM_UpdateEventCallback            0x080054dd   Thumb Code     2  stm32u5xx_hal_lptim.o(.text.HAL_LPTIM_UpdateEventCallback)
    HAL_MspInit                              0x080054e1   Thumb Code    34  stm32u5xx_hal_msp.o(.text.HAL_MspInit)
    HAL_NVIC_EnableIRQ                       0x08005505   Thumb Code    34  stm32u5xx_hal_cortex.o(.text.HAL_NVIC_EnableIRQ)
    HAL_NVIC_SetPriority                     0x08005529   Thumb Code    86  stm32u5xx_hal_cortex.o(.text.HAL_NVIC_SetPriority)
    HAL_NVIC_SetPriorityGrouping             0x08005581   Thumb Code    32  stm32u5xx_hal_cortex.o(.text.HAL_NVIC_SetPriorityGrouping)
    HAL_PWREx_ConfigSupply                   0x080055a1   Thumb Code   180  stm32u5xx_hal_pwr_ex.o(.text.HAL_PWREx_ConfigSupply)
    HAL_PWREx_ControlVoltageScaling          0x08005655   Thumb Code   226  stm32u5xx_hal_pwr_ex.o(.text.HAL_PWREx_ControlVoltageScaling)
    HAL_PWREx_DisableUCPDDeadBattery         0x08005739   Thumb Code    18  stm32u5xx_hal_pwr_ex.o(.text.HAL_PWREx_DisableUCPDDeadBattery)
    HAL_PWREx_EnableVddA                     0x0800574d   Thumb Code    18  stm32u5xx_hal_pwr_ex.o(.text.HAL_PWREx_EnableVddA)
    HAL_PWREx_EnableVddIO2                   0x08005761   Thumb Code    18  stm32u5xx_hal_pwr_ex.o(.text.HAL_PWREx_EnableVddIO2)
    HAL_PWREx_GetVoltageRange                0x08005775   Thumb Code    16  stm32u5xx_hal_pwr_ex.o(.text.HAL_PWREx_GetVoltageRange)
    HAL_PWR_EnableBkUpAccess                 0x08005785   Thumb Code    18  stm32u5xx_hal_pwr.o(.text.HAL_PWR_EnableBkUpAccess)
    HAL_RCCEx_GetPLL1ClockFreq               0x08005799   Thumb Code   400  stm32u5xx_hal_rcc_ex.o(.text.HAL_RCCEx_GetPLL1ClockFreq)
    HAL_RCCEx_GetPLL2ClockFreq               0x08005931   Thumb Code   400  stm32u5xx_hal_rcc_ex.o(.text.HAL_RCCEx_GetPLL2ClockFreq)
    HAL_RCCEx_GetPLL3ClockFreq               0x08005ac9   Thumb Code   400  stm32u5xx_hal_rcc_ex.o(.text.HAL_RCCEx_GetPLL3ClockFreq)
    HAL_RCCEx_GetPeriphCLKFreq               0x08005c61   Thumb Code  2302  stm32u5xx_hal_rcc_ex.o(.text.HAL_RCCEx_GetPeriphCLKFreq)
    HAL_RCCEx_PeriphCLKConfig                0x08006561   Thumb Code  1622  stm32u5xx_hal_rcc_ex.o(.text.HAL_RCCEx_PeriphCLKConfig)
    HAL_RCC_ClockConfig                      0x08006bb9   Thumb Code   762  stm32u5xx_hal_rcc.o(.text.HAL_RCC_ClockConfig)
    HAL_RCC_GetClockConfig                   0x08006eb5   Thumb Code    76  stm32u5xx_hal_rcc.o(.text.HAL_RCC_GetClockConfig)
    HAL_RCC_GetHCLKFreq                      0x08006f01   Thumb Code    44  stm32u5xx_hal_rcc.o(.text.HAL_RCC_GetHCLKFreq)
    HAL_RCC_GetPCLK1Freq                     0x08006f2d   Thumb Code    62  stm32u5xx_hal_rcc.o(.text.HAL_RCC_GetPCLK1Freq)
    HAL_RCC_GetPCLK2Freq                     0x08006f6d   Thumb Code    62  stm32u5xx_hal_rcc.o(.text.HAL_RCC_GetPCLK2Freq)
    HAL_RCC_GetPCLK3Freq                     0x08006fad   Thumb Code    62  stm32u5xx_hal_rcc.o(.text.HAL_RCC_GetPCLK3Freq)
    HAL_RCC_GetSysClockFreq                  0x08006fed   Thumb Code   252  stm32u5xx_hal_rcc.o(.text.HAL_RCC_GetSysClockFreq)
    HAL_RCC_OscConfig                        0x080070f5   Thumb Code  2924  stm32u5xx_hal_rcc.o(.text.HAL_RCC_OscConfig)
    HAL_RTCEx_AlarmBEventCallback            0x08007c61   Thumb Code     2  stm32u5xx_hal_rtc_ex.o(.text.HAL_RTCEx_AlarmBEventCallback)
    HAL_RTCEx_PrivilegeModeSet               0x08007c65   Thumb Code    58  stm32u5xx_hal_rtc_ex.o(.text.HAL_RTCEx_PrivilegeModeSet)
    HAL_RTC_AlarmAEventCallback              0x08007ca1   Thumb Code   458  rtc.o(.text.HAL_RTC_AlarmAEventCallback)
    HAL_RTC_AlarmIRQHandler                  0x08007e6d   Thumb Code    64  stm32u5xx_hal_rtc.o(.text.HAL_RTC_AlarmIRQHandler)
    HAL_RTC_DeactivateAlarm                  0x08007ead   Thumb Code    94  stm32u5xx_hal_rtc.o(.text.HAL_RTC_DeactivateAlarm)
    HAL_RTC_GetDate                          0x08007f0d   Thumb Code   108  stm32u5xx_hal_rtc.o(.text.HAL_RTC_GetDate)
    HAL_RTC_GetTime                          0x08007f79   Thumb Code   132  stm32u5xx_hal_rtc.o(.text.HAL_RTC_GetTime)
    HAL_RTC_Init                             0x08007ffd   Thumb Code   218  stm32u5xx_hal_rtc.o(.text.HAL_RTC_Init)
    HAL_RTC_MspInit                          0x080080d9   Thumb Code   120  rtc_1.o(.text.HAL_RTC_MspInit)
    HAL_RTC_SetAlarm_IT                      0x08008151   Thumb Code   538  stm32u5xx_hal_rtc.o(.text.HAL_RTC_SetAlarm_IT)
    HAL_RTC_SetDate                          0x0800836d   Thumb Code   316  stm32u5xx_hal_rtc.o(.text.HAL_RTC_SetDate)
    HAL_RTC_SetTime                          0x080084a9   Thumb Code   414  stm32u5xx_hal_rtc.o(.text.HAL_RTC_SetTime)
    HAL_TIMEx_Break2Callback                 0x08008649   Thumb Code     2  stm32u5xx_hal_tim_ex.o(.text.HAL_TIMEx_Break2Callback)
    HAL_TIMEx_BreakCallback                  0x0800864d   Thumb Code     2  stm32u5xx_hal_tim_ex.o(.text.HAL_TIMEx_BreakCallback)
    HAL_TIMEx_CommutCallback                 0x08008651   Thumb Code     2  stm32u5xx_hal_tim_ex.o(.text.HAL_TIMEx_CommutCallback)
    HAL_TIMEx_DirectionChangeCallback        0x08008655   Thumb Code     2  stm32u5xx_hal_tim_ex.o(.text.HAL_TIMEx_DirectionChangeCallback)
    HAL_TIMEx_EncoderIndexCallback           0x08008659   Thumb Code     2  stm32u5xx_hal_tim_ex.o(.text.HAL_TIMEx_EncoderIndexCallback)
    HAL_TIMEx_IndexErrorCallback             0x0800865d   Thumb Code     2  stm32u5xx_hal_tim_ex.o(.text.HAL_TIMEx_IndexErrorCallback)
    HAL_TIMEx_MasterConfigSynchronization    0x08008661   Thumb Code   350  stm32u5xx_hal_tim_ex.o(.text.HAL_TIMEx_MasterConfigSynchronization)
    HAL_TIMEx_TransitionErrorCallback        0x080087c1   Thumb Code     2  stm32u5xx_hal_tim_ex.o(.text.HAL_TIMEx_TransitionErrorCallback)
    HAL_TIM_Base_Init                        0x080087c5   Thumb Code    98  stm32u5xx_hal_tim.o(.text.HAL_TIM_Base_Init)
    HAL_TIM_Base_MspInit                     0x08008829   Thumb Code   316  tim.o(.text.HAL_TIM_Base_MspInit)
    HAL_TIM_Base_Start_IT                    0x08008965   Thumb Code   268  stm32u5xx_hal_tim.o(.text.HAL_TIM_Base_Start_IT)
    HAL_TIM_ConfigClockSource                0x08008a71   Thumb Code   532  stm32u5xx_hal_tim.o(.text.HAL_TIM_ConfigClockSource)
    HAL_TIM_ErrorCallback                    0x08008c85   Thumb Code     2  stm32u5xx_hal_tim.o(.text.HAL_TIM_ErrorCallback)
    HAL_TIM_IC_CaptureCallback               0x08008c89   Thumb Code   104  hc_sr04.o(.text.HAL_TIM_IC_CaptureCallback)
    HAL_TIM_IC_ConfigChannel                 0x08008cf1   Thumb Code   542  stm32u5xx_hal_tim.o(.text.HAL_TIM_IC_ConfigChannel)
    HAL_TIM_IC_Init                          0x08008f11   Thumb Code    98  stm32u5xx_hal_tim.o(.text.HAL_TIM_IC_Init)
    HAL_TIM_IC_MspInit                       0x08008f75   Thumb Code     2  stm32u5xx_hal_tim.o(.text.HAL_TIM_IC_MspInit)
    HAL_TIM_IC_Start_IT                      0x08008f79   Thumb Code   592  stm32u5xx_hal_tim.o(.text.HAL_TIM_IC_Start_IT)
    HAL_TIM_IRQHandler                       0x080091c9   Thumb Code   528  stm32u5xx_hal_tim.o(.text.HAL_TIM_IRQHandler)
    HAL_TIM_OC_DelayElapsedCallback          0x080093d9   Thumb Code     2  stm32u5xx_hal_tim.o(.text.HAL_TIM_OC_DelayElapsedCallback)
    HAL_TIM_PWM_ConfigChannel                0x080093dd   Thumb Code   654  stm32u5xx_hal_tim.o(.text.HAL_TIM_PWM_ConfigChannel)
    HAL_TIM_PWM_Init                         0x0800966d   Thumb Code    98  stm32u5xx_hal_tim.o(.text.HAL_TIM_PWM_Init)
    HAL_TIM_PWM_MspInit                      0x080096d1   Thumb Code     2  stm32u5xx_hal_tim.o(.text.HAL_TIM_PWM_MspInit)
    HAL_TIM_PWM_PulseFinishedCallback        0x080096d5   Thumb Code     2  stm32u5xx_hal_tim.o(.text.HAL_TIM_PWM_PulseFinishedCallback)
    HAL_TIM_PWM_PulseFinishedHalfCpltCallback 0x080096d9   Thumb Code     2  stm32u5xx_hal_tim.o(.text.HAL_TIM_PWM_PulseFinishedHalfCpltCallback)
    HAL_TIM_PWM_Start_DMA                    0x080096dd   Thumb Code  1114  stm32u5xx_hal_tim.o(.text.HAL_TIM_PWM_Start_DMA)
    HAL_TIM_PWM_Stop_DMA                     0x08009b39   Thumb Code   414  stm32u5xx_hal_tim.o(.text.HAL_TIM_PWM_Stop_DMA)
    HAL_TIM_PeriodElapsedCallback            0x08009cd9   Thumb Code    50  main.o(.text.HAL_TIM_PeriodElapsedCallback)
    HAL_TIM_ReadCapturedValue                0x08009d0d   Thumb Code    52  stm32u5xx_hal_tim.o(.text.HAL_TIM_ReadCapturedValue)
    HAL_TIM_TriggerCallback                  0x08009d41   Thumb Code     2  stm32u5xx_hal_tim.o(.text.HAL_TIM_TriggerCallback)
    HAL_UARTEx_DisableFifoMode               0x08009d45   Thumb Code    54  stm32u5xx_hal_uart_ex.o(.text.HAL_UARTEx_DisableFifoMode)
    HAL_UARTEx_RxEventCallback               0x08009d7d   Thumb Code     2  stm32u5xx_hal_uart.o(.text.HAL_UARTEx_RxEventCallback)
    HAL_UARTEx_RxFifoFullCallback            0x08009d81   Thumb Code     2  stm32u5xx_hal_uart_ex.o(.text.HAL_UARTEx_RxFifoFullCallback)
    HAL_UARTEx_SetRxFifoThreshold            0x08009d85   Thumb Code   144  stm32u5xx_hal_uart_ex.o(.text.HAL_UARTEx_SetRxFifoThreshold)
    HAL_UARTEx_SetTxFifoThreshold            0x08009e15   Thumb Code   144  stm32u5xx_hal_uart_ex.o(.text.HAL_UARTEx_SetTxFifoThreshold)
    HAL_UARTEx_TxFifoEmptyCallback           0x08009ea5   Thumb Code     2  stm32u5xx_hal_uart_ex.o(.text.HAL_UARTEx_TxFifoEmptyCallback)
    HAL_UART_DMAStop                         0x08009ea9   Thumb Code   648  stm32u5xx_hal_uart.o(.text.HAL_UART_DMAStop)
    HAL_UART_ErrorCallback                   0x0800a131   Thumb Code     2  stm32u5xx_hal_uart.o(.text.HAL_UART_ErrorCallback)
    HAL_UART_IRQHandler                      0x0800a135   Thumb Code  1394  stm32u5xx_hal_uart.o(.text.HAL_UART_IRQHandler)
    HAL_UART_Init                            0x0800a6a9   Thumb Code   214  stm32u5xx_hal_uart.o(.text.HAL_UART_Init)
    HAL_UART_MspInit                         0x0800a781   Thumb Code   752  usart.o(.text.HAL_UART_MspInit)
    HAL_UART_Receive_DMA                     0x0800aa71   Thumb Code   184  stm32u5xx_hal_uart.o(.text.HAL_UART_Receive_DMA)
    HAL_UART_RxCpltCallback                  0x0800ab29   Thumb Code     2  stm32u5xx_hal_uart.o(.text.HAL_UART_RxCpltCallback)
    HAL_UART_RxHalfCpltCallback              0x0800ab2d   Thumb Code     2  stm32u5xx_hal_uart.o(.text.HAL_UART_RxHalfCpltCallback)
    HAL_UART_Transmit                        0x0800ab31   Thumb Code   242  stm32u5xx_hal_uart.o(.text.HAL_UART_Transmit)
    HAL_UART_TxCpltCallback                  0x0800ac25   Thumb Code     2  stm32u5xx_hal_uart.o(.text.HAL_UART_TxCpltCallback)
    HC_Get_Measure                           0x0800ac29   Thumb Code   104  hc_sr04.o(.text.HC_Get_Measure)
    HC_Send_Trig                             0x0800acb1   Thumb Code    50  hc_sr04.o(.text.HC_Send_Trig)
    HSV_To_GRB                               0x0800ace5   Thumb Code   316  grb.o(.text.HSV_To_GRB)
    HardFault_Handler                        0x0800ae2d   Thumb Code     2  stm32u5xx_it.o(.text.HardFault_Handler)
    LPTIM1_IRQHandler                        0x0800ae95   Thumb Code    46  dht11.o(.text.LPTIM1_IRQHandler)
    MX_ADC4_Init                             0x0800aec5   Thumb Code   214  adc.o(.text.MX_ADC4_Init)
    MX_FMAC_Init                             0x0800af9d   Thumb Code    38  fmac.o(.text.MX_FMAC_Init)
    MX_GPDMA1_Init                           0x0800afc5   Thumb Code   132  gpdma.o(.text.MX_GPDMA1_Init)
    MX_GPIO_Init                             0x0800b049   Thumb Code   438  gpio.o(.text.MX_GPIO_Init)
    MX_ICACHE_Init                           0x0800b201   Thumb Code    34  icache.o(.text.MX_ICACHE_Init)
    MX_LPTIM1_Init                           0x0800b225   Thumb Code    66  lptim.o(.text.MX_LPTIM1_Init)
    MX_RTC_Init                              0x0800b269   Thumb Code   264  rtc_1.o(.text.MX_RTC_Init)
    MX_TIM2_Init                             0x0800b371   Thumb Code   344  tim.o(.text.MX_TIM2_Init)
    MX_TIM3_Init                             0x0800b4c9   Thumb Code   190  tim.o(.text.MX_TIM3_Init)
    MX_TIM4_Init                             0x0800b589   Thumb Code   308  tim.o(.text.MX_TIM4_Init)
    MX_USART1_UART_Init                      0x0800b6bd   Thumb Code   132  usart.o(.text.MX_USART1_UART_Init)
    MX_USART2_UART_Init                      0x0800b741   Thumb Code   132  usart.o(.text.MX_USART2_UART_Init)
    MX_USART3_UART_Init                      0x0800b7c5   Thumb Code   132  usart.o(.text.MX_USART3_UART_Init)
    MemManage_Handler                        0x0800b849   Thumb Code     2  stm32u5xx_it.o(.text.MemManage_Handler)
    NMI_Handler                              0x0800b84d   Thumb Code     2  stm32u5xx_it.o(.text.NMI_Handler)
    ParseAndSetRTC                           0x0800b851   Thumb Code   160  rtc.o(.text.ParseAndSetRTC)
    ParseRemindTimes                         0x0800b911   Thumb Code   188  rtc.o(.text.ParseRemindTimes)
    Parse_MQTTData                           0x0800b9e5   Thumb Code   688  uart.o(.text.Parse_MQTTData)
    PendSV_Handler                           0x0800bca5   Thumb Code     2  stm32u5xx_it.o(.text.PendSV_Handler)
    RTC_ExitInitMode                         0x0800be91   Thumb Code   144  stm32u5xx_hal_rtc.o(.text.RTC_ExitInitMode)
    RTC_IRQHandler                           0x0800bf21   Thumb Code    12  stm32u5xx_it.o(.text.RTC_IRQHandler)
    SVC_Handler                              0x0800bf2d   Thumb Code     2  stm32u5xx_it.o(.text.SVC_Handler)
    SysTick_Handler                          0x0800bf31   Thumb Code     4  stm32u5xx_it.o(.text.SysTick_Handler)
    SystemClock_Config                       0x0800bf35   Thumb Code   182  main.o(.text.SystemClock_Config)
    SystemInit                               0x0800bfed   Thumb Code    76  system_stm32u5xx.o(.text.SystemInit)
    TIM1_UP_IRQHandler                       0x0800c039   Thumb Code    12  stm32u5xx_it.o(.text.TIM1_UP_IRQHandler)
    TIM3_IRQHandler                          0x0800c045   Thumb Code    12  stm32u5xx_it.o(.text.TIM3_IRQHandler)
    TIM4_IRQHandler                          0x0800c051   Thumb Code    12  stm32u5xx_it.o(.text.TIM4_IRQHandler)
    TIM_Base_SetConfig                       0x0800c05d   Thumb Code   638  stm32u5xx_hal_tim.o(.text.TIM_Base_SetConfig)
    TIM_DMADelayPulseHalfCplt                0x0800c315   Thumb Code    56  stm32u5xx_hal_tim.o(.text.TIM_DMADelayPulseHalfCplt)
    TIM_DMAError                             0x0800c34d   Thumb Code    94  stm32u5xx_hal_tim.o(.text.TIM_DMAError)
    TIM_OC2_SetConfig                        0x0800c515   Thumb Code   298  stm32u5xx_hal_tim.o(.text.TIM_OC2_SetConfig)
    UART_AdvFeatureConfig                    0x0800c899   Thumb Code   234  stm32u5xx_hal_uart.o(.text.UART_AdvFeatureConfig)
    UART_SetConfig                           0x0800cc99   Thumb Code   522  stm32u5xx_hal_uart.o(.text.UART_SetConfig)
    UART_Start_Receive_DMA                   0x0800cea5   Thumb Code   394  stm32u5xx_hal_uart.o(.text.UART_Start_Receive_DMA)
    UART_WaitOnFlagUntilTimeout              0x0800d031   Thumb Code   526  stm32u5xx_hal_uart.o(.text.UART_WaitOnFlagUntilTimeout)
    USART2_IRQHandler                        0x0800d241   Thumb Code   580  uart.o(.text.USART2_IRQHandler)
    Uart_printf                              0x0800d4c5   Thumb Code    60  uart.o(.text.Uart_printf)
    UsageFault_Handler                       0x0800d501   Thumb Code     2  stm32u5xx_it.o(.text.UsageFault_Handler)
    Voice_Remind                             0x0800d505   Thumb Code    58  uart.o(.text.Voice_Remind)
    main                                     0x0800d541   Thumb Code   318  main.o(.text.main)
    __0vsnprintf                             0x0800d681   Thumb Code    46  printfa.o(i.__0vsnprintf)
    __1vsnprintf                             0x0800d681   Thumb Code     0  printfa.o(i.__0vsnprintf)
    __2vsnprintf                             0x0800d681   Thumb Code     0  printfa.o(i.__0vsnprintf)
    __c89vsnprintf                           0x0800d681   Thumb Code     0  printfa.o(i.__0vsnprintf)
    vsnprintf                                0x0800d681   Thumb Code     0  printfa.o(i.__0vsnprintf)
    __hardfp_fmodf                           0x0800d6b5   Thumb Code   176  fmodf.o(i.__hardfp_fmodf)
    __mathlib_flt_invalid                    0x0800d765   Thumb Code    10  funder.o(i.__mathlib_flt_invalid)
    __scatterload_copy                       0x0800d775   Thumb Code    14  handlers.o(i.__scatterload_copy)
    __scatterload_null                       0x0800d783   Thumb Code     2  handlers.o(i.__scatterload_null)
    __scatterload_zeroinit                   0x0800d785   Thumb Code    14  handlers.o(i.__scatterload_zeroinit)
    __set_errno                              0x0800d795   Thumb Code     6  errno.o(i.__set_errno)
    __ctype_categories                       0x0800e068   Data          64  ctype_c.o(.constdata)
    AHBPrescTable                            0x0800e0a8   Data          16  system_stm32u5xx.o(.rodata.AHBPrescTable)
    APBPrescTable                            0x0800e0b8   Data           8  system_stm32u5xx.o(.rodata.APBPrescTable)
    MSIRangeTable                            0x0800e140   Data          64  system_stm32u5xx.o(.rodata.MSIRangeTable)
    Topic_CabinetLocation_SendCmd            0x0800e180   Data          50  uart.o(.rodata.Topic_CabinetLocation_SendCmd)
    Topic_CloseCabinet_SendCmd               0x0800e1b2   Data          48  uart.o(.rodata.Topic_CloseCabinet_SendCmd)
    Topic_Ping_SendCmd                       0x0800e1e2   Data          41  uart.o(.rodata.Topic_Ping_SendCmd)
    UARTPrescTable                           0x0800e20c   Data          24  stm32u5xx_hal_uart.o(.rodata.UARTPrescTable)
    Voice_Connect                            0x0800e224   Data          13  uart.o(.rodata.Voice_Connect)
    Voice_Reminder                           0x0800e231   Data          23  rtc.o(.rodata.Voice_Reminder)
    Region$$Table$$Base                      0x0800e2e4   Number         0  anon$$obj.o(Region$$Table)
    Region$$Table$$Limit                     0x0800e304   Number         0  anon$$obj.o(Region$$Table)
    Temp                                     0x20000008   Data           1  dht11.o(.data..L_MergedGlobals)
    Humid                                    0x20000009   Data           1  dht11.o(.data..L_MergedGlobals)
    uwTickFreq                               0x2000000c   Data           1  stm32u5xx_hal.o(.data..L_MergedGlobals)
    uwTickPrio                               0x20000010   Data           4  stm32u5xx_hal.o(.data..L_MergedGlobals)
    SystemCoreClock                          0x20000014   Data           4  system_stm32u5xx.o(.data.SystemCoreClock)
    pFlash                                   0x20000018   Data          28  stm32u5xx_hal_flash.o(.data.pFlash)
    Measure_Status                           0x200000b4   Data           1  hc_sr04.o(.bss..L_MergedGlobals)
    Up_Time                                  0x200000b8   Data           4  hc_sr04.o(.bss..L_MergedGlobals)
    Down_Time                                0x200000bc   Data           4  hc_sr04.o(.bss..L_MergedGlobals)
    Pulse_Width                              0x200000c0   Data           4  hc_sr04.o(.bss..L_MergedGlobals)
    AWDG_Status                              0x200000c4   Data           1  grb.o(.bss..L_MergedGlobals)
    Light_Status                             0x200000c5   Data           1  grb.o(.bss..L_MergedGlobals)
    Day_Night_Status                         0x200000c6   Data           1  grb.o(.bss..L_MergedGlobals)
    ADC_Light_Data                           0x200000c8   Data           4  grb.o(.bss..L_MergedGlobals)
    List_GPDMA1_Channel5                     0x200000cc   Data          24  adc.o(.bss..L_MergedGlobals)
    Node_GPDMA1_Channel5                     0x200000e4   Data          36  adc.o(.bss..L_MergedGlobals)
    Voice_Status                             0x20000108   Data           1  dht11.o(.bss..L_MergedGlobals.5)
    LPTIM1_Repeat                            0x20000109   Data           1  dht11.o(.bss..L_MergedGlobals.5)
    AnalogWDGConfig                          0x2000010c   Data          28  adc.o(.bss.AnalogWDGConfig)
    Cabinet_List                             0x20000128   Data           1  uart.o(.bss.Cabinet_List)
    LED_Array                                0x2000012c   Data        1464  grb.o(.bss.LED_Array)
    ReceiveCmd                               0x200006e4   Data         512  uart.o(.bss.ReceiveCmd)
    ReceiveData                              0x200008e4   Data        1024  uart.o(.bss.ReceiveData)
    ReceiveTopic                             0x20000ce4   Data         512  uart.o(.bss.ReceiveTopic)
    hadc4                                    0x20000ee4   Data         140  adc.o(.bss.hadc4)
    handle_GPDMA1_Channel0                   0x20000f70   Data         120  usart.o(.bss.handle_GPDMA1_Channel0)
    handle_GPDMA1_Channel1                   0x20000fe8   Data         120  usart.o(.bss.handle_GPDMA1_Channel1)
    handle_GPDMA1_Channel2                   0x20001060   Data         120  usart.o(.bss.handle_GPDMA1_Channel2)
    handle_GPDMA1_Channel3                   0x200010d8   Data         120  usart.o(.bss.handle_GPDMA1_Channel3)
    handle_GPDMA1_Channel4                   0x20001150   Data         120  tim.o(.bss.handle_GPDMA1_Channel4)
    handle_GPDMA1_Channel5                   0x200011c8   Data         120  adc.o(.bss.handle_GPDMA1_Channel5)
    hfmac                                    0x20001240   Data          56  fmac.o(.bss.hfmac)
    hlptim1                                  0x20001278   Data          80  lptim.o(.bss.hlptim1)
    hrtc                                     0x200012c8   Data          48  rtc_1.o(.bss.hrtc)
    htim1                                    0x200012f8   Data          76  stm32u5xx_hal_timebase_tim.o(.bss.htim1)
    htim2                                    0x20001344   Data          76  tim.o(.bss.htim2)
    htim3                                    0x20001390   Data          76  tim.o(.bss.htim3)
    htim4                                    0x200013dc   Data          76  tim.o(.bss.htim4)
    huart1                                   0x20001428   Data         144  usart.o(.bss.huart1)
    huart2                                   0x200014b8   Data         144  usart.o(.bss.huart2)
    huart3                                   0x20001548   Data         144  usart.o(.bss.huart3)
    uwTick                                   0x200015d8   Data           4  stm32u5xx_hal.o(.bss.uwTick)
    __initial_sp                             0x200019e0   Data           0  startup_stm32u575xx.o(STACK)



==============================================================================

Memory Map of the image

  Image Entry point : 0x08000235

  Load Region LR_IROM1 (Base: 0x08000000, Size: 0x0000e340, Max: 0x00200000, ABSOLUTE)

    Execution Region ER_IROM1 (Exec base: 0x08000000, Load base: 0x08000000, Size: 0x0000e304, Max: 0x00200000, ABSOLUTE)

    Exec Addr    Load Addr    Size         Type   Attr      Idx    E Section Name        Object

    0x08000000   0x08000000   0x00000234   Data   RO           44    RESET               startup_stm32u575xx.o
    0x08000234   0x08000234   0x00000000   Code   RO         2311  * .ARM.Collect$$$$00000000  mc_w.l(entry.o)
    0x08000234   0x08000234   0x00000004   Code   RO         2391    .ARM.Collect$$$$00000001  mc_w.l(entry2.o)
    0x08000238   0x08000238   0x00000004   Code   RO         2394    .ARM.Collect$$$$00000004  mc_w.l(entry5.o)
    0x0800023c   0x0800023c   0x00000000   Code   RO         2396    .ARM.Collect$$$$00000008  mc_w.l(entry7b.o)
    0x0800023c   0x0800023c   0x00000000   Code   RO         2398    .ARM.Collect$$$$0000000A  mc_w.l(entry8b.o)
    0x0800023c   0x0800023c   0x00000008   Code   RO         2399    .ARM.Collect$$$$0000000B  mc_w.l(entry9a.o)
    0x08000244   0x08000244   0x00000000   Code   RO         2401    .ARM.Collect$$$$0000000D  mc_w.l(entry10a.o)
    0x08000244   0x08000244   0x00000000   Code   RO         2403    .ARM.Collect$$$$0000000F  mc_w.l(entry11a.o)
    0x08000244   0x08000244   0x00000004   Code   RO         2392    .ARM.Collect$$$$00002712  mc_w.l(entry2.o)
    0x08000248   0x08000248   0x00000028   Code   RO           45    .text               startup_stm32u575xx.o
    0x08000270   0x08000270   0x00000062   Code   RO         2314    .text               mc_w.l(uldiv.o)
    0x080002d2   0x080002d2   0x00000024   Code   RO         2316    .text               mc_w.l(memseta.o)
    0x080002f6   0x080002f6   0x00000024   Code   RO         2318    .text               mc_w.l(strstr.o)
    0x0800031a   0x0800031a   0x00000014   Code   RO         2320    .text               mc_w.l(strchr.o)
    0x0800032e   0x0800032e   0x0000000e   Code   RO         2322    .text               mc_w.l(strlen.o)
    0x0800033c   0x0800033c   0x00000028   Code   RO         2326    .text               mc_w.l(strncat.o)
    0x08000364   0x08000364   0x0000001e   Code   RO         2328    .text               mc_w.l(strncmp.o)
    0x08000382   0x08000382   0x00000002   PAD
    0x08000384   0x08000384   0x00000044   Code   RO         2330    .text               mc_w.l(strtok.o)
    0x080003c8   0x080003c8   0x00000038   Code   RO         2365    .text               mc_w.l(__0sscanf.o)
    0x08000400   0x08000400   0x0000014c   Code   RO         2367    .text               mc_w.l(_scanf_int.o)
    0x0800054c   0x0800054c   0x0000014e   Code   RO         2369    .text               mf_w.l(dadd.o)
    0x0800069a   0x0800069a   0x000000e4   Code   RO         2371    .text               mf_w.l(dmul.o)
    0x0800077e   0x0800077e   0x0000001a   Code   RO         2373    .text               mf_w.l(dfltui.o)
    0x08000798   0x08000798   0x00000038   Code   RO         2375    .text               mf_w.l(d2f.o)
    0x080007d0   0x080007d0   0x0000002c   Code   RO         2419    .text               mc_w.l(uidiv.o)
    0x080007fc   0x080007fc   0x0000001e   Code   RO         2421    .text               mc_w.l(llshl.o)
    0x0800081a   0x0800081a   0x00000020   Code   RO         2423    .text               mc_w.l(llushr.o)
    0x0800083a   0x0800083a   0x00000024   Code   RO         2425    .text               mc_w.l(llsshr.o)
    0x0800085e   0x0800085e   0x0000001c   Code   RO         2434    .text               mc_w.l(_chval.o)
    0x0800087a   0x0800087a   0x00000002   PAD
    0x0800087c   0x0800087c   0x00000028   Code   RO         2436    .text               mc_w.l(scanf_char.o)
    0x080008a4   0x080008a4   0x00000040   Code   RO         2438    .text               mc_w.l(_sgetc.o)
    0x080008e4   0x080008e4   0x00000000   Code   RO         2440    .text               mc_w.l(iusefp.o)
    0x080008e4   0x080008e4   0x0000006e   Code   RO         2441    .text               mf_w.l(fepilogue.o)
    0x08000952   0x08000952   0x00000052   Code   RO         2443    .text               mf_w.l(frem.o)
    0x080009a4   0x080009a4   0x000000ba   Code   RO         2445    .text               mf_w.l(depilogue.o)
    0x08000a5e   0x08000a5e   0x000000de   Code   RO         2447    .text               mf_w.l(ddiv.o)
    0x08000b3c   0x08000b3c   0x00000030   Code   RO         2449    .text               mf_w.l(dfixul.o)
    0x08000b6c   0x08000b6c   0x00000030   Code   RO         2451    .text               mf_w.l(cdrcmple.o)
    0x08000b9c   0x08000b9c   0x00000030   Code   RO         2453    .text               mc_w.l(init.o)
    0x08000bcc   0x08000bcc   0x0000000a   Code   RO         2456    .text               mc_w.l(isspace_c.o)
    0x08000bd6   0x08000bd6   0x00000002   PAD
    0x08000bd8   0x08000bd8   0x0000032c   Code   RO         2458    .text               mc_w.l(_scanf.o)
    0x08000f04   0x08000f04   0x00000028   Code   RO         2461    .text               mc_w.l(ctype_c.o)
    0x08000f2c   0x08000f2c   0x0000005e   Code   RO          210    .text.ADC4_IRQHandler  grb.o
    0x08000f8a   0x08000f8a   0x00000002   PAD
    0x08000f8c   0x08000f8c   0x00000062   Code   RO          482    .text.ADC_DMAConvCplt  stm32u5xx_hal_adc.o
    0x08000fee   0x08000fee   0x00000002   PAD
    0x08000ff0   0x08000ff0   0x00000016   Code   RO          486    .text.ADC_DMAError  stm32u5xx_hal_adc.o
    0x08001006   0x08001006   0x00000002   PAD
    0x08001008   0x08001008   0x00000006   Code   RO          484    .text.ADC_DMAHalfConvCplt  stm32u5xx_hal_adc.o
    0x0800100e   0x0800100e   0x00000002   PAD
    0x08001010   0x08001010   0x0000007c   Code   RO          462    .text.ADC_Disable   stm32u5xx_hal_adc.o
    0x0800108c   0x0800108c   0x00000094   Code   RO          468    .text.ADC_Enable    stm32u5xx_hal_adc.o
    0x08001120   0x08001120   0x00000290   Code   RO          131    .text.Alarm_Operation  rtc.o
    0x080013b0   0x080013b0   0x00000002   Code   RO          391    .text.BusFault_Handler  stm32u5xx_it.o
    0x080013b2   0x080013b2   0x00000002   PAD
    0x080013b4   0x080013b4   0x00000110   Code   RO          156    .text.DHT11_Check   dht11.o
    0x080014c4   0x080014c4   0x00000022   Code   RO          148    .text.DHT11_Delay_Init  dht11.o
    0x080014e6   0x080014e6   0x00000002   PAD
    0x080014e8   0x080014e8   0x0000005c   Code   RO          146    .text.DHT11_Delay_us  dht11.o
    0x08001544   0x08001544   0x00000120   Code   RO          164    .text.DHT11_Operation  dht11.o
    0x08001664   0x08001664   0x000000fa   Code   RO          158    .text.DHT11_Read_Bit  dht11.o
    0x0800175e   0x0800175e   0x00000002   PAD
    0x08001760   0x08001760   0x00000278   Code   RO          162    .text.DHT11_Read_Data  dht11.o
    0x080019d8   0x080019d8   0x000001d2   Code   RO          626    .text.DMA_List_FindNode  stm32u5xx_hal_dma_ex.o
    0x08001baa   0x08001baa   0x00000002   PAD
    0x08001bac   0x08001bac   0x00000002   Code   RO          397    .text.DebugMon_Handler  stm32u5xx_it.o
    0x08001bae   0x08001bae   0x00000002   PAD
    0x08001bb0   0x08001bb0   0x0000002c   Code   RO          208    .text.EXTI0_IRQHandler  grb.o
    0x08001bdc   0x08001bdc   0x0000000a   Code   RO          230    .text.Error_Handler  main.o
    0x08001be6   0x08001be6   0x00000002   PAD
    0x08001be8   0x08001be8   0x0000008a   Code   RO          939    .text.FLASH_WaitForLastOperation  stm32u5xx_hal_flash.o
    0x08001c72   0x08001c72   0x00000002   PAD
    0x08001c74   0x08001c74   0x0000003c   Code   RO           52    .text.Flash_Erase   flash.o
    0x08001cb0   0x08001cb0   0x0000000a   Code   RO           56    .text.Flash_Read    flash.o
    0x08001cba   0x08001cba   0x00000002   PAD
    0x08001cbc   0x08001cbc   0x0000001c   Code   RO           54    .text.Flash_Write   flash.o
    0x08001cd8   0x08001cd8   0x0000000c   Code   RO          405    .text.GPDMA1_Channel0_IRQHandler  stm32u5xx_it.o
    0x08001ce4   0x08001ce4   0x0000000c   Code   RO          407    .text.GPDMA1_Channel1_IRQHandler  stm32u5xx_it.o
    0x08001cf0   0x08001cf0   0x0000000c   Code   RO          409    .text.GPDMA1_Channel2_IRQHandler  stm32u5xx_it.o
    0x08001cfc   0x08001cfc   0x0000000c   Code   RO          411    .text.GPDMA1_Channel3_IRQHandler  stm32u5xx_it.o
    0x08001d08   0x08001d08   0x0000000c   Code   RO          413    .text.GPDMA1_Channel4_IRQHandler  stm32u5xx_it.o
    0x08001d14   0x08001d14   0x0000000c   Code   RO          415    .text.GPDMA1_Channel5_IRQHandler  stm32u5xx_it.o
    0x08001d20   0x08001d20   0x00000044   Code   RO          198    .text.GRB_Close     grb.o
    0x08001d64   0x08001d64   0x00000114   Code   RO          206    .text.GRB_Distance_Breath  grb.o
    0x08001e78   0x08001e78   0x0000013a   Code   RO          194    .text.GRB_Write     grb.o
    0x08001fb2   0x08001fb2   0x00000002   PAD
    0x08001fb4   0x08001fb4   0x000000f0   Code   RO          520    .text.HAL_ADCEx_Calibration_Start  stm32u5xx_hal_adc_ex.o
    0x080020a4   0x080020a4   0x00000002   Code   RO          550    .text.HAL_ADCEx_EndOfSamplingCallback  stm32u5xx_hal_adc_ex.o
    0x080020a6   0x080020a6   0x00000002   PAD
    0x080020a8   0x080020a8   0x00000002   Code   RO          542    .text.HAL_ADCEx_InjectedConvCpltCallback  stm32u5xx_hal_adc_ex.o
    0x080020aa   0x080020aa   0x00000002   PAD
    0x080020ac   0x080020ac   0x00000002   Code   RO          546    .text.HAL_ADCEx_LevelOutOfWindow2Callback  stm32u5xx_hal_adc_ex.o
    0x080020ae   0x080020ae   0x00000002   PAD
    0x080020b0   0x080020b0   0x00000002   Code   RO          548    .text.HAL_ADCEx_LevelOutOfWindow3Callback  stm32u5xx_hal_adc_ex.o
    0x080020b2   0x080020b2   0x00000002   PAD
    0x080020b4   0x080020b4   0x000002f8   Code   RO          506    .text.HAL_ADC_AnalogWDGConfig  stm32u5xx_hal_adc.o
    0x080023ac   0x080023ac   0x000007d2   Code   RO          502    .text.HAL_ADC_ConfigChannel  stm32u5xx_hal_adc.o
    0x08002b7e   0x08002b7e   0x00000002   PAD
    0x08002b80   0x08002b80   0x0000002e   Code   RO          212    .text.HAL_ADC_ConvCpltCallback  grb.o
    0x08002bae   0x08002bae   0x00000002   PAD
    0x08002bb0   0x08002bb0   0x00000002   Code   RO          500    .text.HAL_ADC_ConvHalfCpltCallback  stm32u5xx_hal_adc.o
    0x08002bb2   0x08002bb2   0x00000002   PAD
    0x08002bb4   0x08002bb4   0x00000002   Code   RO          498    .text.HAL_ADC_ErrorCallback  stm32u5xx_hal_adc.o
    0x08002bb6   0x08002bb6   0x00000002   PAD
    0x08002bb8   0x08002bb8   0x00000214   Code   RO          492    .text.HAL_ADC_IRQHandler  stm32u5xx_hal_adc.o
    0x08002dcc   0x08002dcc   0x00000400   Code   RO          454    .text.HAL_ADC_Init  stm32u5xx_hal_adc.o
    0x080031cc   0x080031cc   0x00000002   Code   RO          496    .text.HAL_ADC_LevelOutOfWindowCallback  stm32u5xx_hal_adc.o
    0x080031ce   0x080031ce   0x00000002   PAD
    0x080031d0   0x080031d0   0x0000016c   Code   RO          258    .text.HAL_ADC_MspInit  adc.o
    0x0800333c   0x0800333c   0x00000130   Code   RO          480    .text.HAL_ADC_Start_DMA  stm32u5xx_hal_adc.o
    0x0800346c   0x0800346c   0x0000016c   Code   RO          618    .text.HAL_DMAEx_List_BuildNode  stm32u5xx_hal_dma_ex.o
    0x080035d8   0x080035d8   0x00000156   Code   RO          620    .text.HAL_DMAEx_List_GetNodeConfig  stm32u5xx_hal_dma_ex.o
    0x0800372e   0x0800372e   0x00000002   PAD
    0x08003730   0x08003730   0x00000316   Code   RO          610    .text.HAL_DMAEx_List_Init  stm32u5xx_hal_dma_ex.o
    0x08003a46   0x08003a46   0x00000002   PAD
    0x08003a48   0x08003a48   0x00000128   Code   RO          622    .text.HAL_DMAEx_List_InsertNode  stm32u5xx_hal_dma_ex.o
    0x08003b70   0x08003b70   0x000000ee   Code   RO          662    .text.HAL_DMAEx_List_LinkQ  stm32u5xx_hal_dma_ex.o
    0x08003c5e   0x08003c5e   0x00000002   PAD
    0x08003c60   0x08003c60   0x0000011e   Code   RO          654    .text.HAL_DMAEx_List_SetCircularMode  stm32u5xx_hal_dma_ex.o
    0x08003d7e   0x08003d7e   0x00000002   PAD
    0x08003d80   0x08003d80   0x000000d4   Code   RO          616    .text.HAL_DMAEx_List_Start_IT  stm32u5xx_hal_dma_ex.o
    0x08003e54   0x08003e54   0x000000a8   Code   RO          580    .text.HAL_DMA_Abort  stm32u5xx_hal_dma.o
    0x08003efc   0x08003efc   0x00000028   Code   RO          582    .text.HAL_DMA_Abort_IT  stm32u5xx_hal_dma.o
    0x08003f24   0x08003f24   0x0000003a   Code   RO          596    .text.HAL_DMA_ConfigChannelAttributes  stm32u5xx_hal_dma.o
    0x08003f5e   0x08003f5e   0x00000002   PAD
    0x08003f60   0x08003f60   0x00000004   Code   RO          594    .text.HAL_DMA_GetError  stm32u5xx_hal_dma.o
    0x08003f64   0x08003f64   0x000001c2   Code   RO          586    .text.HAL_DMA_IRQHandler  stm32u5xx_hal_dma.o
    0x08004126   0x08004126   0x00000002   PAD
    0x08004128   0x08004128   0x0000058a   Code   RO          572    .text.HAL_DMA_Init  stm32u5xx_hal_dma.o
    0x080046b2   0x080046b2   0x00000002   PAD
    0x080046b4   0x080046b4   0x000000a6   Code   RO          578    .text.HAL_DMA_Start_IT  stm32u5xx_hal_dma.o
    0x0800475a   0x0800475a   0x00000002   PAD
    0x0800475c   0x0800475c   0x00000028   Code   RO          709    .text.HAL_Delay     stm32u5xx_hal.o
    0x08004784   0x08004784   0x00000108   Code   RO          970    .text.HAL_FLASHEx_Erase  stm32u5xx_hal_flash_ex.o
    0x0800488c   0x0800488c   0x00000018   Code   RO          951    .text.HAL_FLASH_Lock  stm32u5xx_hal_flash.o
    0x080048a4   0x080048a4   0x000001cc   Code   RO          937    .text.HAL_FLASH_Program  stm32u5xx_hal_flash.o
    0x08004a70   0x08004a70   0x0000002e   Code   RO          949    .text.HAL_FLASH_Unlock  stm32u5xx_hal_flash.o
    0x08004a9e   0x08004a9e   0x00000002   PAD
    0x08004aa0   0x08004aa0   0x00000090   Code   RO         1286    .text.HAL_FMAC_Init  stm32u5xx_hal_fmac.o
    0x08004b30   0x08004b30   0x00000030   Code   RO          276    .text.HAL_FMAC_MspInit  fmac.o
    0x08004b60   0x08004b60   0x00000002   Code   RO         1024    .text.HAL_GPIO_EXTI_Falling_Callback  stm32u5xx_hal_gpio.o
    0x08004b62   0x08004b62   0x00000002   PAD
    0x08004b64   0x08004b64   0x0000002e   Code   RO         1020    .text.HAL_GPIO_EXTI_IRQHandler  stm32u5xx_hal_gpio.o
    0x08004b92   0x08004b92   0x00000002   PAD
    0x08004b94   0x08004b94   0x00000002   Code   RO         1022    .text.HAL_GPIO_EXTI_Rising_Callback  stm32u5xx_hal_gpio.o
    0x08004b96   0x08004b96   0x00000002   PAD
    0x08004b98   0x08004b98   0x00000252   Code   RO         1004    .text.HAL_GPIO_Init  stm32u5xx_hal_gpio.o
    0x08004dea   0x08004dea   0x00000002   PAD
    0x08004dec   0x08004dec   0x0000000a   Code   RO         1008    .text.HAL_GPIO_ReadPin  stm32u5xx_hal_gpio.o
    0x08004df6   0x08004df6   0x00000002   PAD
    0x08004df8   0x08004df8   0x0000000c   Code   RO         1010    .text.HAL_GPIO_WritePin  stm32u5xx_hal_gpio.o
    0x08004e04   0x08004e04   0x0000000e   Code   RO          717    .text.HAL_GetREVID  stm32u5xx_hal.o
    0x08004e12   0x08004e12   0x00000002   PAD
    0x08004e14   0x08004e14   0x0000000c   Code   RO          701    .text.HAL_GetTick   stm32u5xx_hal.o
    0x08004e20   0x08004e20   0x00000020   Code   RO         1242    .text.HAL_ICACHE_ConfigAssociativityMode  stm32u5xx_hal_icache.o
    0x08004e40   0x08004e40   0x00000044   Code   RO         1256    .text.HAL_ICACHE_Disable  stm32u5xx_hal_icache.o
    0x08004e84   0x08004e84   0x00000014   Code   RO         1254    .text.HAL_ICACHE_Enable  stm32u5xx_hal_icache.o
    0x08004e98   0x08004e98   0x00000022   Code   RO          224    .text.HAL_IncTick   main.o
    0x08004eba   0x08004eba   0x00000002   PAD
    0x08004ebc   0x08004ebc   0x00000056   Code   RO          689    .text.HAL_Init      stm32u5xx_hal.o
    0x08004f12   0x08004f12   0x00000002   PAD
    0x08004f14   0x08004f14   0x000000a2   Code   RO          438    .text.HAL_InitTick  stm32u5xx_hal_timebase_tim.o
    0x08004fb6   0x08004fb6   0x00000002   PAD
    0x08004fb8   0x08004fb8   0x00000002   Code   RO         1464    .text.HAL_LPTIM_AutoReloadMatchCallback  stm32u5xx_hal_lptim.o
    0x08004fba   0x08004fba   0x00000002   PAD
    0x08004fbc   0x08004fbc   0x00000002   Code   RO         1470    .text.HAL_LPTIM_AutoReloadWriteCallback  stm32u5xx_hal_lptim.o
    0x08004fbe   0x08004fbe   0x00000002   PAD
    0x08004fc0   0x08004fc0   0x00000002   Code   RO         1460    .text.HAL_LPTIM_CompareMatchCallback  stm32u5xx_hal_lptim.o
    0x08004fc2   0x08004fc2   0x00000002   PAD
    0x08004fc4   0x08004fc4   0x00000002   Code   RO         1468    .text.HAL_LPTIM_CompareWriteCallback  stm32u5xx_hal_lptim.o
    0x08004fc6   0x08004fc6   0x00000002   PAD
    0x08004fc8   0x08004fc8   0x000000c2   Code   RO         1424    .text.HAL_LPTIM_Counter_Start_IT  stm32u5xx_hal_lptim.o
    0x0800508a   0x0800508a   0x00000002   PAD
    0x0800508c   0x0800508c   0x00000002   Code   RO         1474    .text.HAL_LPTIM_DirectionDownCallback  stm32u5xx_hal_lptim.o
    0x0800508e   0x0800508e   0x00000002   PAD
    0x08005090   0x08005090   0x00000002   Code   RO         1472    .text.HAL_LPTIM_DirectionUpCallback  stm32u5xx_hal_lptim.o
    0x08005092   0x08005092   0x00000002   PAD
    0x08005094   0x08005094   0x00000002   Code   RO         1458    .text.HAL_LPTIM_IC_CaptureCallback  stm32u5xx_hal_lptim.o
    0x08005096   0x08005096   0x00000002   PAD
    0x08005098   0x08005098   0x00000002   Code   RO         1462    .text.HAL_LPTIM_IC_OverCaptureCallback  stm32u5xx_hal_lptim.o
    0x0800509a   0x0800509a   0x00000002   PAD
    0x0800509c   0x0800509c   0x000001f4   Code   RO         1456    .text.HAL_LPTIM_IRQHandler  stm32u5xx_hal_lptim.o
    0x08005290   0x08005290   0x000001d2   Code   RO         1360    .text.HAL_LPTIM_Init  stm32u5xx_hal_lptim.o
    0x08005462   0x08005462   0x00000002   PAD
    0x08005464   0x08005464   0x00000070   Code   RO          308    .text.HAL_LPTIM_MspInit  lptim.o
    0x080054d4   0x080054d4   0x00000002   Code   RO         1478    .text.HAL_LPTIM_RepCounterWriteCallback  stm32u5xx_hal_lptim.o
    0x080054d6   0x080054d6   0x00000002   PAD
    0x080054d8   0x080054d8   0x00000002   Code   RO         1466    .text.HAL_LPTIM_TriggerCallback  stm32u5xx_hal_lptim.o
    0x080054da   0x080054da   0x00000002   PAD
    0x080054dc   0x080054dc   0x00000002   Code   RO         1476    .text.HAL_LPTIM_UpdateEventCallback  stm32u5xx_hal_lptim.o
    0x080054de   0x080054de   0x00000002   PAD
    0x080054e0   0x080054e0   0x00000022   Code   RO          430    .text.HAL_MspInit   stm32u5xx_hal_msp.o
    0x08005502   0x08005502   0x00000002   PAD
    0x08005504   0x08005504   0x00000022   Code   RO          893    .text.HAL_NVIC_EnableIRQ  stm32u5xx_hal_cortex.o
    0x08005526   0x08005526   0x00000002   PAD
    0x08005528   0x08005528   0x00000056   Code   RO          891    .text.HAL_NVIC_SetPriority  stm32u5xx_hal_cortex.o
    0x0800557e   0x0800557e   0x00000002   PAD
    0x08005580   0x08005580   0x00000020   Code   RO          889    .text.HAL_NVIC_SetPriorityGrouping  stm32u5xx_hal_cortex.o
    0x080055a0   0x080055a0   0x000000b4   Code   RO         1115    .text.HAL_PWREx_ConfigSupply  stm32u5xx_hal_pwr_ex.o
    0x08005654   0x08005654   0x000000e2   Code   RO         1111    .text.HAL_PWREx_ControlVoltageScaling  stm32u5xx_hal_pwr_ex.o
    0x08005736   0x08005736   0x00000002   PAD
    0x08005738   0x08005738   0x00000012   Code   RO         1181    .text.HAL_PWREx_DisableUCPDDeadBattery  stm32u5xx_hal_pwr_ex.o
    0x0800574a   0x0800574a   0x00000002   PAD
    0x0800574c   0x0800574c   0x00000012   Code   RO         1151    .text.HAL_PWREx_EnableVddA  stm32u5xx_hal_pwr_ex.o
    0x0800575e   0x0800575e   0x00000002   PAD
    0x08005760   0x08005760   0x00000012   Code   RO         1147    .text.HAL_PWREx_EnableVddIO2  stm32u5xx_hal_pwr_ex.o
    0x08005772   0x08005772   0x00000002   PAD
    0x08005774   0x08005774   0x00000010   Code   RO         1113    .text.HAL_PWREx_GetVoltageRange  stm32u5xx_hal_pwr_ex.o
    0x08005784   0x08005784   0x00000012   Code   RO         1067    .text.HAL_PWR_EnableBkUpAccess  stm32u5xx_hal_pwr.o
    0x08005796   0x08005796   0x00000002   PAD
    0x08005798   0x08005798   0x00000198   Code   RO          817    .text.HAL_RCCEx_GetPLL1ClockFreq  stm32u5xx_hal_rcc_ex.o
    0x08005930   0x08005930   0x00000198   Code   RO          819    .text.HAL_RCCEx_GetPLL2ClockFreq  stm32u5xx_hal_rcc_ex.o
    0x08005ac8   0x08005ac8   0x00000198   Code   RO          821    .text.HAL_RCCEx_GetPLL3ClockFreq  stm32u5xx_hal_rcc_ex.o
    0x08005c60   0x08005c60   0x000008fe   Code   RO          823    .text.HAL_RCCEx_GetPeriphCLKFreq  stm32u5xx_hal_rcc_ex.o
    0x0800655e   0x0800655e   0x00000002   PAD
    0x08006560   0x08006560   0x00000656   Code   RO          809    .text.HAL_RCCEx_PeriphCLKConfig  stm32u5xx_hal_rcc_ex.o
    0x08006bb6   0x08006bb6   0x00000002   PAD
    0x08006bb8   0x08006bb8   0x000002fa   Code   RO          773    .text.HAL_RCC_ClockConfig  stm32u5xx_hal_rcc.o
    0x08006eb2   0x08006eb2   0x00000002   PAD
    0x08006eb4   0x08006eb4   0x0000004c   Code   RO          787    .text.HAL_RCC_GetClockConfig  stm32u5xx_hal_rcc.o
    0x08006f00   0x08006f00   0x0000002c   Code   RO          771    .text.HAL_RCC_GetHCLKFreq  stm32u5xx_hal_rcc.o
    0x08006f2c   0x08006f2c   0x0000003e   Code   RO          779    .text.HAL_RCC_GetPCLK1Freq  stm32u5xx_hal_rcc.o
    0x08006f6a   0x08006f6a   0x00000002   PAD
    0x08006f6c   0x08006f6c   0x0000003e   Code   RO          781    .text.HAL_RCC_GetPCLK2Freq  stm32u5xx_hal_rcc.o
    0x08006faa   0x08006faa   0x00000002   PAD
    0x08006fac   0x08006fac   0x0000003e   Code   RO          783    .text.HAL_RCC_GetPCLK3Freq  stm32u5xx_hal_rcc.o
    0x08006fea   0x08006fea   0x00000002   PAD
    0x08006fec   0x08006fec   0x00000108   Code   RO          775    .text.HAL_RCC_GetSysClockFreq  stm32u5xx_hal_rcc.o
    0x080070f4   0x080070f4   0x00000b6c   Code   RO          769    .text.HAL_RCC_OscConfig  stm32u5xx_hal_rcc.o
    0x08007c60   0x08007c60   0x00000002   Code   RO         1618    .text.HAL_RTCEx_AlarmBEventCallback  stm32u5xx_hal_rtc_ex.o
    0x08007c62   0x08007c62   0x00000002   PAD
    0x08007c64   0x08007c64   0x0000003a   Code   RO         1706    .text.HAL_RTCEx_PrivilegeModeSet  stm32u5xx_hal_rtc_ex.o
    0x08007c9e   0x08007c9e   0x00000002   PAD
    0x08007ca0   0x08007ca0   0x000001ca   Code   RO          133    .text.HAL_RTC_AlarmAEventCallback  rtc.o
    0x08007e6a   0x08007e6a   0x00000002   PAD
    0x08007e6c   0x08007e6c   0x00000040   Code   RO         1538    .text.HAL_RTC_AlarmIRQHandler  stm32u5xx_hal_rtc.o
    0x08007eac   0x08007eac   0x0000005e   Code   RO         1534    .text.HAL_RTC_DeactivateAlarm  stm32u5xx_hal_rtc.o
    0x08007f0a   0x08007f0a   0x00000002   PAD
    0x08007f0c   0x08007f0c   0x0000006c   Code   RO         1528    .text.HAL_RTC_GetDate  stm32u5xx_hal_rtc.o
    0x08007f78   0x08007f78   0x00000084   Code   RO         1522    .text.HAL_RTC_GetTime  stm32u5xx_hal_rtc.o
    0x08007ffc   0x08007ffc   0x000000da   Code   RO         1496    .text.HAL_RTC_Init  stm32u5xx_hal_rtc.o
    0x080080d6   0x080080d6   0x00000002   PAD
    0x080080d8   0x080080d8   0x00000078   Code   RO          323    .text.HAL_RTC_MspInit  rtc_1.o
    0x08008150   0x08008150   0x0000021a   Code   RO         1532    .text.HAL_RTC_SetAlarm_IT  stm32u5xx_hal_rtc.o
    0x0800836a   0x0800836a   0x00000002   PAD
    0x0800836c   0x0800836c   0x0000013c   Code   RO         1526    .text.HAL_RTC_SetDate  stm32u5xx_hal_rtc.o
    0x080084a8   0x080084a8   0x0000019e   Code   RO         1508    .text.HAL_RTC_SetTime  stm32u5xx_hal_rtc.o
    0x08008646   0x08008646   0x00000002   PAD
    0x08008648   0x08008648   0x00000002   Code   RO         2077    .text.HAL_TIMEx_Break2Callback  stm32u5xx_hal_tim_ex.o
    0x0800864a   0x0800864a   0x00000002   PAD
    0x0800864c   0x0800864c   0x00000002   Code   RO         2075    .text.HAL_TIMEx_BreakCallback  stm32u5xx_hal_tim_ex.o
    0x0800864e   0x0800864e   0x00000002   PAD
    0x08008650   0x08008650   0x00000002   Code   RO         2071    .text.HAL_TIMEx_CommutCallback  stm32u5xx_hal_tim_ex.o
    0x08008652   0x08008652   0x00000002   PAD
    0x08008654   0x08008654   0x00000002   Code   RO         2081    .text.HAL_TIMEx_DirectionChangeCallback  stm32u5xx_hal_tim_ex.o
    0x08008656   0x08008656   0x00000002   PAD
    0x08008658   0x08008658   0x00000002   Code   RO         2079    .text.HAL_TIMEx_EncoderIndexCallback  stm32u5xx_hal_tim_ex.o
    0x0800865a   0x0800865a   0x00000002   PAD
    0x0800865c   0x0800865c   0x00000002   Code   RO         2083    .text.HAL_TIMEx_IndexErrorCallback  stm32u5xx_hal_tim_ex.o
    0x0800865e   0x0800865e   0x00000002   PAD
    0x08008660   0x08008660   0x0000015e   Code   RO         2021    .text.HAL_TIMEx_MasterConfigSynchronization  stm32u5xx_hal_tim_ex.o
    0x080087be   0x080087be   0x00000002   PAD
    0x080087c0   0x080087c0   0x00000002   Code   RO         2085    .text.HAL_TIMEx_TransitionErrorCallback  stm32u5xx_hal_tim_ex.o
    0x080087c2   0x080087c2   0x00000002   PAD
    0x080087c4   0x080087c4   0x00000062   Code   RO         1718    .text.HAL_TIM_Base_Init  stm32u5xx_hal_tim.o
    0x08008826   0x08008826   0x00000002   PAD
    0x08008828   0x08008828   0x0000013c   Code   RO          344    .text.HAL_TIM_Base_MspInit  tim.o
    0x08008964   0x08008964   0x0000010c   Code   RO         1732    .text.HAL_TIM_Base_Start_IT  stm32u5xx_hal_tim.o
    0x08008a70   0x08008a70   0x00000214   Code   RO         1906    .text.HAL_TIM_ConfigClockSource  stm32u5xx_hal_tim.o
    0x08008c84   0x08008c84   0x00000002   Code   RO         1926    .text.HAL_TIM_ErrorCallback  stm32u5xx_hal_tim.o
    0x08008c86   0x08008c86   0x00000002   PAD
    0x08008c88   0x08008c88   0x00000068   Code   RO          183    .text.HAL_TIM_IC_CaptureCallback  hc_sr04.o
    0x08008cf0   0x08008cf0   0x0000021e   Code   RO         1876    .text.HAL_TIM_IC_ConfigChannel  stm32u5xx_hal_tim.o
    0x08008f0e   0x08008f0e   0x00000002   PAD
    0x08008f10   0x08008f10   0x00000062   Code   RO         1794    .text.HAL_TIM_IC_Init  stm32u5xx_hal_tim.o
    0x08008f72   0x08008f72   0x00000002   PAD
    0x08008f74   0x08008f74   0x00000002   Code   RO         1796    .text.HAL_TIM_IC_MspInit  stm32u5xx_hal_tim.o
    0x08008f76   0x08008f76   0x00000002   PAD
    0x08008f78   0x08008f78   0x00000250   Code   RO         1806    .text.HAL_TIM_IC_Start_IT  stm32u5xx_hal_tim.o
    0x080091c8   0x080091c8   0x00000210   Code   RO         1854    .text.HAL_TIM_IRQHandler  stm32u5xx_hal_tim.o
    0x080093d8   0x080093d8   0x00000002   Code   RO         1858    .text.HAL_TIM_OC_DelayElapsedCallback  stm32u5xx_hal_tim.o
    0x080093da   0x080093da   0x00000002   PAD
    0x080093dc   0x080093dc   0x0000028e   Code   RO         1880    .text.HAL_TIM_PWM_ConfigChannel  stm32u5xx_hal_tim.o
    0x0800966a   0x0800966a   0x00000002   PAD
    0x0800966c   0x0800966c   0x00000062   Code   RO         1774    .text.HAL_TIM_PWM_Init  stm32u5xx_hal_tim.o
    0x080096ce   0x080096ce   0x00000002   PAD
    0x080096d0   0x080096d0   0x00000002   Code   RO         1776    .text.HAL_TIM_PWM_MspInit  stm32u5xx_hal_tim.o
    0x080096d2   0x080096d2   0x00000002   PAD
    0x080096d4   0x080096d4   0x00000002   Code   RO         1860    .text.HAL_TIM_PWM_PulseFinishedCallback  stm32u5xx_hal_tim.o
    0x080096d6   0x080096d6   0x00000002   PAD
    0x080096d8   0x080096d8   0x00000002   Code   RO         1922    .text.HAL_TIM_PWM_PulseFinishedHalfCpltCallback  stm32u5xx_hal_tim.o
    0x080096da   0x080096da   0x00000002   PAD
    0x080096dc   0x080096dc   0x0000045a   Code   RO         1790    .text.HAL_TIM_PWM_Start_DMA  stm32u5xx_hal_tim.o
    0x08009b36   0x08009b36   0x00000002   PAD
    0x08009b38   0x08009b38   0x0000019e   Code   RO         1792    .text.HAL_TIM_PWM_Stop_DMA  stm32u5xx_hal_tim.o
    0x08009cd6   0x08009cd6   0x00000002   PAD
    0x08009cd8   0x08009cd8   0x00000032   Code   RO          232    .text.HAL_TIM_PeriodElapsedCallback  main.o
    0x08009d0a   0x08009d0a   0x00000002   PAD
    0x08009d0c   0x08009d0c   0x00000034   Code   RO         1916    .text.HAL_TIM_ReadCapturedValue  stm32u5xx_hal_tim.o
    0x08009d40   0x08009d40   0x00000002   Code   RO         1864    .text.HAL_TIM_TriggerCallback  stm32u5xx_hal_tim.o
    0x08009d42   0x08009d42   0x00000002   PAD
    0x08009d44   0x08009d44   0x00000036   Code   RO         2263    .text.HAL_UARTEx_DisableFifoMode  stm32u5xx_hal_uart_ex.o
    0x08009d7a   0x08009d7a   0x00000002   PAD
    0x08009d7c   0x08009d7c   0x00000002   Code   RO         2194    .text.HAL_UARTEx_RxEventCallback  stm32u5xx_hal_uart.o
    0x08009d7e   0x08009d7e   0x00000002   PAD
    0x08009d80   0x08009d80   0x00000002   Code   RO         2249    .text.HAL_UARTEx_RxFifoFullCallback  stm32u5xx_hal_uart_ex.o
    0x08009d82   0x08009d82   0x00000002   PAD
    0x08009d84   0x08009d84   0x00000090   Code   RO         2267    .text.HAL_UARTEx_SetRxFifoThreshold  stm32u5xx_hal_uart_ex.o
    0x08009e14   0x08009e14   0x00000090   Code   RO         2265    .text.HAL_UARTEx_SetTxFifoThreshold  stm32u5xx_hal_uart_ex.o
    0x08009ea4   0x08009ea4   0x00000002   Code   RO         2251    .text.HAL_UARTEx_TxFifoEmptyCallback  stm32u5xx_hal_uart_ex.o
    0x08009ea6   0x08009ea6   0x00000002   PAD
    0x08009ea8   0x08009ea8   0x00000288   Code   RO         2160    .text.HAL_UART_DMAStop  stm32u5xx_hal_uart.o
    0x0800a130   0x0800a130   0x00000002   Code   RO         2192    .text.HAL_UART_ErrorCallback  stm32u5xx_hal_uart.o
    0x0800a132   0x0800a132   0x00000002   PAD
    0x0800a134   0x0800a134   0x00000572   Code   RO         2188    .text.HAL_UART_IRQHandler  stm32u5xx_hal_uart.o
    0x0800a6a6   0x0800a6a6   0x00000002   PAD
    0x0800a6a8   0x0800a6a8   0x000000d6   Code   RO         2104    .text.HAL_UART_Init  stm32u5xx_hal_uart.o
    0x0800a77e   0x0800a77e   0x00000002   PAD
    0x0800a780   0x0800a780   0x000002f0   Code   RO          366    .text.HAL_UART_MspInit  usart.o
    0x0800aa70   0x0800aa70   0x000000b8   Code   RO         2152    .text.HAL_UART_Receive_DMA  stm32u5xx_hal_uart.o
    0x0800ab28   0x0800ab28   0x00000002   Code   RO         2200    .text.HAL_UART_RxCpltCallback  stm32u5xx_hal_uart.o
    0x0800ab2a   0x0800ab2a   0x00000002   PAD
    0x0800ab2c   0x0800ab2c   0x00000002   Code   RO         2202    .text.HAL_UART_RxHalfCpltCallback  stm32u5xx_hal_uart.o
    0x0800ab2e   0x0800ab2e   0x00000002   PAD
    0x0800ab30   0x0800ab30   0x000000f2   Code   RO         2124    .text.HAL_UART_Transmit  stm32u5xx_hal_uart.o
    0x0800ac22   0x0800ac22   0x00000002   PAD
    0x0800ac24   0x0800ac24   0x00000002   Code   RO         2196    .text.HAL_UART_TxCpltCallback  stm32u5xx_hal_uart.o
    0x0800ac26   0x0800ac26   0x00000002   PAD
    0x0800ac28   0x0800ac28   0x00000088   Code   RO          181    .text.HC_Get_Measure  hc_sr04.o
    0x0800acb0   0x0800acb0   0x00000032   Code   RO          179    .text.HC_Send_Trig  hc_sr04.o
    0x0800ace2   0x0800ace2   0x00000002   PAD
    0x0800ace4   0x0800ace4   0x00000148   Code   RO          200    .text.HSV_To_GRB    grb.o
    0x0800ae2c   0x0800ae2c   0x00000002   Code   RO          387    .text.HardFault_Handler  stm32u5xx_it.o
    0x0800ae2e   0x0800ae2e   0x00000002   PAD
    0x0800ae30   0x0800ae30   0x00000064   Code   RO          504    .text.LL_ADC_REG_SetSequencerRanks  stm32u5xx_hal_adc.o
    0x0800ae94   0x0800ae94   0x0000002e   Code   RO          166    .text.LPTIM1_IRQHandler  dht11.o
    0x0800aec2   0x0800aec2   0x00000002   PAD
    0x0800aec4   0x0800aec4   0x000000d6   Code   RO          256    .text.MX_ADC4_Init  adc.o
    0x0800af9a   0x0800af9a   0x00000002   PAD
    0x0800af9c   0x0800af9c   0x00000026   Code   RO          274    .text.MX_FMAC_Init  fmac.o
    0x0800afc2   0x0800afc2   0x00000002   PAD
    0x0800afc4   0x0800afc4   0x00000084   Code   RO          289    .text.MX_GPDMA1_Init  gpdma.o
    0x0800b048   0x0800b048   0x000001b6   Code   RO          246    .text.MX_GPIO_Init  gpio.o
    0x0800b1fe   0x0800b1fe   0x00000002   PAD
    0x0800b200   0x0800b200   0x00000022   Code   RO          298    .text.MX_ICACHE_Init  icache.o
    0x0800b222   0x0800b222   0x00000002   PAD
    0x0800b224   0x0800b224   0x00000042   Code   RO          306    .text.MX_LPTIM1_Init  lptim.o
    0x0800b266   0x0800b266   0x00000002   PAD
    0x0800b268   0x0800b268   0x00000108   Code   RO          321    .text.MX_RTC_Init   rtc_1.o
    0x0800b370   0x0800b370   0x00000158   Code   RO          336    .text.MX_TIM2_Init  tim.o
    0x0800b4c8   0x0800b4c8   0x000000be   Code   RO          340    .text.MX_TIM3_Init  tim.o
    0x0800b586   0x0800b586   0x00000002   PAD
    0x0800b588   0x0800b588   0x00000134   Code   RO          342    .text.MX_TIM4_Init  tim.o
    0x0800b6bc   0x0800b6bc   0x00000084   Code   RO          360    .text.MX_USART1_UART_Init  usart.o
    0x0800b740   0x0800b740   0x00000084   Code   RO          362    .text.MX_USART2_UART_Init  usart.o
    0x0800b7c4   0x0800b7c4   0x00000084   Code   RO          364    .text.MX_USART3_UART_Init  usart.o
    0x0800b848   0x0800b848   0x00000002   Code   RO          389    .text.MemManage_Handler  stm32u5xx_it.o
    0x0800b84a   0x0800b84a   0x00000002   PAD
    0x0800b84c   0x0800b84c   0x00000002   Code   RO          385    .text.NMI_Handler   stm32u5xx_it.o
    0x0800b84e   0x0800b84e   0x00000002   PAD
    0x0800b850   0x0800b850   0x000000c0   Code   RO          127    .text.ParseAndSetRTC  rtc.o
    0x0800b910   0x0800b910   0x000000d4   Code   RO          129    .text.ParseRemindTimes  rtc.o
    0x0800b9e4   0x0800b9e4   0x000002c0   Code   RO           90    .text.Parse_MQTTData  uart.o
    0x0800bca4   0x0800bca4   0x00000002   Code   RO          399    .text.PendSV_Handler  stm32u5xx_it.o
    0x0800bca6   0x0800bca6   0x00000002   PAD
    0x0800bca8   0x0800bca8   0x000000f2   Code   RO          811    .text.RCCEx_PLL2_Config  stm32u5xx_hal_rcc_ex.o
    0x0800bd9a   0x0800bd9a   0x00000002   PAD
    0x0800bd9c   0x0800bd9c   0x000000f2   Code   RO          813    .text.RCCEx_PLL3_Config  stm32u5xx_hal_rcc_ex.o
    0x0800be8e   0x0800be8e   0x00000002   PAD
    0x0800be90   0x0800be90   0x00000090   Code   RO         1502    .text.RTC_ExitInitMode  stm32u5xx_hal_rtc.o
    0x0800bf20   0x0800bf20   0x0000000c   Code   RO          403    .text.RTC_IRQHandler  stm32u5xx_it.o
    0x0800bf2c   0x0800bf2c   0x00000002   Code   RO          395    .text.SVC_Handler   stm32u5xx_it.o
    0x0800bf2e   0x0800bf2e   0x00000002   PAD
    0x0800bf30   0x0800bf30   0x00000004   Code   RO          401    .text.SysTick_Handler  stm32u5xx_it.o
    0x0800bf34   0x0800bf34   0x000000b6   Code   RO          228    .text.SystemClock_Config  main.o
    0x0800bfea   0x0800bfea   0x00000002   PAD
    0x0800bfec   0x0800bfec   0x0000004c   Code   RO         2290    .text.SystemInit    system_stm32u5xx.o
    0x0800c038   0x0800c038   0x0000000c   Code   RO          417    .text.TIM1_UP_IRQHandler  stm32u5xx_it.o
    0x0800c044   0x0800c044   0x0000000c   Code   RO          419    .text.TIM3_IRQHandler  stm32u5xx_it.o
    0x0800c050   0x0800c050   0x0000000c   Code   RO          421    .text.TIM4_IRQHandler  stm32u5xx_it.o
    0x0800c05c   0x0800c05c   0x0000027e   Code   RO         1722    .text.TIM_Base_SetConfig  stm32u5xx_hal_tim.o
    0x0800c2da   0x0800c2da   0x00000002   PAD
    0x0800c2dc   0x0800c2dc   0x00000038   Code   RO         1768    .text.TIM_DMADelayPulseCplt  stm32u5xx_hal_tim.o
    0x0800c314   0x0800c314   0x00000038   Code   RO         1770    .text.TIM_DMADelayPulseHalfCplt  stm32u5xx_hal_tim.o
    0x0800c34c   0x0800c34c   0x0000005e   Code   RO         1742    .text.TIM_DMAError  stm32u5xx_hal_tim.o
    0x0800c3aa   0x0800c3aa   0x00000002   PAD
    0x0800c3ac   0x0800c3ac   0x00000168   Code   RO         1868    .text.TIM_OC1_SetConfig  stm32u5xx_hal_tim.o
    0x0800c514   0x0800c514   0x0000012a   Code   RO         1870    .text.TIM_OC2_SetConfig  stm32u5xx_hal_tim.o
    0x0800c63e   0x0800c63e   0x00000002   PAD
    0x0800c640   0x0800c640   0x0000012a   Code   RO         1872    .text.TIM_OC3_SetConfig  stm32u5xx_hal_tim.o
    0x0800c76a   0x0800c76a   0x00000002   PAD
    0x0800c76c   0x0800c76c   0x0000012a   Code   RO         1874    .text.TIM_OC4_SetConfig  stm32u5xx_hal_tim.o
    0x0800c896   0x0800c896   0x00000002   PAD
    0x0800c898   0x0800c898   0x000000ea   Code   RO         2110    .text.UART_AdvFeatureConfig  stm32u5xx_hal_uart.o
    0x0800c982   0x0800c982   0x00000002   PAD
    0x0800c984   0x0800c984   0x00000010   Code   RO         2190    .text.UART_DMAAbortOnError  stm32u5xx_hal_uart.o
    0x0800c994   0x0800c994   0x000001da   Code   RO         2150    .text.UART_DMAError  stm32u5xx_hal_uart.o
    0x0800cb6e   0x0800cb6e   0x00000002   PAD
    0x0800cb70   0x0800cb70   0x00000110   Code   RO         2234    .text.UART_DMAReceiveCplt  stm32u5xx_hal_uart.o
    0x0800cc80   0x0800cc80   0x00000016   Code   RO         2236    .text.UART_DMARxHalfCplt  stm32u5xx_hal_uart.o
    0x0800cc96   0x0800cc96   0x00000002   PAD
    0x0800cc98   0x0800cc98   0x0000020a   Code   RO         2108    .text.UART_SetConfig  stm32u5xx_hal_uart.o
    0x0800cea2   0x0800cea2   0x00000002   PAD
    0x0800cea4   0x0800cea4   0x0000018a   Code   RO         2154    .text.UART_Start_Receive_DMA  stm32u5xx_hal_uart.o
    0x0800d02e   0x0800d02e   0x00000002   PAD
    0x0800d030   0x0800d030   0x0000020e   Code   RO         2126    .text.UART_WaitOnFlagUntilTimeout  stm32u5xx_hal_uart.o
    0x0800d23e   0x0800d23e   0x00000002   PAD
    0x0800d240   0x0800d240   0x00000284   Code   RO           92    .text.USART2_IRQHandler  uart.o
    0x0800d4c4   0x0800d4c4   0x0000003c   Code   RO           86    .text.Uart_printf   uart.o
    0x0800d500   0x0800d500   0x00000002   Code   RO          393    .text.UsageFault_Handler  stm32u5xx_it.o
    0x0800d502   0x0800d502   0x00000002   PAD
    0x0800d504   0x0800d504   0x0000003a   Code   RO           94    .text.Voice_Remind  uart.o
    0x0800d53e   0x0800d53e   0x00000002   PAD
    0x0800d540   0x0800d540   0x0000013e   Code   RO          226    .text.main          main.o
    0x0800d67e   0x0800d67e   0x00000002   PAD
    0x0800d680   0x0800d680   0x00000034   Code   RO         2342    i.__0vsnprintf      mc_w.l(printfa.o)
    0x0800d6b4   0x0800d6b4   0x000000b0   Code   RO         2305    i.__hardfp_fmodf    m_wm.l(fmodf.o)
    0x0800d764   0x0800d764   0x00000010   Code   RO         2380    i.__mathlib_flt_invalid  m_wm.l(funder.o)
    0x0800d774   0x0800d774   0x0000000e   Code   RO         2466    i.__scatterload_copy  mc_w.l(handlers.o)
    0x0800d782   0x0800d782   0x00000002   Code   RO         2467    i.__scatterload_null  mc_w.l(handlers.o)
    0x0800d784   0x0800d784   0x0000000e   Code   RO         2468    i.__scatterload_zeroinit  mc_w.l(handlers.o)
    0x0800d792   0x0800d792   0x00000002   PAD
    0x0800d794   0x0800d794   0x0000000c   Code   RO         2429    i.__set_errno       mc_w.l(errno.o)
    0x0800d7a0   0x0800d7a0   0x00000184   Code   RO         2344    i._fp_digits        mc_w.l(printfa.o)
    0x0800d924   0x0800d924   0x000006dc   Code   RO         2345    i._printf_core      mc_w.l(printfa.o)
    0x0800e000   0x0800e000   0x00000024   Code   RO         2346    i._printf_post_padding  mc_w.l(printfa.o)
    0x0800e024   0x0800e024   0x0000002e   Code   RO         2347    i._printf_pre_padding  mc_w.l(printfa.o)
    0x0800e052   0x0800e052   0x00000016   Code   RO         2348    i._snputc           mc_w.l(printfa.o)
    0x0800e068   0x0800e068   0x00000040   Data   RO         2462    .constdata          mc_w.l(ctype_c.o)
    0x0800e0a8   0x0800e0a8   0x00000010   Data   RO         2295    .rodata.AHBPrescTable  system_stm32u5xx.o
    0x0800e0b8   0x0800e0b8   0x00000008   Data   RO         2296    .rodata.APBPrescTable  system_stm32u5xx.o
    0x0800e0c0   0x0800e0c0   0x00000080   Data   RO         1026    .rodata.LPGPIO_Map  stm32u5xx_hal_gpio.o
    0x0800e140   0x0800e140   0x00000040   Data   RO         2297    .rodata.MSIRangeTable  system_stm32u5xx.o
    0x0800e180   0x0800e180   0x00000032   Data   RO          110    .rodata.Topic_CabinetLocation_SendCmd  uart.o
    0x0800e1b2   0x0800e1b2   0x00000030   Data   RO          112    .rodata.Topic_CloseCabinet_SendCmd  uart.o
    0x0800e1e2   0x0800e1e2   0x00000029   Data   RO          106    .rodata.Topic_Ping_SendCmd  uart.o
    0x0800e20b   0x0800e20b   0x00000001   PAD
    0x0800e20c   0x0800e20c   0x00000018   Data   RO         2238    .rodata.UARTPrescTable  stm32u5xx_hal_uart.o
    0x0800e224   0x0800e224   0x0000000d   Data   RO          100    .rodata.Voice_Connect  uart.o
    0x0800e231   0x0800e231   0x00000017   Data   RO          135    .rodata.Voice_Reminder  rtc.o
    0x0800e248   0x0800e248   0x00000020   Data   RO         1946    .rodata.cst16       stm32u5xx_hal_tim.o
    0x0800e268   0x0800e268   0x00000010   Data   RO         2281    .rodata.cst8        stm32u5xx_hal_uart_ex.o
    0x0800e278   0x0800e278   0x0000000a   Data   RO          118    .rodata.str1.1      uart.o
    0x0800e282   0x0800e282   0x0000005f   Data   RO          168    .rodata.str1.1      dht11.o
    0x0800e2e1   0x0800e2e1   0x00000003   PAD
    0x0800e2e4   0x0800e2e4   0x00000020   Data   RO         2465    Region$$Table       anon$$obj.o


    Execution Region RW_IRAM1 (Exec base: 0x20000000, Load base: 0x0800e308, Size: 0x000019e0, Max: 0x00040000, ABSOLUTE)

    Exec Addr    Load Addr    Size         Type   Attr      Idx    E Section Name        Object

    0x20000000   0x0800e308   0x00000004   Data   RW         2331    .data               mc_w.l(strtok.o)
    0x20000004   0x0800e30c   0x00000004   Data   RW         2430    .data               mc_w.l(errno.o)
    0x20000008   0x0800e310   0x00000002   Data   RW          169    .data..L_MergedGlobals  dht11.o
    0x2000000a   0x0800e312   0x00000002   PAD
    0x2000000c   0x0800e314   0x00000008   Data   RW          756    .data..L_MergedGlobals  stm32u5xx_hal.o
    0x20000014   0x0800e31c   0x00000004   Data   RW         2294    .data.SystemCoreClock  system_stm32u5xx.o
    0x20000018   0x0800e320   0x0000001c   Data   RW          961    .data.pFlash        stm32u5xx_hal_flash.o
    0x20000034   0x0800e33c   0x00000004   PAD
    0x20000038        -       0x0000007a   Zero   RW          137    .bss..L_MergedGlobals  rtc.o
    0x200000b2   0x0800e33c   0x00000002   PAD
    0x200000b4        -       0x00000010   Zero   RW          185    .bss..L_MergedGlobals  hc_sr04.o
    0x200000c4        -       0x00000008   Zero   RW          215    .bss..L_MergedGlobals  grb.o
    0x200000cc        -       0x0000003c   Zero   RW          265    .bss..L_MergedGlobals  adc.o
    0x20000108        -       0x00000002   Zero   RW          170    .bss..L_MergedGlobals.5  dht11.o
    0x2000010a   0x0800e33c   0x00000002   PAD
    0x2000010c        -       0x0000001c   Zero   RW          262    .bss.AnalogWDGConfig  adc.o
    0x20000128        -       0x00000001   Zero   RW           99    .bss.Cabinet_List   uart.o
    0x20000129   0x0800e33c   0x00000003   PAD
    0x2000012c        -       0x000005b8   Zero   RW          214    .bss.LED_Array      grb.o
    0x200006e4        -       0x00000200   Zero   RW           97    .bss.ReceiveCmd     uart.o
    0x200008e4        -       0x00000400   Zero   RW           96    .bss.ReceiveData    uart.o
    0x20000ce4        -       0x00000200   Zero   RW           98    .bss.ReceiveTopic   uart.o
    0x20000ee4        -       0x0000008c   Zero   RW          263    .bss.hadc4          adc.o
    0x20000f70        -       0x00000078   Zero   RW          374    .bss.handle_GPDMA1_Channel0  usart.o
    0x20000fe8        -       0x00000078   Zero   RW          373    .bss.handle_GPDMA1_Channel1  usart.o
    0x20001060        -       0x00000078   Zero   RW          376    .bss.handle_GPDMA1_Channel2  usart.o
    0x200010d8        -       0x00000078   Zero   RW          375    .bss.handle_GPDMA1_Channel3  usart.o
    0x20001150        -       0x00000078   Zero   RW          351    .bss.handle_GPDMA1_Channel4  tim.o
    0x200011c8        -       0x00000078   Zero   RW          264    .bss.handle_GPDMA1_Channel5  adc.o
    0x20001240        -       0x00000038   Zero   RW          280    .bss.hfmac          fmac.o
    0x20001278        -       0x00000050   Zero   RW          312    .bss.hlptim1        lptim.o
    0x200012c8        -       0x00000030   Zero   RW          327    .bss.hrtc           rtc_1.o
    0x200012f8        -       0x0000004c   Zero   RW          444    .bss.htim1          stm32u5xx_hal_timebase_tim.o
    0x20001344        -       0x0000004c   Zero   RW          348    .bss.htim2          tim.o
    0x20001390        -       0x0000004c   Zero   RW          349    .bss.htim3          tim.o
    0x200013dc        -       0x0000004c   Zero   RW          350    .bss.htim4          tim.o
    0x20001428        -       0x00000090   Zero   RW          370    .bss.huart1         usart.o
    0x200014b8        -       0x00000090   Zero   RW          371    .bss.huart2         usart.o
    0x20001548        -       0x00000090   Zero   RW          372    .bss.huart3         usart.o
    0x200015d8        -       0x00000004   Zero   RW          755    .bss.uwTick         stm32u5xx_hal.o
    0x200015dc   0x0800e33c   0x00000004   PAD
    0x200015e0        -       0x00000400   Zero   RW           42    STACK               startup_stm32u575xx.o


==============================================================================

Image component sizes


      Code (inc. data)   RO Data    RW Data    ZI Data      Debug   Object Name

       578          0          0          0        348      14152   adc.o
      1614        108         95          2          2      16173   dht11.o
        98          0          0          0          0       1684   flash.o
        86          0          0          0         56       5833   fmac.o
       132          0          0          0          0       5070   gpdma.o
       438          0          0          0          0       6135   gpio.o
      1170         36          0          0       1472      14459   grb.o
       290         32          0          0         16       5785   hc_sr04.o
        34          0          0          0          0        661   icache.o
       178          0          0          0         80      10929   lptim.o
       594          0          0          0          0      10449   main.o
      1518         56         23          0        122       7170   rtc.o
       384          0          0          0         48       9633   rtc_1.o
        40         10        564          0       1024        876   startup_stm32u575xx.o
       152          0          0          8          4      11454   stm32u5xx_hal.o
      5126          6          0          0          0      32399   stm32u5xx_hal_adc.o
       248          0          0          0          0      20612   stm32u5xx_hal_adc_ex.o
       152          0          0          0          0      14032   stm32u5xx_hal_cortex.o
      2304          0          0          0          0      11502   stm32u5xx_hal_dma.o
      2994          0          0          0          0      43132   stm32u5xx_hal_dma_ex.o
       668          0          0         28          0      10919   stm32u5xx_hal_flash.o
       264          0          0          0          0       9465   stm32u5xx_hal_flash_ex.o
       144          0          0          0          0      20984   stm32u5xx_hal_fmac.o
       666          0        128          0          0       6929   stm32u5xx_hal_gpio.o
       120          0          0          0          0       6597   stm32u5xx_hal_icache.o
      1182          0          0          0          0      30874   stm32u5xx_hal_lptim.o
        34          0          0          0          0       2329   stm32u5xx_hal_msp.o
        18          0          0          0          0       6080   stm32u5xx_hal_pwr.o
       476          0          0          0          0      14365   stm32u5xx_hal_pwr_ex.o
      4256         12          0          0          0      15257   stm32u5xx_hal_rcc.o
      5632        296          0          0          0      21186   stm32u5xx_hal_rcc_ex.o
      2028          0          0          0          0      16240   stm32u5xx_hal_rtc.o
        60          0          0          0          0      24346   stm32u5xx_hal_rtc_ex.o
      7102         60         32          0          0      75541   stm32u5xx_hal_tim.o
       364          0          0          0          0      32534   stm32u5xx_hal_tim_ex.o
       162          0          0          0         76       9758   stm32u5xx_hal_timebase_tim.o
      5152          0         24          0          0      37813   stm32u5xx_hal_uart.o
       346          0         16          0          0      12547   stm32u5xx_hal_uart_ex.o
       140          0          0          0          0       7579   stm32u5xx_it.o
        76          0         88          4          0       4249   system_stm32u5xx.o
      1158          0          0          0        348      13337   tim.o
      1466         80        162          0       2049       9393   uart.o
      1148          0          0          0        912      12671   usart.o

    ----------------------------------------------------------------------
     51068        696       1168         44       6572     643133   Object Totals
         0          0         32          0          0          0   (incl. Generated)
       276          0          4          2         15          0   (incl. Padding)

    ----------------------------------------------------------------------

      Code (inc. data)   RO Data    RW Data    ZI Data      Debug   Library Member Name

       176          0          0          0          0        168   fmodf.o
        16          6          0          0          0        116   funder.o
        56          8          0          0          0         84   __0sscanf.o
        28          0          0          0          0         68   _chval.o
       812          4          0          0          0        112   _scanf.o
       332          0          0          0          0         96   _scanf_int.o
        64          0          0          0          0         84   _sgetc.o
        40          6         64          0          0         68   ctype_c.o
         0          0          0          0          0          0   entry.o
         0          0          0          0          0          0   entry10a.o
         0          0          0          0          0          0   entry11a.o
         8          4          0          0          0          0   entry2.o
         4          0          0          0          0          0   entry5.o
         0          0          0          0          0          0   entry7b.o
         0          0          0          0          0          0   entry8b.o
         8          4          0          0          0          0   entry9a.o
        12          6          0          4          0         68   errno.o
        30          0          0          0          0          0   handlers.o
        48         10          0          0          0         68   init.o
        10          0          0          0          0         68   isspace_c.o
         0          0          0          0          0          0   iusefp.o
        30          0          0          0          0         68   llshl.o
        36          0          0          0          0         68   llsshr.o
        32          0          0          0          0         68   llushr.o
        36          0          0          0          0        108   memseta.o
      2300         86          0          0          0        516   printfa.o
        40          8          0          0          0         84   scanf_char.o
        20          0          0          0          0         68   strchr.o
        14          0          0          0          0         68   strlen.o
        40          0          0          0          0         76   strncat.o
        30          0          0          0          0         80   strncmp.o
        36          0          0          0          0         80   strstr.o
        68          6          0          4          0         80   strtok.o
        44          0          0          0          0         80   uidiv.o
        98          0          0          0          0         92   uldiv.o
        48          0          0          0          0         68   cdrcmple.o
        56          0          0          0          0         88   d2f.o
       334          0          0          0          0        148   dadd.o
       222          0          0          0          0        100   ddiv.o
       186          0          0          0          0        176   depilogue.o
        48          0          0          0          0         68   dfixul.o
        26          0          0          0          0         76   dfltui.o
       228          0          0          0          0         96   dmul.o
       110          0          0          0          0        168   fepilogue.o
        82          0          0          0          0         96   frem.o

    ----------------------------------------------------------------------
      5816        148         64          8          0       3620   Library Totals
         8          0          0          0          0          0   (incl. Padding)

    ----------------------------------------------------------------------

      Code (inc. data)   RO Data    RW Data    ZI Data      Debug   Library Name

       192          6          0          0          0        284   m_wm.l
      4276        142         64          8          0       2252   mc_w.l
      1340          0          0          0          0       1084   mf_w.l

    ----------------------------------------------------------------------
      5816        148         64          8          0       3620   Library Totals

    ----------------------------------------------------------------------

==============================================================================


      Code (inc. data)   RO Data    RW Data    ZI Data      Debug   

     56884        844       1232         52       6572     644217   Grand Totals
     56884        844       1232         52       6572     644217   ELF Image Totals
     56884        844       1232         52          0          0   ROM Totals

==============================================================================

    Total RO  Size (Code + RO Data)                58116 (  56.75kB)
    Total RW  Size (RW Data + ZI Data)              6624 (   6.47kB)
    Total ROM Size (Code + RO Data + RW Data)      58168 (  56.80kB)

==============================================================================

