<html>
<body>
<pre>
<h1>µVision Build Log</h1>
<h2>Tool Versions:</h2>
IDE-Version: ¦ÌVision V5.39.0.0
Copyright (C) 2023 ARM Ltd and ARM Germany GmbH. All rights reserved.
License Information: 1 1, 1, LIC=VGXG8-381MX-JJV6S-LENNS-E2BWZ-Y6LWX
 
Tool Versions:
Toolchain:       MDK-ARM Plus  Version: 5.39.0.0
Toolchain Path:  F:\Keil 5\ARM\ARMCC\Bin
C Compiler:      Armcc.exe V5.06 update 7 (build 960)
Assembler:       Armasm.exe V5.06 update 7 (build 960)
Linker/Locator:  ArmLink.exe V5.06 update 7 (build 960)
Library Manager: ArmAr.exe V5.06 update 7 (build 960)
Hex Converter:   FromElf.exe V5.06 update 7 (build 960)
CPU DLL:         SARMCM3.DLL V5.39.0.0
Dialog DLL:      DCM.DLL V1.17.5.0
Target DLL:      STLink\ST-LINKIII-KEIL_SWO.dll V3.2.0.0
Dialog DLL:      TCM.DLL V1.56.4.0
 
<h2>Project:</h2>
G:\EmbedProject\Omni-Framework\MDK-ARM\Omni-Framework.uvprojx
Project File Date:  10/23/2025

<h2>Output:</h2>
*** Using Compiler 'V5.06 update 7 (build 960)', folder: 'F:\Keil 5\ARM\ARMCC\Bin'
Build target 'Omni-Framework'
assembling startup_stm32f407xx.s...
compiling stm32f4xx_hal_msp.c...
compiling usbd_cdc_if.c...
compiling usb_device.c...
compiling main.c...
compiling stm32f4xx_it.c...
compiling can.c...
compiling dma.c...
compiling gpio.c...
compiling stm32f4xx_ll_usb.c...
compiling usbd_desc.c...
compiling rng.c...
compiling usbd_conf.c...
compiling stm32f4xx_hal_pcd.c...
compiling spi.c...
compiling stm32f4xx_hal_pcd_ex.c...
compiling usart.c...
compiling stm32f4xx_hal_spi.c...
compiling stm32f4xx_hal_exti.c...
compiling stm32f4xx_hal_pwr.c...
compiling stm32f4xx_hal.c...
compiling stm32f4xx_hal_flash_ramfunc.c...
compiling stm32f4xx_hal_dma.c...
compiling stm32f4xx_hal_flash_ex.c...
compiling stm32f4xx_hal_pwr_ex.c...
compiling stm32f4xx_hal_cortex.c...
compiling stm32f4xx_hal_gpio.c...
compiling stm32f4xx_hal_rcc_ex.c...
compiling stm32f4xx_hal_can.c...
compiling stm32f4xx_hal_dma_ex.c...
compiling stm32f4xx_hal_flash.c...
compiling stm32f4xx_hal_rcc.c...
compiling stm32f4xx_hal_rng.c...
compiling system_stm32f4xx.c...
compiling usbd_cdc.c...
compiling usbd_ctlreq.c...
compiling usbd_ioreq.c...
compiling usbd_core.c...
compiling stm32f4xx_hal_uart.c...
linking...
Program Size: Code=18086 RO-data=458 RW-data=264 ZI-data=9648  
FromELF: creating hex file...
"Omni-Framework\Omni-Framework.axf" - 0 Error(s), 0 Warning(s).

<h2>Software Packages used:</h2>

Package Vendor: ARM
                http://www.keil.com/pack/ARM.CMSIS.5.9.0.pack
                ARM::CMSIS@5.9.0
                CMSIS (Common Microcontroller Software Interface Standard)
   * Component: CORE Version: 5.6.0

Package Vendor: Keil
                https://www.keil.com/pack/Keil.STM32F4xx_DFP.3.1.1.pack
                Keil::STM32F4xx_DFP@3.1.1
                STMicroelectronics STM32F4 Series Device Support

<h2>Collection of Component include folders:</h2>
  ./RTE/_Omni-Framework
  F:/Keil 5/ARM/PACK/ARM/CMSIS/5.9.0/CMSIS/Core/Include

<h2>Collection of Component Files used:</h2>

   * Component: ARM::CMSIS:CORE@5.6.0
      Include file:  CMSIS/Core/Include/tz_context.h
Build Time Elapsed:  00:00:21
</pre>
</body>
</html>
