Component: ARM Compiler 5.06 update 7 (build 960) Tool: armlink [4d3601]

==============================================================================

Section Cross References

    startup_stm32f407xx.o(STACK) refers (Special) to heapauxi.o(.text) for __use_two_region_memory
    startup_stm32f407xx.o(HEAP) refers (Special) to heapauxi.o(.text) for __use_two_region_memory
    startup_stm32f407xx.o(RESET) refers (Special) to heapauxi.o(.text) for __use_two_region_memory
    startup_stm32f407xx.o(RESET) refers to startup_stm32f407xx.o(STACK) for __initial_sp
    startup_stm32f407xx.o(RESET) refers to startup_stm32f407xx.o(.text) for Reset_Handler
    startup_stm32f407xx.o(RESET) refers to stm32f4xx_it.o(i.NMI_Handler) for NMI_Handler
    startup_stm32f407xx.o(RESET) refers to stm32f4xx_it.o(i.HardFault_Handler) for HardFault_Handler
    startup_stm32f407xx.o(RESET) refers to stm32f4xx_it.o(i.MemManage_Handler) for MemManage_Handler
    startup_stm32f407xx.o(RESET) refers to stm32f4xx_it.o(i.BusFault_Handler) for BusFault_Handler
    startup_stm32f407xx.o(RESET) refers to stm32f4xx_it.o(i.UsageFault_Handler) for UsageFault_Handler
    startup_stm32f407xx.o(RESET) refers to stm32f4xx_it.o(i.SVC_Handler) for SVC_Handler
    startup_stm32f407xx.o(RESET) refers to stm32f4xx_it.o(i.DebugMon_Handler) for DebugMon_Handler
    startup_stm32f407xx.o(RESET) refers to stm32f4xx_it.o(i.PendSV_Handler) for PendSV_Handler
    startup_stm32f407xx.o(RESET) refers to stm32f4xx_it.o(i.SysTick_Handler) for SysTick_Handler
    startup_stm32f407xx.o(RESET) refers to stm32f4xx_it.o(i.DMA1_Stream1_IRQHandler) for DMA1_Stream1_IRQHandler
    startup_stm32f407xx.o(RESET) refers to stm32f4xx_it.o(i.USART3_IRQHandler) for USART3_IRQHandler
    startup_stm32f407xx.o(RESET) refers to stm32f4xx_it.o(i.DMA2_Stream1_IRQHandler) for DMA2_Stream1_IRQHandler
    startup_stm32f407xx.o(RESET) refers to stm32f4xx_it.o(i.DMA2_Stream2_IRQHandler) for DMA2_Stream2_IRQHandler
    startup_stm32f407xx.o(RESET) refers to stm32f4xx_it.o(i.OTG_FS_IRQHandler) for OTG_FS_IRQHandler
    startup_stm32f407xx.o(RESET) refers to stm32f4xx_it.o(i.DMA2_Stream6_IRQHandler) for DMA2_Stream6_IRQHandler
    startup_stm32f407xx.o(RESET) refers to stm32f4xx_it.o(i.DMA2_Stream7_IRQHandler) for DMA2_Stream7_IRQHandler
    startup_stm32f407xx.o(RESET) refers to stm32f4xx_it.o(i.USART6_IRQHandler) for USART6_IRQHandler
    startup_stm32f407xx.o(RESET) refers to stm32f4xx_it.o(i.HASH_RNG_IRQHandler) for HASH_RNG_IRQHandler
    startup_stm32f407xx.o(.text) refers (Special) to heapauxi.o(.text) for __use_two_region_memory
    startup_stm32f407xx.o(.text) refers to system_stm32f4xx.o(i.SystemInit) for SystemInit
    startup_stm32f407xx.o(.text) refers to __main.o(!!!main) for __main
    startup_stm32f407xx.o(.text) refers to startup_stm32f407xx.o(HEAP) for Heap_Mem
    startup_stm32f407xx.o(.text) refers to startup_stm32f407xx.o(STACK) for Stack_Mem
    main.o(i.SystemClock_Config) refers to rt_memclr_w.o(.text) for __aeabi_memclr4
    main.o(i.SystemClock_Config) refers to stm32f4xx_hal_rcc.o(i.HAL_RCC_OscConfig) for HAL_RCC_OscConfig
    main.o(i.SystemClock_Config) refers to stm32f4xx_hal_rcc.o(i.HAL_RCC_ClockConfig) for HAL_RCC_ClockConfig
    main.o(i.main) refers to stm32f4xx_hal.o(i.HAL_Init) for HAL_Init
    main.o(i.main) refers to main.o(i.SystemClock_Config) for SystemClock_Config
    main.o(i.main) refers to gpio.o(i.MX_GPIO_Init) for MX_GPIO_Init
    main.o(i.main) refers to dma.o(i.MX_DMA_Init) for MX_DMA_Init
    main.o(i.main) refers to can.o(i.MX_CAN1_Init) for MX_CAN1_Init
    main.o(i.main) refers to can.o(i.MX_CAN2_Init) for MX_CAN2_Init
    main.o(i.main) refers to spi.o(i.MX_SPI1_Init) for MX_SPI1_Init
    main.o(i.main) refers to usart.o(i.MX_USART1_UART_Init) for MX_USART1_UART_Init
    main.o(i.main) refers to usart.o(i.MX_USART3_UART_Init) for MX_USART3_UART_Init
    main.o(i.main) refers to usart.o(i.MX_USART6_UART_Init) for MX_USART6_UART_Init
    main.o(i.main) refers to rng.o(i.MX_RNG_Init) for MX_RNG_Init
    main.o(i.main) refers to usb_device.o(i.MX_USB_DEVICE_Init) for MX_USB_DEVICE_Init
    gpio.o(i.MX_GPIO_Init) refers to rt_memclr_w.o(.text) for __aeabi_memclr4
    gpio.o(i.MX_GPIO_Init) refers to stm32f4xx_hal_gpio.o(i.HAL_GPIO_WritePin) for HAL_GPIO_WritePin
    gpio.o(i.MX_GPIO_Init) refers to stm32f4xx_hal_gpio.o(i.HAL_GPIO_Init) for HAL_GPIO_Init
    can.o(i.HAL_CAN_MspDeInit) refers to stm32f4xx_hal_gpio.o(i.HAL_GPIO_DeInit) for HAL_GPIO_DeInit
    can.o(i.HAL_CAN_MspDeInit) refers to can.o(.data) for .data
    can.o(i.HAL_CAN_MspInit) refers to rt_memclr_w.o(.text) for __aeabi_memclr4
    can.o(i.HAL_CAN_MspInit) refers to stm32f4xx_hal_gpio.o(i.HAL_GPIO_Init) for HAL_GPIO_Init
    can.o(i.HAL_CAN_MspInit) refers to can.o(.data) for .data
    can.o(i.MX_CAN1_Init) refers to stm32f4xx_hal_can.o(i.HAL_CAN_Init) for HAL_CAN_Init
    can.o(i.MX_CAN1_Init) refers to main.o(i.Error_Handler) for Error_Handler
[...]
    i.USBD_GetLen                            0x08003460   Section        0  usbd_ctlreq.o(i.USBD_GetLen)
    USBD_GetLen                              0x08003461   Thumb Code    20  usbd_ctlreq.o(i.USBD_GetLen)
    i.USBD_GetNextDesc                       0x08003474   Section        0  usbd_core.o(i.USBD_GetNextDesc)
    i.USBD_GetString                         0x08003482   Section        0  usbd_ctlreq.o(i.USBD_GetString)
    i.USBD_Get_USB_Status                    0x080034d0   Section        0  usbd_conf.o(i.USBD_Get_USB_Status)
    i.USBD_Init                              0x080034e8   Section        0  usbd_core.o(i.USBD_Init)
    i.USBD_LL_ClearStallEP                   0x0800350e   Section        0  usbd_conf.o(i.USBD_LL_ClearStallEP)
    i.USBD_LL_CloseEP                        0x08003520   Section        0  usbd_conf.o(i.USBD_LL_CloseEP)
    i.USBD_LL_DataInStage                    0x08003532   Section        0  usbd_core.o(i.USBD_LL_DataInStage)
    i.USBD_LL_DataOutStage                   0x080035ea   Section        0  usbd_core.o(i.USBD_LL_DataOutStage)
    i.USBD_LL_DevConnected                   0x0800367e   Section        0  usbd_core.o(i.USBD_LL_DevConnected)
    i.USBD_LL_DevDisconnected                0x08003682   Section        0  usbd_core.o(i.USBD_LL_DevDisconnected)
    i.USBD_LL_GetRxDataSize                  0x080036a0   Section        0  usbd_conf.o(i.USBD_LL_GetRxDataSize)
    i.USBD_LL_Init                           0x080036a8   Section        0  usbd_conf.o(i.USBD_LL_Init)
    i.USBD_LL_IsStallEP                      0x08003708   Section        0  usbd_conf.o(i.USBD_LL_IsStallEP)
    i.USBD_LL_IsoINIncomplete                0x08003726   Section        0  usbd_core.o(i.USBD_LL_IsoINIncomplete)
    i.USBD_LL_IsoOUTIncomplete               0x0800374e   Section        0  usbd_core.o(i.USBD_LL_IsoOUTIncomplete)
    i.USBD_LL_OpenEP                         0x08003776   Section        0  usbd_conf.o(i.USBD_LL_OpenEP)
    i.USBD_LL_PrepareReceive                 0x0800378e   Section        0  usbd_conf.o(i.USBD_LL_PrepareReceive)
    i.USBD_LL_Reset                          0x080037a0   Section        0  usbd_core.o(i.USBD_LL_Reset)
    i.USBD_LL_Resume                         0x080037fe   Section        0  usbd_core.o(i.USBD_LL_Resume)
    i.USBD_LL_SOF                            0x08003812   Section        0  usbd_core.o(i.USBD_LL_SOF)
    i.USBD_LL_SetSpeed                       0x0800382c   Section        0  usbd_core.o(i.USBD_LL_SetSpeed)
    i.USBD_LL_SetUSBAddress                  0x08003832   Section        0  usbd_conf.o(i.USBD_LL_SetUSBAddress)
    i.USBD_LL_SetupStage                     0x08003844   Section        0  usbd_core.o(i.USBD_LL_SetupStage)
    i.USBD_LL_StallEP                        0x080038a4   Section        0  usbd_conf.o(i.USBD_LL_StallEP)
    i.USBD_LL_Start                          0x080038b6   Section        0  usbd_conf.o(i.USBD_LL_Start)
    i.USBD_LL_Suspend                        0x080038c8   Section        0  usbd_core.o(i.USBD_LL_Suspend)
    i.USBD_LL_Transmit                       0x080038e2   Section        0  usbd_conf.o(i.USBD_LL_Transmit)
    i.USBD_ParseSetupRequest                 0x080038f4   Section        0  usbd_ctlreq.o(i.USBD_ParseSetupRequest)
    i.USBD_RegisterClass                     0x08003920   Section        0  usbd_core.o(i.USBD_RegisterClass)
    i.USBD_SetClassConfig                    0x0800395a   Section        0  usbd_core.o(i.USBD_SetClassConfig)
    i.USBD_SetConfig                         0x08003970   Section        0  usbd_ctlreq.o(i.USBD_SetConfig)
    USBD_SetConfig                           0x08003971   Thumb Code   180  usbd_ctlreq.o(i.USBD_SetConfig)
    i.USBD_Start                             0x08003a28   Section        0  usbd_core.o(i.USBD_Start)
    i.USBD_StdDevReq                         0x08003a2c   Section        0  usbd_ctlreq.o(i.USBD_StdDevReq)
    i.USBD_StdEPReq                          0x08003b58   Section        0  usbd_ctlreq.o(i.USBD_StdEPReq)
    i.USBD_StdItfReq                         0x08003cbe   Section        0  usbd_ctlreq.o(i.USBD_StdItfReq)
    i.USBD_static_free                       0x08003d30   Section        0  usbd_conf.o(i.USBD_static_free)
    i.USBD_static_malloc                     0x08003d34   Section        0  usbd_conf.o(i.USBD_static_malloc)
    i.USB_ActivateEndpoint                   0x08003d3c   Section        0  stm32f4xx_ll_usb.o(i.USB_ActivateEndpoint)
    i.USB_ActivateSetup                      0x08003dbc   Section        0  stm32f4xx_ll_usb.o(i.USB_ActivateSetup)
    i.USB_CoreInit                           0x08003dd8   Section        0  stm32f4xx_ll_usb.o(i.USB_CoreInit)
    i.USB_CoreReset                          0x08003e5c   Section        0  stm32f4xx_ll_usb.o(i.USB_CoreReset)
    USB_CoreReset                            0x08003e5d   Thumb Code    68  stm32f4xx_ll_usb.o(i.USB_CoreReset)
    i.USB_DeactivateEndpoint                 0x08003ea0   Section        0  stm32f4xx_ll_usb.o(i.USB_DeactivateEndpoint)
    i.USB_DevConnect                         0x08003f6c   Section        0  stm32f4xx_ll_usb.o(i.USB_DevConnect)
    i.USB_DevDisconnect                      0x08003f88   Section        0  stm32f4xx_ll_usb.o(i.USB_DevDisconnect)
    i.USB_DevInit                            0x08003fa4   Section        0  stm32f4xx_ll_usb.o(i.USB_DevInit)
    i.USB_DisableGlobalInt                   0x08004120   Section        0  stm32f4xx_ll_usb.o(i.USB_DisableGlobalInt)
    i.USB_EP0_OutStart                       0x0800412c   Section        0  stm32f4xx_ll_usb.o(i.USB_EP0_OutStart)
    i.USB_EPClearStall                       0x08004184   Section        0  stm32f4xx_ll_usb.o(i.USB_EPClearStall)
    i.USB_EPSetStall                         0x080041dc   Section        0  stm32f4xx_ll_usb.o(i.USB_EPSetStall)
    i.USB_EPStartXfer                        0x08004234   Section        0  stm32f4xx_ll_usb.o(i.USB_EPStartXfer)
    i.USB_EPStopXfer                         0x0800446c   Section        0  stm32f4xx_ll_usb.o(i.USB_EPStopXfer)
    i.USB_EnableGlobalInt                    0x0800450a   Section        0  stm32f4xx_ll_usb.o(i.USB_EnableGlobalInt)
    i.USB_FlushRxFifo                        0x08004516   Section        0  stm32f4xx_ll_usb.o(i.USB_FlushRxFifo)
    i.USB_FlushTxFifo                        0x0800454e   Section        0  stm32f4xx_ll_usb.o(i.USB_FlushTxFifo)
    i.USB_GetDevSpeed                        0x0800458a   Section        0  stm32f4xx_ll_usb.o(i.USB_GetDevSpeed)
    i.USB_GetMode                            0x080045a4   Section        0  stm32f4xx_ll_usb.o(i.USB_GetMode)
    i.USB_ReadDevAllInEpInterrupt            0x080045ac   Section        0  stm32f4xx_ll_usb.o(i.USB_ReadDevAllInEpInterrupt)
    i.USB_ReadDevAllOutEpInterrupt           0x080045ba   Section        0  stm32f4xx_ll_usb.o(i.USB_ReadDevAllOutEpInterrupt)
    i.USB_ReadDevInEPInterrupt               0x080045c8   Section        0  stm32f4xx_ll_usb.o(i.USB_ReadDevInEPInterrupt)
    i.USB_ReadDevOutEPInterrupt              0x080045ec   Section        0  stm32f4xx_ll_usb.o(i.USB_ReadDevOutEPInterrupt)
    i.USB_ReadInterrupts                     0x080045fc   Section        0  stm32f4xx_ll_usb.o(i.USB_ReadInterrupts)
    i.USB_ReadPacket                         0x08004604   Section        0  stm32f4xx_ll_usb.o(i.USB_ReadPacket)
    i.USB_SetCurrentMode                     0x08004642   Section        0  stm32f4xx_ll_usb.o(i.USB_SetCurrentMode)
    i.USB_SetDevAddress                      0x0800469e   Section        0  stm32f4xx_ll_usb.o(i.USB_SetDevAddress)
    i.USB_SetTurnaroundTime                  0x080046c0   Section        0  stm32f4xx_ll_usb.o(i.USB_SetTurnaroundTime)
    i.USB_WritePacket                        0x080047a8   Section        0  stm32f4xx_ll_usb.o(i.USB_WritePacket)
    i.UsageFault_Handler                     0x080047d0   Section        0  stm32f4xx_it.o(i.UsageFault_Handler)
    i.__NVIC_SetPriority                     0x080047d2   Section        0  stm32f4xx_hal_cortex.o(i.__NVIC_SetPriority)
    __NVIC_SetPriority                       0x080047d3   Thumb Code    32  stm32f4xx_hal_cortex.o(i.__NVIC_SetPriority)
    i.main                                   0x080047f2   Section        0  main.o(i.main)
    x$fpl$fpinit                             0x08004824   Section       10  fpinit.o(x$fpl$fpinit)
    $v0                                      0x08004824   Number         0  fpinit.o(x$fpl$fpinit)
    .constdata                               0x0800482e   Section        8  stm32f4xx_hal_dma.o(.constdata)
    flagBitshiftOffset                       0x0800482e   Data           8  stm32f4xx_hal_dma.o(.constdata)
    .constdata                               0x08004836   Section       16  system_stm32f4xx.o(.constdata)
    .constdata                               0x08004846   Section        8  system_stm32f4xx.o(.constdata)
    .data                                    0x20000000   Section        4  can.o(.data)
    HAL_RCC_CAN1_CLK_ENABLED                 0x20000000   Data           4  can.o(.data)
    .data                                    0x20000004   Section       28  usbd_desc.o(.data)
    .data                                    0x20000020   Section       50  usbd_desc.o(.data)
    .data                                    0x20000054   Section       20  usbd_cdc_if.o(.data)
    .data                                    0x20000068   Section       12  stm32f4xx_hal.o(.data)
    .data                                    0x20000074   Section        4  system_stm32f4xx.o(.data)
    .data                                    0x20000078   Section        1  usbd_ctlreq.o(.data)
    cfgidx                                   0x20000078   Data           1  usbd_ctlreq.o(.data)
    .data                                    0x2000007c   Section       83  usbd_cdc.o(.data)
    CDCInEpAdd                               0x2000007c   Data           1  usbd_cdc.o(.data)
    CDCOutEpAdd                              0x2000007d   Data           1  usbd_cdc.o(.data)
    CDCCmdEpAdd                              0x2000007e   Data           1  usbd_cdc.o(.data)
    USBD_CDC_DeviceQualifierDesc             0x20000080   Data          10  usbd_cdc.o(.data)
    USBD_CDC_CfgDesc                         0x2000008c   Data          67  usbd_cdc.o(.data)
    .data                                    0x200000d0   Section       56  usbd_cdc.o(.data)
    .bss                                     0x20000108   Section       80  can.o(.bss)
    .bss                                     0x20000158   Section       16  rng.o(.bss)
    .bss                                     0x20000168   Section       88  spi.o(.bss)
    .bss                                     0x200001c0   Section      696  usart.o(.bss)
    .bss                                     0x20000478   Section      732  usb_device.o(.bss)
    .bss                                     0x20000754   Section      512  usbd_desc.o(.bss)
    .bss                                     0x20000954   Section     4096  usbd_cdc_if.o(.bss)
    .bss                                     0x20001954   Section     1796  usbd_conf.o(.bss)
    mem                                      0x20001954   Data         544  usbd_conf.o(.bss)
    .bss                                     0x20002058   Section       96  libspace.o(.bss)
    HEAP                                     0x200020b8   Section      512  startup_stm32f407xx.o(HEAP)
    Heap_Mem                                 0x200020b8   Data         512  startup_stm32f407xx.o(HEAP)
    STACK                                    0x200022b8   Section     1024  startup_stm32f407xx.o(STACK)
    Stack_Mem                                0x200022b8   Data        1024  startup_stm32f407xx.o(STACK)
    __initial_sp                             0x200026b8   Data           0  startup_stm32f407xx.o(STACK)

    Global Symbols

    Symbol Name                              Value     Ov Type        Size  Object(Section)

    BuildAttributes$$THM_ISAv4$E$P$D$K$B$S$7EM$VFPi3$EXTD16$VFPS$VFMA$PE$A:L22UL41UL21$X:L11$S22US41US21$IEEE1$IW$USESV6$~STKCKD$USESV7$~SHL$OSPACE$ROPI$EBA8$UX$STANDARDLIB$REQ8$PRES8$EABIv2 0x00000000   Number         0  anon$$obj.o ABSOLUTE
    __ARM_use_no_argv                        0x00000000   Number         0  main.o ABSOLUTE
    __ARM_exceptions_init                     - Undefined Weak Reference
    __alloca_initialize                       - Undefined Weak Reference
    __arm_fini_                               - Undefined Weak Reference
    __arm_preinit_                            - Undefined Weak Reference
    __cpp_initialize__aeabi_                  - Undefined Weak Reference
    __cxa_finalize                            - Undefined Weak Reference
    __rt_locale                               - Undefined Weak Reference
    __sigvec_lookup                           - Undefined Weak Reference
    _atexit_init                              - Undefined Weak Reference
    _call_atexit_fns                          - Undefined Weak Reference
    _clock_init                               - Undefined Weak Reference
    _fp_trap_init                             - Undefined Weak Reference
    _fp_trap_shutdown                         - Undefined Weak Reference
    _get_lc_collate                           - Undefined Weak Reference
    _get_lc_ctype                             - Undefined Weak Reference
    _get_lc_monetary                          - Undefined Weak Reference
    _get_lc_numeric                           - Undefined Weak Reference
    _get_lc_time                              - Undefined Weak Reference
    _getenv_init                              - Undefined Weak Reference
    _handle_redirection                       - Undefined Weak Reference
    _init_alloc                               - Undefined Weak Reference
    _init_user_alloc                          - Undefined Weak Reference
    _initio                                   - Undefined Weak Reference
    _rand_init                                - Undefined Weak Reference
    _signal_finish                            - Undefined Weak Reference
    _signal_init                              - Undefined Weak Reference
    _terminate_alloc                          - Undefined Weak Reference
    _terminate_user_alloc                     - Undefined Weak Reference
    _terminateio                              - Undefined Weak Reference
    __Vectors_Size                           0x00000188   Number         0  startup_stm32f407xx.o ABSOLUTE
    __Vectors                                0x08000000   Data           4  startup_stm32f407xx.o(RESET)
    __Vectors_End                            0x08000188   Data           0  startup_stm32f407xx.o(RESET)
    __main                                   0x08000189   Thumb Code     8  __main.o(!!!main)
    __scatterload                            0x08000191   Thumb Code     0  __scatter.o(!!!scatter)
    __scatterload_rt2                        0x08000191   Thumb Code    44  __scatter.o(!!!scatter)
    __scatterload_rt2_thumb_only             0x08000191   Thumb Code     0  __scatter.o(!!!scatter)
    __scatterload_null                       0x0800019f   Thumb Code     0  __scatter.o(!!!scatter)
    __scatterload_copy                       0x080001c5   Thumb Code    26  __scatter_copy.o(!!handler_copy)
    __scatterload_zeroinit                   0x080001e1   Thumb Code    28  __scatter_zi.o(!!handler_zi)
    __rt_lib_init                            0x080001fd   Thumb Code     0  libinit.o(.ARM.Collect$$libinit$$00000000)
    __rt_lib_init_fp_1                       0x080001ff   Thumb Code     0  libinit2.o(.ARM.Collect$$libinit$$00000001)
    __rt_lib_init_alloca_1                   0x08000203   Thumb Code     0  libinit2.o(.ARM.Collect$$libinit$$0000002E)
    __rt_lib_init_argv_1                     0x08000203   Thumb Code     0  libinit2.o(.ARM.Collect$$libinit$$0000002C)
    __rt_lib_init_atexit_1                   0x08000203   Thumb Code     0  libinit2.o(.ARM.Collect$$libinit$$0000001B)
    __rt_lib_init_clock_1                    0x08000203   Thumb Code     0  libinit2.o(.ARM.Collect$$libinit$$00000021)
    __rt_lib_init_cpp_1                      0x08000203   Thumb Code     0  libinit2.o(.ARM.Collect$$libinit$$00000032)
    __rt_lib_init_exceptions_1               0x08000203   Thumb Code     0  libinit2.o(.ARM.Collect$$libinit$$00000030)
    __rt_lib_init_fp_trap_1                  0x08000203   Thumb Code     0  libinit2.o(.ARM.Collect$$libinit$$0000001F)
    __rt_lib_init_getenv_1                   0x08000203   Thumb Code     0  libinit2.o(.ARM.Collect$$libinit$$00000023)
    __rt_lib_init_heap_1                     0x08000203   Thumb Code     0  libinit2.o(.ARM.Collect$$libinit$$0000000A)
    __rt_lib_init_lc_collate_1               0x08000203   Thumb Code     0  libinit2.o(.ARM.Collect$$libinit$$00000011)
    __rt_lib_init_lc_ctype_1                 0x08000203   Thumb Code     0  libinit2.o(.ARM.Collect$$libinit$$00000013)
    __rt_lib_init_lc_monetary_1              0x08000203   Thumb Code     0  libinit2.o(.ARM.Collect$$libinit$$00000015)
    __rt_lib_init_lc_numeric_1               0x08000203   Thumb Code     0  libinit2.o(.ARM.Collect$$libinit$$00000017)
    __rt_lib_init_lc_time_1                  0x08000203   Thumb Code     0  libinit2.o(.ARM.Collect$$libinit$$00000019)
    __rt_lib_init_preinit_1                  0x08000203   Thumb Code     0  libinit2.o(.ARM.Collect$$libinit$$00000004)
    __rt_lib_init_rand_1                     0x08000203   Thumb Code     0  libinit2.o(.ARM.Collect$$libinit$$0000000E)
    __rt_lib_init_return                     0x08000203   Thumb Code     0  libinit2.o(.ARM.Collect$$libinit$$00000033)
    __rt_lib_init_signal_1                   0x08000203   Thumb Code     0  libinit2.o(.ARM.Collect$$libinit$$0000001D)
    __rt_lib_init_stdio_1                    0x08000203   Thumb Code     0  libinit2.o(.ARM.Collect$$libinit$$00000025)
    __rt_lib_init_user_alloc_1               0x08000203   Thumb Code     0  libinit2.o(.ARM.Collect$$libinit$$0000000C)
    __rt_lib_shutdown                        0x08000205   Thumb Code     0  libshutdown.o(.ARM.Collect$$libshutdown$$00000000)
    __rt_lib_shutdown_cpp_1                  0x08000207   Thumb Code     0  libshutdown2.o(.ARM.Collect$$libshutdown$$00000004)
    __rt_lib_shutdown_fini_1                 0x08000207   Thumb Code     0  libshutdown2.o(.ARM.Collect$$libshutdown$$00000002)
    __rt_lib_shutdown_fp_trap_1              0x08000207   Thumb Code     0  libshutdown2.o(.ARM.Collect$$libshutdown$$00000009)
    __rt_lib_shutdown_heap_1                 0x08000207   Thumb Code     0  libshutdown2.o(.ARM.Collect$$libshutdown$$00000011)
    __rt_lib_shutdown_return                 0x08000207   Thumb Code     0  libshutdown2.o(.ARM.Collect$$libshutdown$$00000012)
    __rt_lib_shutdown_signal_1               0x08000207   Thumb Code     0  libshutdown2.o(.ARM.Collect$$libshutdown$$0000000C)
    __rt_lib_shutdown_stdio_1                0x08000207   Thumb Code     0  libshutdown2.o(.ARM.Collect$$libshutdown$$00000006)
    __rt_lib_shutdown_user_alloc_1           0x08000207   Thumb Code     0  libshutdown2.o(.ARM.Collect$$libshutdown$$0000000E)
    __rt_entry                               0x08000209   Thumb Code     0  __rtentry.o(.ARM.Collect$$rtentry$$00000000)
    __rt_entry_presh_1                       0x08000209   Thumb Code     0  __rtentry2.o(.ARM.Collect$$rtentry$$00000002)
    __rt_entry_sh                            0x08000209   Thumb Code     0  __rtentry4.o(.ARM.Collect$$rtentry$$00000004)
    __rt_entry_li                            0x0800020f   Thumb Code     0  __rtentry2.o(.ARM.Collect$$rtentry$$0000000A)
    __rt_entry_postsh_1                      0x0800020f   Thumb Code     0  __rtentry2.o(.ARM.Collect$$rtentry$$00000009)
    __rt_entry_main                          0x08000213   Thumb Code     0  __rtentry2.o(.ARM.Collect$$rtentry$$0000000D)
    __rt_entry_postli_1                      0x08000213   Thumb Code     0  __rtentry2.o(.ARM.Collect$$rtentry$$0000000C)
    __rt_exit                                0x0800021b   Thumb Code     0  rtexit.o(.ARM.Collect$$rtexit$$00000000)
    __rt_exit_ls                             0x0800021d   Thumb Code     0  rtexit2.o(.ARM.Collect$$rtexit$$00000003)
    __rt_exit_prels_1                        0x0800021d   Thumb Code     0  rtexit2.o(.ARM.Collect$$rtexit$$00000002)
    __rt_exit_exit                           0x08000221   Thumb Code     0  rtexit2.o(.ARM.Collect$$rtexit$$00000004)
    Reset_Handler                            0x08000229   Thumb Code     8  startup_stm32f407xx.o(.text)
    ADC_IRQHandler                           0x08000243   Thumb Code     0  startup_stm32f407xx.o(.text)
    CAN1_RX0_IRQHandler                      0x08000243   Thumb Code     0  startup_stm32f407xx.o(.text)
    CAN1_RX1_IRQHandler                      0x08000243   Thumb Code     0  startup_stm32f407xx.o(.text)
    CAN1_SCE_IRQHandler                      0x08000243   Thumb Code     0  startup_stm32f407xx.o(.text)
    CAN1_TX_IRQHandler                       0x08000243   Thumb Code     0  startup_stm32f407xx.o(.text)
    CAN2_RX0_IRQHandler                      0x08000243   Thumb Code     0  startup_stm32f407xx.o(.text)
    CAN2_RX1_IRQHandler                      0x08000243   Thumb Code     0  startup_stm32f407xx.o(.text)
    CAN2_SCE_IRQHandler                      0x08000243   Thumb Code     0  startup_stm32f407xx.o(.text)
    CAN2_TX_IRQHandler                       0x08000243   Thumb Code     0  startup_stm32f407xx.o(.text)
    DCMI_IRQHandler                          0x08000243   Thumb Code     0  startup_stm32f407xx.o(.text)
    DMA1_Stream0_IRQHandler                  0x08000243   Thumb Code     0  startup_stm32f407xx.o(.text)
    DMA1_Stream2_IRQHandler                  0x08000243   Thumb Code     0  startup_stm32f407xx.o(.text)
    DMA1_Stream3_IRQHandler                  0x08000243   Thumb Code     0  startup_stm32f407xx.o(.text)
    DMA1_Stream4_IRQHandler                  0x08000243   Thumb Code     0  startup_stm32f407xx.o(.text)
    DMA1_Stream5_IRQHandler                  0x08000243   Thumb Code     0  startup_stm32f407xx.o(.text)
    DMA1_Stream6_IRQHandler                  0x08000243   Thumb Code     0  startup_stm32f407xx.o(.text)
    DMA1_Stream7_IRQHandler                  0x08000243   Thumb Code     0  startup_stm32f407xx.o(.text)
    DMA2_Stream0_IRQHandler                  0x08000243   Thumb Code     0  startup_stm32f407xx.o(.text)
    DMA2_Stream3_IRQHandler                  0x08000243   Thumb Code     0  startup_stm32f407xx.o(.text)
    DMA2_Stream4_IRQHandler                  0x08000243   Thumb Code     0  startup_stm32f407xx.o(.text)
    DMA2_Stream5_IRQHandler                  0x08000243   Thumb Code     0  startup_stm32f407xx.o(.text)
    ETH_IRQHandler                           0x08000243   Thumb Code     0  startup_stm32f407xx.o(.text)
    ETH_WKUP_IRQHandler                      0x08000243   Thumb Code     0  startup_stm32f407xx.o(.text)
    EXTI0_IRQHandler                         0x08000243   Thumb Code     0  startup_stm32f407xx.o(.text)
    EXTI15_10_IRQHandler                     0x08000243   Thumb Code     0  startup_stm32f407xx.o(.text)
    EXTI1_IRQHandler                         0x08000243   Thumb Code     0  startup_stm32f407xx.o(.text)
    EXTI2_IRQHandler                         0x08000243   Thumb Code     0  startup_stm32f407xx.o(.text)
    EXTI3_IRQHandler                         0x08000243   Thumb Code     0  startup_stm32f407xx.o(.text)
    EXTI4_IRQHandler                         0x08000243   Thumb Code     0  startup_stm32f407xx.o(.text)
    EXTI9_5_IRQHandler                       0x08000243   Thumb Code     0  startup_stm32f407xx.o(.text)
    FLASH_IRQHandler                         0x08000243   Thumb Code     0  startup_stm32f407xx.o(.text)
    FMC_IRQHandler                           0x08000243   Thumb Code     0  startup_stm32f407xx.o(.text)
    FPU_IRQHandler                           0x08000243   Thumb Code     0  startup_stm32f407xx.o(.text)
    I2C1_ER_IRQHandler                       0x08000243   Thumb Code     0  startup_stm32f407xx.o(.text)
    I2C1_EV_IRQHandler                       0x08000243   Thumb Code     0  startup_stm32f407xx.o(.text)
    I2C2_ER_IRQHandler                       0x08000243   Thumb Code     0  startup_stm32f407xx.o(.text)
    I2C2_EV_IRQHandler                       0x08000243   Thumb Code     0  startup_stm32f407xx.o(.text)
    I2C3_ER_IRQHandler                       0x08000243   Thumb Code     0  startup_stm32f407xx.o(.text)
    I2C3_EV_IRQHandler                       0x08000243   Thumb Code     0  startup_stm32f407xx.o(.text)
    OTG_FS_WKUP_IRQHandler                   0x08000243   Thumb Code     0  startup_stm32f407xx.o(.text)
    OTG_HS_EP1_IN_IRQHandler                 0x08000243   Thumb Code     0  startup_stm32f407xx.o(.text)
    OTG_HS_EP1_OUT_IRQHandler                0x08000243   Thumb Code     0  startup_stm32f407xx.o(.text)
    OTG_HS_IRQHandler                        0x08000243   Thumb Code     0  startup_stm32f407xx.o(.text)
    OTG_HS_WKUP_IRQHandler                   0x08000243   Thumb Code     0  startup_stm32f407xx.o(.text)
    PVD_IRQHandler                           0x08000243   Thumb Code     0  startup_stm32f407xx.o(.text)
    RCC_IRQHandler                           0x08000243   Thumb Code     0  startup_stm32f407xx.o(.text)
    RTC_Alarm_IRQHandler                     0x08000243   Thumb Code     0  startup_stm32f407xx.o(.text)
    RTC_WKUP_IRQHandler                      0x08000243   Thumb Code     0  startup_stm32f407xx.o(.text)
    SDIO_IRQHandler                          0x08000243   Thumb Code     0  startup_stm32f407xx.o(.text)
    SPI1_IRQHandler                          0x08000243   Thumb Code     0  startup_stm32f407xx.o(.text)
    SPI2_IRQHandler                          0x08000243   Thumb Code     0  startup_stm32f407xx.o(.text)
    SPI3_IRQHandler                          0x08000243   Thumb Code     0  startup_stm32f407xx.o(.text)
    TAMP_STAMP_IRQHandler                    0x08000243   Thumb Code     0  startup_stm32f407xx.o(.text)
    TIM1_BRK_TIM9_IRQHandler                 0x08000243   Thumb Code     0  startup_stm32f407xx.o(.text)
    TIM1_CC_IRQHandler                       0x08000243   Thumb Code     0  startup_stm32f407xx.o(.text)
    TIM1_TRG_COM_TIM11_IRQHandler            0x08000243   Thumb Code     0  startup_stm32f407xx.o(.text)
    TIM1_UP_TIM10_IRQHandler                 0x08000243   Thumb Code     0  startup_stm32f407xx.o(.text)
    TIM2_IRQHandler                          0x08000243   Thumb Code     0  startup_stm32f407xx.o(.text)
    TIM3_IRQHandler                          0x08000243   Thumb Code     0  startup_stm32f407xx.o(.text)
    TIM4_IRQHandler                          0x08000243   Thumb Code     0  startup_stm32f407xx.o(.text)
    TIM5_IRQHandler                          0x08000243   Thumb Code     0  startup_stm32f407xx.o(.text)
    TIM6_DAC_IRQHandler                      0x08000243   Thumb Code     0  startup_stm32f407xx.o(.text)
    TIM7_IRQHandler                          0x08000243   Thumb Code     0  startup_stm32f407xx.o(.text)
    TIM8_BRK_TIM12_IRQHandler                0x08000243   Thumb Code     0  startup_stm32f407xx.o(.text)
    TIM8_CC_IRQHandler                       0x08000243   Thumb Code     0  startup_stm32f407xx.o(.text)
    TIM8_TRG_COM_TIM14_IRQHandler            0x08000243   Thumb Code     0  startup_stm32f407xx.o(.text)
    TIM8_UP_TIM13_IRQHandler                 0x08000243   Thumb Code     0  startup_stm32f407xx.o(.text)
    UART4_IRQHandler                         0x08000243   Thumb Code     0  startup_stm32f407xx.o(.text)
    UART5_IRQHandler                         0x08000243   Thumb Code     0  startup_stm32f407xx.o(.text)
    USART1_IRQHandler                        0x08000243   Thumb Code     0  startup_stm32f407xx.o(.text)
    USART2_IRQHandler                        0x08000243   Thumb Code     0  startup_stm32f407xx.o(.text)
    WWDG_IRQHandler                          0x08000243   Thumb Code     0  startup_stm32f407xx.o(.text)
    __user_initial_stackheap                 0x08000245   Thumb Code     0  startup_stm32f407xx.o(.text)
    __aeabi_uldivmod                         0x08000269   Thumb Code     0  lludivv7m.o(.text)
    _ll_udiv                                 0x08000269   Thumb Code   238  lludivv7m.o(.text)
    __aeabi_memclr4                          0x08000357   Thumb Code     0  rt_memclr_w.o(.text)
    __aeabi_memclr8                          0x08000357   Thumb Code     0  rt_memclr_w.o(.text)
    __rt_memclr_w                            0x08000357   Thumb Code    78  rt_memclr_w.o(.text)
    _memset_w                                0x0800035b   Thumb Code     0  rt_memclr_w.o(.text)
    __use_two_region_memory                  0x080003a5   Thumb Code     2  heapauxi.o(.text)
    __rt_heap_escrow$2region                 0x080003a7   Thumb Code     2  heapauxi.o(.text)
    __rt_heap_expand$2region                 0x080003a9   Thumb Code     2  heapauxi.o(.text)
    __user_setup_stackheap                   0x080003ab   Thumb Code    74  sys_stackheap_outer.o(.text)
    exit                                     0x080003f5   Thumb Code    18  exit.o(.text)
    __user_libspace                          0x08000409   Thumb Code     8  libspace.o(.text)
    __user_perproc_libspace                  0x08000409   Thumb Code     0  libspace.o(.text)
    __user_perthread_libspace                0x08000409   Thumb Code     0  libspace.o(.text)
    _sys_exit                                0x08000411   Thumb Code     8  sys_exit.o(.text)
    __I$use$semihosting                      0x0800041d   Thumb Code     0  use_no_semi.o(.text)
    __use_no_semihosting_swi                 0x0800041d   Thumb Code     2  use_no_semi.o(.text)
    BusFault_Handler                         0x0800041f   Thumb Code     2  stm32f4xx_it.o(i.BusFault_Handler)
    __semihosting_library_function           0x0800041f   Thumb Code     0  indicate_semi.o(.text)
    DMA1_Stream1_IRQHandler                  0x08000469   Thumb Code     6  stm32f4xx_it.o(i.DMA1_Stream1_IRQHandler)
    DMA2_Stream1_IRQHandler                  0x08000475   Thumb Code     6  stm32f4xx_it.o(i.DMA2_Stream1_IRQHandler)
    DMA2_Stream2_IRQHandler                  0x08000481   Thumb Code     6  stm32f4xx_it.o(i.DMA2_Stream2_IRQHandler)
    DMA2_Stream6_IRQHandler                  0x0800048d   Thumb Code     6  stm32f4xx_it.o(i.DMA2_Stream6_IRQHandler)
    DMA2_Stream7_IRQHandler                  0x08000499   Thumb Code     6  stm32f4xx_it.o(i.DMA2_Stream7_IRQHandler)
    DebugMon_Handler                         0x08000521   Thumb Code     2  stm32f4xx_it.o(i.DebugMon_Handler)
    Error_Handler                            0x08000523   Thumb Code     4  main.o(i.Error_Handler)
    HAL_CAN_Init                             0x08000527   Thumb Code   282  stm32f4xx_hal_can.o(i.HAL_CAN_Init)
    HAL_CAN_MspInit                          0x08000641   Thumb Code   194  can.o(i.HAL_CAN_MspInit)
    HAL_DMA_Abort                            0x0800071d   Thumb Code   146  stm32f4xx_hal_dma.o(i.HAL_DMA_Abort)
    HAL_DMA_Abort_IT                         0x080007af   Thumb Code    36  stm32f4xx_hal_dma.o(i.HAL_DMA_Abort_IT)
    HAL_DMA_IRQHandler                       0x080007d5   Thumb Code   412  stm32f4xx_hal_dma.o(i.HAL_DMA_IRQHandler)
    HAL_DMA_Init                             0x08000975   Thumb Code   206  stm32f4xx_hal_dma.o(i.HAL_DMA_Init)
    HAL_Delay                                0x08000a49   Thumb Code    32  stm32f4xx_hal.o(i.HAL_Delay)
    HAL_GPIO_Init                            0x08000a6d   Thumb Code   450  stm32f4xx_hal_gpio.o(i.HAL_GPIO_Init)
    HAL_GPIO_WritePin                        0x08000c5d   Thumb Code    10  stm32f4xx_hal_gpio.o(i.HAL_GPIO_WritePin)
    HAL_GetTick                              0x08000c69   Thumb Code     6  stm32f4xx_hal.o(i.HAL_GetTick)
    HAL_IncTick                              0x08000c75   Thumb Code    12  stm32f4xx_hal.o(i.HAL_IncTick)
    HAL_Init                                 0x08000c85   Thumb Code    48  stm32f4xx_hal.o(i.HAL_Init)
    HAL_InitTick                             0x08000cb9   Thumb Code    54  stm32f4xx_hal.o(i.HAL_InitTick)
    HAL_MspInit                              0x08000cf9   Thumb Code    42  stm32f4xx_hal_msp.o(i.HAL_MspInit)
    HAL_NVIC_EnableIRQ                       0x08000d29   Thumb Code    26  stm32f4xx_hal_cortex.o(i.HAL_NVIC_EnableIRQ)
    HAL_NVIC_SetPriority                     0x08000d45   Thumb Code    60  stm32f4xx_hal_cortex.o(i.HAL_NVIC_SetPriority)
    HAL_NVIC_SetPriorityGrouping             0x08000d85   Thumb Code    26  stm32f4xx_hal_cortex.o(i.HAL_NVIC_SetPriorityGrouping)
    HAL_PCDEx_LPM_Callback                   0x08000da9   Thumb Code     2  stm32f4xx_hal_pcd_ex.o(i.HAL_PCDEx_LPM_Callback)
    HAL_PCDEx_SetRxFiFo                      0x08000dab   Thumb Code     8  stm32f4xx_hal_pcd_ex.o(i.HAL_PCDEx_SetRxFiFo)
    HAL_PCDEx_SetTxFiFo                      0x08000db3   Thumb Code    68  stm32f4xx_hal_pcd_ex.o(i.HAL_PCDEx_SetTxFiFo)
    HAL_PCD_ConnectCallback                  0x08000df7   Thumb Code     8  usbd_conf.o(i.HAL_PCD_ConnectCallback)
    HAL_PCD_DataInStageCallback              0x08000dff   Thumb Code    18  usbd_conf.o(i.HAL_PCD_DataInStageCallback)
    HAL_PCD_DataOutStageCallback             0x08000e11   Thumb Code    20  usbd_conf.o(i.HAL_PCD_DataOutStageCallback)
    HAL_PCD_DisconnectCallback               0x08000e25   Thumb Code     8  usbd_conf.o(i.HAL_PCD_DisconnectCallback)
    HAL_PCD_EP_Abort                         0x08000e2d   Thumb Code    30  stm32f4xx_hal_pcd.o(i.HAL_PCD_EP_Abort)
    HAL_PCD_EP_Close                         0x08000e4b   Thumb Code    74  stm32f4xx_hal_pcd.o(i.HAL_PCD_EP_Close)
    HAL_PCD_EP_ClrStall                      0x08000e95   Thumb Code    90  stm32f4xx_hal_pcd.o(i.HAL_PCD_EP_ClrStall)
    HAL_PCD_EP_GetRxCount                    0x08000eef   Thumb Code    18  stm32f4xx_hal_pcd.o(i.HAL_PCD_EP_GetRxCount)
    HAL_PCD_EP_Open                          0x08000f01   Thumb Code    98  stm32f4xx_hal_pcd.o(i.HAL_PCD_EP_Open)
    HAL_PCD_EP_Receive                       0x08000f63   Thumb Code    56  stm32f4xx_hal_pcd.o(i.HAL_PCD_EP_Receive)
    HAL_PCD_EP_SetStall                      0x08000f9b   Thumb Code   114  stm32f4xx_hal_pcd.o(i.HAL_PCD_EP_SetStall)
    HAL_PCD_EP_Transmit                      0x0800100d   Thumb Code    50  stm32f4xx_hal_pcd.o(i.HAL_PCD_EP_Transmit)
    HAL_PCD_IRQHandler                       0x08001041   Thumb Code  1372  stm32f4xx_hal_pcd.o(i.HAL_PCD_IRQHandler)
    HAL_PCD_ISOINIncompleteCallback          0x0800159d   Thumb Code     8  usbd_conf.o(i.HAL_PCD_ISOINIncompleteCallback)
    HAL_PCD_ISOOUTIncompleteCallback         0x080015a5   Thumb Code     8  usbd_conf.o(i.HAL_PCD_ISOOUTIncompleteCallback)
    HAL_PCD_Init                             0x080015ad   Thumb Code   204  stm32f4xx_hal_pcd.o(i.HAL_PCD_Init)
    HAL_PCD_MspInit                          0x08001679   Thumb Code   122  usbd_conf.o(i.HAL_PCD_MspInit)
    HAL_PCD_ResetCallback                    0x080016fd   Thumb Code    44  usbd_conf.o(i.HAL_PCD_ResetCallback)
    HAL_PCD_ResumeCallback                   0x08001729   Thumb Code     8  usbd_conf.o(i.HAL_PCD_ResumeCallback)
    HAL_PCD_SOFCallback                      0x08001731   Thumb Code     8  usbd_conf.o(i.HAL_PCD_SOFCallback)
    HAL_PCD_SetAddress                       0x08001739   Thumb Code    38  stm32f4xx_hal_pcd.o(i.HAL_PCD_SetAddress)
    HAL_PCD_SetupStageCallback               0x0800175f   Thumb Code    14  usbd_conf.o(i.HAL_PCD_SetupStageCallback)
    HAL_PCD_Start                            0x0800176d   Thumb Code    66  stm32f4xx_hal_pcd.o(i.HAL_PCD_Start)
    HAL_PCD_SuspendCallback                  0x080017b1   Thumb Code    44  usbd_conf.o(i.HAL_PCD_SuspendCallback)
    HAL_RCC_ClockConfig                      0x080017e1   Thumb Code   288  stm32f4xx_hal_rcc.o(i.HAL_RCC_ClockConfig)
    HAL_RCC_GetHCLKFreq                      0x08001915   Thumb Code     6  stm32f4xx_hal_rcc.o(i.HAL_RCC_GetHCLKFreq)
    HAL_RCC_GetPCLK1Freq                     0x08001921   Thumb Code    20  stm32f4xx_hal_rcc.o(i.HAL_RCC_GetPCLK1Freq)
    HAL_RCC_GetPCLK2Freq                     0x08001941   Thumb Code    20  stm32f4xx_hal_rcc.o(i.HAL_RCC_GetPCLK2Freq)
    HAL_RCC_GetSysClockFreq                  0x08001961   Thumb Code    88  stm32f4xx_hal_rcc.o(i.HAL_RCC_GetSysClockFreq)
    HAL_RCC_OscConfig                        0x080019c5   Thumb Code   856  stm32f4xx_hal_rcc.o(i.HAL_RCC_OscConfig)
    HAL_RNG_ErrorCallback                    0x08001d31   Thumb Code     2  stm32f4xx_hal_rng.o(i.HAL_RNG_ErrorCallback)
    HAL_RNG_IRQHandler                       0x08001d33   Thumb Code    84  stm32f4xx_hal_rng.o(i.HAL_RNG_IRQHandler)
    HAL_RNG_Init                             0x08001d87   Thumb Code    50  stm32f4xx_hal_rng.o(i.HAL_RNG_Init)
    HAL_RNG_MspInit                          0x08001db9   Thumb Code    50  rng.o(i.HAL_RNG_MspInit)
    HAL_RNG_ReadyDataCallback                0x08001df5   Thumb Code     2  stm32f4xx_hal_rng.o(i.HAL_RNG_ReadyDataCallback)
    HAL_SPI_Init                             0x08001df7   Thumb Code   188  stm32f4xx_hal_spi.o(i.HAL_SPI_Init)
    HAL_SPI_MspInit                          0x08001eb5   Thumb Code   128  spi.o(i.HAL_SPI_MspInit)
    HAL_SYSTICK_Config                       0x08001f45   Thumb Code    40  stm32f4xx_hal_cortex.o(i.HAL_SYSTICK_Config)
    HAL_UARTEx_RxEventCallback               0x08001f6d   Thumb Code     2  stm32f4xx_hal_uart.o(i.HAL_UARTEx_RxEventCallback)
    HAL_UART_ErrorCallback                   0x08001f6f   Thumb Code     2  stm32f4xx_hal_uart.o(i.HAL_UART_ErrorCallback)
    HAL_UART_IRQHandler                      0x08001f71   Thumb Code   636  stm32f4xx_hal_uart.o(i.HAL_UART_IRQHandler)
    HAL_UART_Init                            0x080021f1   Thumb Code   100  stm32f4xx_hal_uart.o(i.HAL_UART_Init)
    HAL_UART_MspInit                         0x08002255   Thumb Code   540  usart.o(i.HAL_UART_MspInit)
    HAL_UART_RxCpltCallback                  0x080024a1   Thumb Code     2  stm32f4xx_hal_uart.o(i.HAL_UART_RxCpltCallback)
    HAL_UART_TxCpltCallback                  0x080024a3   Thumb Code     2  stm32f4xx_hal_uart.o(i.HAL_UART_TxCpltCallback)
    HASH_RNG_IRQHandler                      0x080024a5   Thumb Code     6  stm32f4xx_it.o(i.HASH_RNG_IRQHandler)
    HardFault_Handler                        0x080024b1   Thumb Code     2  stm32f4xx_it.o(i.HardFault_Handler)
    MX_CAN1_Init                             0x080024ed   Thumb Code    60  can.o(i.MX_CAN1_Init)
    MX_CAN2_Init                             0x08002531   Thumb Code    60  can.o(i.MX_CAN2_Init)
    MX_DMA_Init                              0x08002575   Thumb Code   120  dma.o(i.MX_DMA_Init)
    MX_GPIO_Init                             0x080025f1   Thumb Code   234  gpio.o(i.MX_GPIO_Init)
    MX_RNG_Init                              0x080026f1   Thumb Code    28  rng.o(i.MX_RNG_Init)
    MX_SPI1_Init                             0x08002715   Thumb Code    64  spi.o(i.MX_SPI1_Init)
    MX_USART1_UART_Init                      0x0800275d   Thumb Code    48  usart.o(i.MX_USART1_UART_Init)
    MX_USART3_UART_Init                      0x08002795   Thumb Code    50  usart.o(i.MX_USART3_UART_Init)
    MX_USART6_UART_Init                      0x080027d5   Thumb Code    48  usart.o(i.MX_USART6_UART_Init)
    MX_USB_DEVICE_Init                       0x0800280d   Thumb Code    66  usb_device.o(i.MX_USB_DEVICE_Init)
    MemManage_Handler                        0x08002861   Thumb Code     2  stm32f4xx_it.o(i.MemManage_Handler)
    NMI_Handler                              0x08002863   Thumb Code     2  stm32f4xx_it.o(i.NMI_Handler)
    OTG_FS_IRQHandler                        0x08002865   Thumb Code     6  stm32f4xx_it.o(i.OTG_FS_IRQHandler)
    PendSV_Handler                           0x080029df   Thumb Code     2  stm32f4xx_it.o(i.PendSV_Handler)
    SVC_Handler                              0x080029e1   Thumb Code     2  stm32f4xx_it.o(i.SVC_Handler)
    SysTick_Handler                          0x080029ed   Thumb Code     4  stm32f4xx_it.o(i.SysTick_Handler)
    SystemClock_Config                       0x080029f1   Thumb Code   142  main.o(i.SystemClock_Config)
    SystemInit                               0x08002a89   Thumb Code    12  system_stm32f4xx.o(i.SystemInit)
    USART3_IRQHandler                        0x08002cc5   Thumb Code     6  stm32f4xx_it.o(i.USART3_IRQHandler)
    USART6_IRQHandler                        0x08002cd1   Thumb Code     6  stm32f4xx_it.o(i.USART6_IRQHandler)
    USBD_CDC_GetDeviceQualifierDescriptor    0x08002e5d   Thumb Code     8  usbd_cdc.o(i.USBD_CDC_GetDeviceQualifierDescriptor)
    USBD_CDC_ReceivePacket                   0x08003041   Thumb Code    50  usbd_cdc.o(i.USBD_CDC_ReceivePacket)
    USBD_CDC_RegisterInterface               0x08003079   Thumb Code    22  usbd_cdc.o(i.USBD_CDC_RegisterInterface)
    USBD_CDC_SetRxBuffer                     0x0800308f   Thumb Code    26  usbd_cdc.o(i.USBD_CDC_SetRxBuffer)
    USBD_CDC_SetTxBuffer                     0x080030a9   Thumb Code    30  usbd_cdc.o(i.USBD_CDC_SetTxBuffer)
    USBD_ClrClassConfig                      0x0800319b   Thumb Code    20  usbd_core.o(i.USBD_ClrClassConfig)
    USBD_CoreFindEP                          0x080031af   Thumb Code     4  usbd_core.o(i.USBD_CoreFindEP)
    USBD_CoreFindIF                          0x080031b3   Thumb Code     4  usbd_core.o(i.USBD_CoreFindIF)
    USBD_CtlContinueRx                       0x080031b7   Thumb Code    16  usbd_ioreq.o(i.USBD_CtlContinueRx)
    USBD_CtlContinueSendData                 0x080031c7   Thumb Code    16  usbd_ioreq.o(i.USBD_CtlContinueSendData)
    USBD_CtlError                            0x080031d7   Thumb Code    22  usbd_ctlreq.o(i.USBD_CtlError)
    USBD_CtlPrepareRx                        0x080031ed   Thumb Code    34  usbd_ioreq.o(i.USBD_CtlPrepareRx)
    USBD_CtlReceiveStatus                    0x0800320f   Thumb Code    22  usbd_ioreq.o(i.USBD_CtlReceiveStatus)
    USBD_CtlSendData                         0x08003225   Thumb Code    28  usbd_ioreq.o(i.USBD_CtlSendData)
    USBD_CtlSendStatus                       0x08003241   Thumb Code    22  usbd_ioreq.o(i.USBD_CtlSendStatus)
    USBD_FS_ConfigStrDescriptor              0x08003259   Thumb Code    16  usbd_desc.o(i.USBD_FS_ConfigStrDescriptor)
    USBD_FS_DeviceDescriptor                 0x08003279   Thumb Code     8  usbd_desc.o(i.USBD_FS_DeviceDescriptor)
    USBD_FS_InterfaceStrDescriptor           0x08003285   Thumb Code    16  usbd_desc.o(i.USBD_FS_InterfaceStrDescriptor)
    USBD_FS_LangIDStrDescriptor              0x080032a9   Thumb Code     8  usbd_desc.o(i.USBD_FS_LangIDStrDescriptor)
    USBD_FS_ManufacturerStrDescriptor        0x080032b5   Thumb Code    16  usbd_desc.o(i.USBD_FS_ManufacturerStrDescriptor)
    USBD_FS_ProductStrDescriptor             0x080032dd   Thumb Code    16  usbd_desc.o(i.USBD_FS_ProductStrDescriptor)
    USBD_FS_SerialStrDescriptor              0x08003309   Thumb Code    48  usbd_desc.o(i.USBD_FS_SerialStrDescriptor)
    USBD_GetEpDesc                           0x08003427   Thumb Code    58  usbd_core.o(i.USBD_GetEpDesc)
    USBD_GetNextDesc                         0x08003475   Thumb Code    14  usbd_core.o(i.USBD_GetNextDesc)
    USBD_GetString                           0x08003483   Thumb Code    78  usbd_ctlreq.o(i.USBD_GetString)
    USBD_Get_USB_Status                      0x080034d1   Thumb Code    24  usbd_conf.o(i.USBD_Get_USB_Status)
    USBD_Init                                0x080034e9   Thumb Code    38  usbd_core.o(i.USBD_Init)
    USBD_LL_ClearStallEP                     0x0800350f   Thumb Code    18  usbd_conf.o(i.USBD_LL_ClearStallEP)
    USBD_LL_CloseEP                          0x08003521   Thumb Code    18  usbd_conf.o(i.USBD_LL_CloseEP)
    USBD_LL_DataInStage                      0x08003533   Thumb Code   184  usbd_core.o(i.USBD_LL_DataInStage)
    USBD_LL_DataOutStage                     0x080035eb   Thumb Code   148  usbd_core.o(i.USBD_LL_DataOutStage)
    USBD_LL_DevConnected                     0x0800367f   Thumb Code     4  usbd_core.o(i.USBD_LL_DevConnected)
    USBD_LL_DevDisconnected                  0x08003683   Thumb Code    30  usbd_core.o(i.USBD_LL_DevDisconnected)
    USBD_LL_GetRxDataSize                    0x080036a1   Thumb Code     8  usbd_conf.o(i.USBD_LL_GetRxDataSize)
    USBD_LL_Init                             0x080036a9   Thumb Code    90  usbd_conf.o(i.USBD_LL_Init)
    USBD_LL_IsStallEP                        0x08003709   Thumb Code    30  usbd_conf.o(i.USBD_LL_IsStallEP)
    USBD_LL_IsoINIncomplete                  0x08003727   Thumb Code    40  usbd_core.o(i.USBD_LL_IsoINIncomplete)
    USBD_LL_IsoOUTIncomplete                 0x0800374f   Thumb Code    40  usbd_core.o(i.USBD_LL_IsoOUTIncomplete)
    USBD_LL_OpenEP                           0x08003777   Thumb Code    24  usbd_conf.o(i.USBD_LL_OpenEP)
    USBD_LL_PrepareReceive                   0x0800378f   Thumb Code    18  usbd_conf.o(i.USBD_LL_PrepareReceive)
    USBD_LL_Reset                            0x080037a1   Thumb Code    94  usbd_core.o(i.USBD_LL_Reset)
    USBD_LL_Resume                           0x080037ff   Thumb Code    20  usbd_core.o(i.USBD_LL_Resume)
    USBD_LL_SOF                              0x08003813   Thumb Code    26  usbd_core.o(i.USBD_LL_SOF)
    USBD_LL_SetSpeed                         0x0800382d   Thumb Code     6  usbd_core.o(i.USBD_LL_SetSpeed)
    USBD_LL_SetUSBAddress                    0x08003833   Thumb Code    18  usbd_conf.o(i.USBD_LL_SetUSBAddress)
    USBD_LL_SetupStage                       0x08003845   Thumb Code    96  usbd_core.o(i.USBD_LL_SetupStage)
    USBD_LL_StallEP                          0x080038a5   Thumb Code    18  usbd_conf.o(i.USBD_LL_StallEP)
    USBD_LL_Start                            0x080038b7   Thumb Code    18  usbd_conf.o(i.USBD_LL_Start)
    USBD_LL_Suspend                          0x080038c9   Thumb Code    26  usbd_core.o(i.USBD_LL_Suspend)
    USBD_LL_Transmit                         0x080038e3   Thumb Code    18  usbd_conf.o(i.USBD_LL_Transmit)
    USBD_ParseSetupRequest                   0x080038f5   Thumb Code    44  usbd_ctlreq.o(i.USBD_ParseSetupRequest)
    USBD_RegisterClass                       0x08003921   Thumb Code    58  usbd_core.o(i.USBD_RegisterClass)
    USBD_SetClassConfig                      0x0800395b   Thumb Code    20  usbd_core.o(i.USBD_SetClassConfig)
    USBD_Start                               0x08003a29   Thumb Code     4  usbd_core.o(i.USBD_Start)
    USBD_StdDevReq                           0x08003a2d   Thumb Code   300  usbd_ctlreq.o(i.USBD_StdDevReq)
    USBD_StdEPReq                            0x08003b59   Thumb Code   358  usbd_ctlreq.o(i.USBD_StdEPReq)
    USBD_StdItfReq                           0x08003cbf   Thumb Code   114  usbd_ctlreq.o(i.USBD_StdItfReq)
    USBD_static_free                         0x08003d31   Thumb Code     2  usbd_conf.o(i.USBD_static_free)
    USBD_static_malloc                       0x08003d35   Thumb Code     4  usbd_conf.o(i.USBD_static_malloc)
    USB_ActivateEndpoint                     0x08003d3d   Thumb Code   122  stm32f4xx_ll_usb.o(i.USB_ActivateEndpoint)
    USB_ActivateSetup                        0x08003dbd   Thumb Code    28  stm32f4xx_ll_usb.o(i.USB_ActivateSetup)
    USB_CoreInit                             0x08003dd9   Thumb Code   126  stm32f4xx_ll_usb.o(i.USB_CoreInit)
    USB_DeactivateEndpoint                   0x08003ea1   Thumb Code   194  stm32f4xx_ll_usb.o(i.USB_DeactivateEndpoint)
    USB_DevConnect                           0x08003f6d   Thumb Code    28  stm32f4xx_ll_usb.o(i.USB_DevConnect)
    USB_DevDisconnect                        0x08003f89   Thumb Code    28  stm32f4xx_ll_usb.o(i.USB_DevDisconnect)
    USB_DevInit                              0x08003fa5   Thumb Code   370  stm32f4xx_ll_usb.o(i.USB_DevInit)
    USB_DisableGlobalInt                     0x08004121   Thumb Code    12  stm32f4xx_ll_usb.o(i.USB_DisableGlobalInt)
    USB_EP0_OutStart                         0x0800412d   Thumb Code    84  stm32f4xx_ll_usb.o(i.USB_EP0_OutStart)
    USB_EPClearStall                         0x08004185   Thumb Code    88  stm32f4xx_ll_usb.o(i.USB_EPClearStall)
    USB_EPSetStall                           0x080041dd   Thumb Code    88  stm32f4xx_ll_usb.o(i.USB_EPSetStall)
    USB_EPStartXfer                          0x08004235   Thumb Code   562  stm32f4xx_ll_usb.o(i.USB_EPStartXfer)
    USB_EPStopXfer                           0x0800446d   Thumb Code   158  stm32f4xx_ll_usb.o(i.USB_EPStopXfer)
    USB_EnableGlobalInt                      0x0800450b   Thumb Code    12  stm32f4xx_ll_usb.o(i.USB_EnableGlobalInt)
    USB_FlushRxFifo                          0x08004517   Thumb Code    56  stm32f4xx_ll_usb.o(i.USB_FlushRxFifo)
    USB_FlushTxFifo                          0x0800454f   Thumb Code    60  stm32f4xx_ll_usb.o(i.USB_FlushTxFifo)
    USB_GetDevSpeed                          0x0800458b   Thumb Code    26  stm32f4xx_ll_usb.o(i.USB_GetDevSpeed)
    USB_GetMode                              0x080045a5   Thumb Code     8  stm32f4xx_ll_usb.o(i.USB_GetMode)
    USB_ReadDevAllInEpInterrupt              0x080045ad   Thumb Code    14  stm32f4xx_ll_usb.o(i.USB_ReadDevAllInEpInterrupt)
    USB_ReadDevAllOutEpInterrupt             0x080045bb   Thumb Code    14  stm32f4xx_ll_usb.o(i.USB_ReadDevAllOutEpInterrupt)
    USB_ReadDevInEPInterrupt                 0x080045c9   Thumb Code    36  stm32f4xx_ll_usb.o(i.USB_ReadDevInEPInterrupt)
    USB_ReadDevOutEPInterrupt                0x080045ed   Thumb Code    16  stm32f4xx_ll_usb.o(i.USB_ReadDevOutEPInterrupt)
    USB_ReadInterrupts                       0x080045fd   Thumb Code     8  stm32f4xx_ll_usb.o(i.USB_ReadInterrupts)
    USB_ReadPacket                           0x08004605   Thumb Code    62  stm32f4xx_ll_usb.o(i.USB_ReadPacket)
    USB_SetCurrentMode                       0x08004643   Thumb Code    92  stm32f4xx_ll_usb.o(i.USB_SetCurrentMode)
    USB_SetDevAddress                        0x0800469f   Thumb Code    34  stm32f4xx_ll_usb.o(i.USB_SetDevAddress)
    USB_SetTurnaroundTime                    0x080046c1   Thumb Code   158  stm32f4xx_ll_usb.o(i.USB_SetTurnaroundTime)
    USB_WritePacket                          0x080047a9   Thumb Code    40  stm32f4xx_ll_usb.o(i.USB_WritePacket)
    UsageFault_Handler                       0x080047d1   Thumb Code     2  stm32f4xx_it.o(i.UsageFault_Handler)
    main                                     0x080047f3   Thumb Code    50  main.o(i.main)
    _fp_init                                 0x08004825   Thumb Code    10  fpinit.o(x$fpl$fpinit)
    __fplib_config_fpu_vfp                   0x0800482d   Thumb Code     0  fpinit.o(x$fpl$fpinit)
    __fplib_config_pureend_doubles           0x0800482d   Thumb Code     0  fpinit.o(x$fpl$fpinit)
    AHBPrescTable                            0x08004836   Data          16  system_stm32f4xx.o(.constdata)
    APBPrescTable                            0x08004846   Data           8  system_stm32f4xx.o(.constdata)
    Region$$Table$$Base                      0x08004850   Number         0  anon$$obj.o(Region$$Table)
    Region$$Table$$Limit                     0x08004870   Number         0  anon$$obj.o(Region$$Table)
    FS_Desc                                  0x20000004   Data          28  usbd_desc.o(.data)
    USBD_LangIDDesc                          0x20000020   Data           4  usbd_desc.o(.data)
    USBD_FS_DeviceDesc                       0x20000024   Data          18  usbd_desc.o(.data)
    USBD_StringSerial                        0x20000038   Data          26  usbd_desc.o(.data)
    USBD_Interface_fops_FS                   0x20000054   Data          20  usbd_cdc_if.o(.data)
    uwTickFreq                               0x20000068   Data           1  stm32f4xx_hal.o(.data)
    uwTickPrio                               0x2000006c   Data           4  stm32f4xx_hal.o(.data)
    uwTick                                   0x20000070   Data           4  stm32f4xx_hal.o(.data)
    SystemCoreClock                          0x20000074   Data           4  system_stm32f4xx.o(.data)
    USBD_CDC                                 0x200000d0   Data          56  usbd_cdc.o(.data)
    hcan1                                    0x20000108   Data          40  can.o(.bss)
    hcan2                                    0x20000130   Data          40  can.o(.bss)
    hrng                                     0x20000158   Data          16  rng.o(.bss)
    hspi1                                    0x20000168   Data          88  spi.o(.bss)
    huart1                                   0x200001c0   Data          72  usart.o(.bss)
    huart3                                   0x20000208   Data          72  usart.o(.bss)
    huart6                                   0x20000250   Data          72  usart.o(.bss)
    hdma_usart1_rx                           0x20000298   Data          96  usart.o(.bss)
    hdma_usart1_tx                           0x200002f8   Data          96  usart.o(.bss)
    hdma_usart3_rx                           0x20000358   Data          96  usart.o(.bss)
    hdma_usart6_rx                           0x200003b8   Data          96  usart.o(.bss)
    hdma_usart6_tx                           0x20000418   Data          96  usart.o(.bss)
    hUsbDeviceFS                             0x20000478   Data         732  usb_device.o(.bss)
    USBD_StrDesc                             0x20000754   Data         512  usbd_desc.o(.bss)
    UserRxBufferFS                           0x20000954   Data        2048  usbd_cdc_if.o(.bss)
    UserTxBufferFS                           0x20001154   Data        2048  usbd_cdc_if.o(.bss)
    hpcd_USB_OTG_FS                          0x20001b74   Data        1252  usbd_conf.o(.bss)
    __libspace_start                         0x20002058   Data          96  libspace.o(.bss)
    __temporary_stack_top$libspace           0x200020b8   Data           0  libspace.o(.bss)



==============================================================================

Memory Map of the image

  Image Entry point : 0x08000189

  Load Region LR_IROM1 (Base: 0x08000000, Size: 0x00004978, Max: 0x00100000, ABSOLUTE)

    Execution Region ER_IROM1 (Exec base: 0x08000000, Load base: 0x08000000, Size: 0x00004870, Max: 0x00100000, ABSOLUTE)

    Exec Addr    Load Addr    Size         Type   Attr      Idx    E Section Name        Object

    0x08000000   0x08000000   0x00000188   Data   RO            3    RESET               startup_stm32f407xx.o
    0x08000188   0x08000188   0x00000008   Code   RO         4188  * !!!main             c_w.l(__main.o)
    0x08000190   0x08000190   0x00000034   Code   RO         4357    !!!scatter          c_w.l(__scatter.o)
    0x080001c4   0x080001c4   0x0000001a   Code   RO         4359    !!handler_copy      c_w.l(__scatter_copy.o)
    0x080001de   0x080001de   0x00000002   PAD
    0x080001e0   0x080001e0   0x0000001c   Code   RO         4361    !!handler_zi        c_w.l(__scatter_zi.o)
    0x080001fc   0x080001fc   0x00000002   Code   RO         4225    .ARM.Collect$$libinit$$00000000  c_w.l(libinit.o)
    0x080001fe   0x080001fe   0x00000004   Code   RO         4237    .ARM.Collect$$libinit$$00000001  c_w.l(libinit2.o)
    0x08000202   0x08000202   0x00000000   Code   RO         4240    .ARM.Collect$$libinit$$00000004  c_w.l(libinit2.o)
    0x08000202   0x08000202   0x00000000   Code   RO         4243    .ARM.Collect$$libinit$$0000000A  c_w.l(libinit2.o)
    0x08000202   0x08000202   0x00000000   Code   RO         4245    .ARM.Collect$$libinit$$0000000C  c_w.l(libinit2.o)
    0x08000202   0x08000202   0x00000000   Code   RO         4247    .ARM.Collect$$libinit$$0000000E  c_w.l(libinit2.o)
    0x08000202   0x08000202   0x00000000   Code   RO         4250    .ARM.Collect$$libinit$$00000011  c_w.l(libinit2.o)
    0x08000202   0x08000202   0x00000000   Code   RO         4252    .ARM.Collect$$libinit$$00000013  c_w.l(libinit2.o)
    0x08000202   0x08000202   0x00000000   Code   RO         4254    .ARM.Collect$$libinit$$00000015  c_w.l(libinit2.o)
    0x08000202   0x08000202   0x00000000   Code   RO         4256    .ARM.Collect$$libinit$$00000017  c_w.l(libinit2.o)
    0x08000202   0x08000202   0x00000000   Code   RO         4258    .ARM.Collect$$libinit$$00000019  c_w.l(libinit2.o)
    0x08000202   0x08000202   0x00000000   Code   RO         4260    .ARM.Collect$$libinit$$0000001B  c_w.l(libinit2.o)
    0x08000202   0x08000202   0x00000000   Code   RO         4262    .ARM.Collect$$libinit$$0000001D  c_w.l(libinit2.o)
    0x08000202   0x08000202   0x00000000   Code   RO         4264    .ARM.Collect$$libinit$$0000001F  c_w.l(libinit2.o)
    0x08000202   0x08000202   0x00000000   Code   RO         4266    .ARM.Collect$$libinit$$00000021  c_w.l(libinit2.o)
    0x08000202   0x08000202   0x00000000   Code   RO         4268    .ARM.Collect$$libinit$$00000023  c_w.l(libinit2.o)
    0x08000202   0x08000202   0x00000000   Code   RO         4270    .ARM.Collect$$libinit$$00000025  c_w.l(libinit2.o)
    0x08000202   0x08000202   0x00000000   Code   RO         4274    .ARM.Collect$$libinit$$0000002C  c_w.l(libinit2.o)
    0x08000202   0x08000202   0x00000000   Code   RO         4276    .ARM.Collect$$libinit$$0000002E  c_w.l(libinit2.o)
    0x08000202   0x08000202   0x00000000   Code   RO         4278    .ARM.Collect$$libinit$$00000030  c_w.l(libinit2.o)
    0x08000202   0x08000202   0x00000000   Code   RO         4280    .ARM.Collect$$libinit$$00000032  c_w.l(libinit2.o)
    0x08000202   0x08000202   0x00000002   Code   RO         4281    .ARM.Collect$$libinit$$00000033  c_w.l(libinit2.o)
    0x08000204   0x08000204   0x00000002   Code   RO         4312    .ARM.Collect$$libshutdown$$00000000  c_w.l(libshutdown.o)
    0x08000206   0x08000206   0x00000000   Code   RO         4338    .ARM.Collect$$libshutdown$$00000002  c_w.l(libshutdown2.o)
    0x08000206   0x08000206   0x00000000   Code   RO         4340    .ARM.Collect$$libshutdown$$00000004  c_w.l(libshutdown2.o)
    0x08000206   0x08000206   0x00000000   Code   RO         4342    .ARM.Collect$$libshutdown$$00000006  c_w.l(libshutdown2.o)
    0x08000206   0x08000206   0x00000000   Code   RO         4345    .ARM.Collect$$libshutdown$$00000009  c_w.l(libshutdown2.o)
    0x08000206   0x08000206   0x00000000   Code   RO         4348    .ARM.Collect$$libshutdown$$0000000C  c_w.l(libshutdown2.o)
    0x08000206   0x08000206   0x00000000   Code   RO         4350    .ARM.Collect$$libshutdown$$0000000E  c_w.l(libshutdown2.o)
    0x08000206   0x08000206   0x00000000   Code   RO         4353    .ARM.Collect$$libshutdown$$00000011  c_w.l(libshutdown2.o)
    0x08000206   0x08000206   0x00000002   Code   RO         4354    .ARM.Collect$$libshutdown$$00000012  c_w.l(libshutdown2.o)
    0x08000208   0x08000208   0x00000000   Code   RO         4190    .ARM.Collect$$rtentry$$00000000  c_w.l(__rtentry.o)
    0x08000208   0x08000208   0x00000000   Code   RO         4196    .ARM.Collect$$rtentry$$00000002  c_w.l(__rtentry2.o)
    0x08000208   0x08000208   0x00000006   Code   RO         4208    .ARM.Collect$$rtentry$$00000004  c_w.l(__rtentry4.o)
    0x0800020e   0x0800020e   0x00000000   Code   RO         4198    .ARM.Collect$$rtentry$$00000009  c_w.l(__rtentry2.o)
    0x0800020e   0x0800020e   0x00000004   Code   RO         4199    .ARM.Collect$$rtentry$$0000000A  c_w.l(__rtentry2.o)
    0x08000212   0x08000212   0x00000000   Code   RO         4201    .ARM.Collect$$rtentry$$0000000C  c_w.l(__rtentry2.o)
    0x08000212   0x08000212   0x00000008   Code   RO         4202    .ARM.Collect$$rtentry$$0000000D  c_w.l(__rtentry2.o)
    0x0800021a   0x0800021a   0x00000002   Code   RO         4229    .ARM.Collect$$rtexit$$00000000  c_w.l(rtexit.o)
    0x0800021c   0x0800021c   0x00000000   Code   RO         4285    .ARM.Collect$$rtexit$$00000002  c_w.l(rtexit2.o)
    0x0800021c   0x0800021c   0x00000004   Code   RO         4286    .ARM.Collect$$rtexit$$00000003  c_w.l(rtexit2.o)
    0x08000220   0x08000220   0x00000006   Code   RO         4287    .ARM.Collect$$rtexit$$00000004  c_w.l(rtexit2.o)
    0x08000226   0x08000226   0x00000002   PAD
    0x08000228   0x08000228   0x00000040   Code   RO            4    .text               startup_stm32f407xx.o
    0x08000268   0x08000268   0x000000ee   Code   RO         4182    .text               c_w.l(lludivv7m.o)
    0x08000356   0x08000356   0x0000004e   Code   RO         4184    .text               c_w.l(rt_memclr_w.o)
    0x080003a4   0x080003a4   0x00000006   Code   RO         4186    .text               c_w.l(heapauxi.o)
    0x080003aa   0x080003aa   0x0000004a   Code   RO         4212    .text               c_w.l(sys_stackheap_outer.o)
    0x080003f4   0x080003f4   0x00000012   Code   RO         4214    .text               c_w.l(exit.o)
    0x08000406   0x08000406   0x00000002   PAD
    0x08000408   0x08000408   0x00000008   Code   RO         4226    .text               c_w.l(libspace.o)
    0x08000410   0x08000410   0x0000000c   Code   RO         4282    .text               c_w.l(sys_exit.o)
    0x0800041c   0x0800041c   0x00000002   Code   RO         4301    .text               c_w.l(use_no_semi.o)
    0x0800041e   0x0800041e   0x00000000   Code   RO         4303    .text               c_w.l(indicate_semi.o)
    0x0800041e   0x0800041e   0x00000002   Code   RO          434    i.BusFault_Handler  stm32f4xx_it.o
    0x08000420   0x08000420   0x00000004   Code   RO          722    i.CDC_Control_FS    usbd_cdc_if.o
    0x08000424   0x08000424   0x00000004   Code   RO          723    i.CDC_DeInit_FS     usbd_cdc_if.o
    0x08000428   0x08000428   0x00000024   Code   RO          724    i.CDC_Init_FS       usbd_cdc_if.o
    0x0800044c   0x0800044c   0x00000018   Code   RO          725    i.CDC_Receive_FS    usbd_cdc_if.o
    0x08000464   0x08000464   0x00000004   Code   RO          726    i.CDC_TransmitCplt_FS  usbd_cdc_if.o
    0x08000468   0x08000468   0x0000000c   Code   RO          435    i.DMA1_Stream1_IRQHandler  stm32f4xx_it.o
    0x08000474   0x08000474   0x0000000c   Code   RO          436    i.DMA2_Stream1_IRQHandler  stm32f4xx_it.o
    0x08000480   0x08000480   0x0000000c   Code   RO          437    i.DMA2_Stream2_IRQHandler  stm32f4xx_it.o
    0x0800048c   0x0800048c   0x0000000c   Code   RO          438    i.DMA2_Stream6_IRQHandler  stm32f4xx_it.o
    0x08000498   0x08000498   0x0000000c   Code   RO          439    i.DMA2_Stream7_IRQHandler  stm32f4xx_it.o
    0x080004a4   0x080004a4   0x00000028   Code   RO         2030    i.DMA_CalcBaseAndBitshift  stm32f4xx_hal_dma.o
    0x080004cc   0x080004cc   0x00000054   Code   RO         2031    i.DMA_CheckFifoParam  stm32f4xx_hal_dma.o
    0x08000520   0x08000520   0x00000002   Code   RO          440    i.DebugMon_Handler  stm32f4xx_it.o
    0x08000522   0x08000522   0x00000004   Code   RO           13    i.Error_Handler     main.o
    0x08000526   0x08000526   0x0000011a   Code   RO         2735    i.HAL_CAN_Init      stm32f4xx_hal_can.o
    0x08000640   0x08000640   0x000000dc   Code   RO          224    i.HAL_CAN_MspInit   can.o
    0x0800071c   0x0800071c   0x00000092   Code   RO         2033    i.HAL_DMA_Abort     stm32f4xx_hal_dma.o
    0x080007ae   0x080007ae   0x00000024   Code   RO         2034    i.HAL_DMA_Abort_IT  stm32f4xx_hal_dma.o
    0x080007d2   0x080007d2   0x00000002   PAD
    0x080007d4   0x080007d4   0x000001a0   Code   RO         2038    i.HAL_DMA_IRQHandler  stm32f4xx_hal_dma.o
    0x08000974   0x08000974   0x000000d4   Code   RO         2039    i.HAL_DMA_Init      stm32f4xx_hal_dma.o
    0x08000a48   0x08000a48   0x00000024   Code   RO         2470    i.HAL_Delay         stm32f4xx_hal.o
    0x08000a6c   0x08000a6c   0x000001f0   Code   RO         1926    i.HAL_GPIO_Init     stm32f4xx_hal_gpio.o
    0x08000c5c   0x08000c5c   0x0000000a   Code   RO         1930    i.HAL_GPIO_WritePin  stm32f4xx_hal_gpio.o
    0x08000c66   0x08000c66   0x00000002   PAD
    0x08000c68   0x08000c68   0x0000000c   Code   RO         2476    i.HAL_GetTick       stm32f4xx_hal.o
    0x08000c74   0x08000c74   0x00000010   Code   RO         2482    i.HAL_IncTick       stm32f4xx_hal.o
    0x08000c84   0x08000c84   0x00000034   Code   RO         2483    i.HAL_Init          stm32f4xx_hal.o
    0x08000cb8   0x08000cb8   0x00000040   Code   RO         2484    i.HAL_InitTick      stm32f4xx_hal.o
    0x08000cf8   0x08000cf8   0x00000030   Code   RO          564    i.HAL_MspInit       stm32f4xx_hal_msp.o
    0x08000d28   0x08000d28   0x0000001a   Code   RO         2318    i.HAL_NVIC_EnableIRQ  stm32f4xx_hal_cortex.o
    0x08000d42   0x08000d42   0x00000002   PAD
    0x08000d44   0x08000d44   0x00000040   Code   RO         2324    i.HAL_NVIC_SetPriority  stm32f4xx_hal_cortex.o
    0x08000d84   0x08000d84   0x00000024   Code   RO         2325    i.HAL_NVIC_SetPriorityGrouping  stm32f4xx_hal_cortex.o
    0x08000da8   0x08000da8   0x00000002   Code   RO         1225    i.HAL_PCDEx_LPM_Callback  stm32f4xx_hal_pcd_ex.o
    0x08000daa   0x08000daa   0x00000008   Code   RO         1226    i.HAL_PCDEx_SetRxFiFo  stm32f4xx_hal_pcd_ex.o
    0x08000db2   0x08000db2   0x00000044   Code   RO         1227    i.HAL_PCDEx_SetTxFiFo  stm32f4xx_hal_pcd_ex.o
    0x08000df6   0x08000df6   0x00000008   Code   RO          779    i.HAL_PCD_ConnectCallback  usbd_conf.o
    0x08000dfe   0x08000dfe   0x00000012   Code   RO          780    i.HAL_PCD_DataInStageCallback  usbd_conf.o
    0x08000e10   0x08000e10   0x00000014   Code   RO          781    i.HAL_PCD_DataOutStageCallback  usbd_conf.o
    0x08000e24   0x08000e24   0x00000008   Code   RO          782    i.HAL_PCD_DisconnectCallback  usbd_conf.o
    0x08000e2c   0x08000e2c   0x0000001e   Code   RO          995    i.HAL_PCD_EP_Abort  stm32f4xx_hal_pcd.o
    0x08000e4a   0x08000e4a   0x0000004a   Code   RO          996    i.HAL_PCD_EP_Close  stm32f4xx_hal_pcd.o
    0x08000e94   0x08000e94   0x0000005a   Code   RO          997    i.HAL_PCD_EP_ClrStall  stm32f4xx_hal_pcd.o
    0x08000eee   0x08000eee   0x00000012   Code   RO          999    i.HAL_PCD_EP_GetRxCount  stm32f4xx_hal_pcd.o
    0x08000f00   0x08000f00   0x00000062   Code   RO         1000    i.HAL_PCD_EP_Open   stm32f4xx_hal_pcd.o
    0x08000f62   0x08000f62   0x00000038   Code   RO         1001    i.HAL_PCD_EP_Receive  stm32f4xx_hal_pcd.o
    0x08000f9a   0x08000f9a   0x00000072   Code   RO         1002    i.HAL_PCD_EP_SetStall  stm32f4xx_hal_pcd.o
    0x0800100c   0x0800100c   0x00000032   Code   RO         1003    i.HAL_PCD_EP_Transmit  stm32f4xx_hal_pcd.o
    0x0800103e   0x0800103e   0x00000002   PAD
    0x08001040   0x08001040   0x0000055c   Code   RO         1005    i.HAL_PCD_IRQHandler  stm32f4xx_hal_pcd.o
    0x0800159c   0x0800159c   0x00000008   Code   RO          783    i.HAL_PCD_ISOINIncompleteCallback  usbd_conf.o
    0x080015a4   0x080015a4   0x00000008   Code   RO          784    i.HAL_PCD_ISOOUTIncompleteCallback  usbd_conf.o
    0x080015ac   0x080015ac   0x000000cc   Code   RO         1008    i.HAL_PCD_Init      stm32f4xx_hal_pcd.o
    0x08001678   0x08001678   0x00000084   Code   RO          786    i.HAL_PCD_MspInit   usbd_conf.o
    0x080016fc   0x080016fc   0x0000002c   Code   RO          787    i.HAL_PCD_ResetCallback  usbd_conf.o
    0x08001728   0x08001728   0x00000008   Code   RO          788    i.HAL_PCD_ResumeCallback  usbd_conf.o
    0x08001730   0x08001730   0x00000008   Code   RO          789    i.HAL_PCD_SOFCallback  usbd_conf.o
    0x08001738   0x08001738   0x00000026   Code   RO         1014    i.HAL_PCD_SetAddress  stm32f4xx_hal_pcd.o
    0x0800175e   0x0800175e   0x0000000e   Code   RO          790    i.HAL_PCD_SetupStageCallback  usbd_conf.o
    0x0800176c   0x0800176c   0x00000042   Code   RO         1017    i.HAL_PCD_Start     stm32f4xx_hal_pcd.o
    0x080017ae   0x080017ae   0x00000002   PAD
    0x080017b0   0x080017b0   0x00000030   Code   RO          791    i.HAL_PCD_SuspendCallback  usbd_conf.o
    0x080017e0   0x080017e0   0x00000134   Code   RO         1572    i.HAL_RCC_ClockConfig  stm32f4xx_hal_rcc.o
    0x08001914   0x08001914   0x0000000c   Code   RO         1577    i.HAL_RCC_GetHCLKFreq  stm32f4xx_hal_rcc.o
    0x08001920   0x08001920   0x00000020   Code   RO         1579    i.HAL_RCC_GetPCLK1Freq  stm32f4xx_hal_rcc.o
    0x08001940   0x08001940   0x00000020   Code   RO         1580    i.HAL_RCC_GetPCLK2Freq  stm32f4xx_hal_rcc.o
    0x08001960   0x08001960   0x00000064   Code   RO         1581    i.HAL_RCC_GetSysClockFreq  stm32f4xx_hal_rcc.o
    0x080019c4   0x080019c4   0x0000036c   Code   RO         1584    i.HAL_RCC_OscConfig  stm32f4xx_hal_rcc.o
    0x08001d30   0x08001d30   0x00000002   Code   RO         2956    i.HAL_RNG_ErrorCallback  stm32f4xx_hal_rng.o
    0x08001d32   0x08001d32   0x00000054   Code   RO         2963    i.HAL_RNG_IRQHandler  stm32f4xx_hal_rng.o
    0x08001d86   0x08001d86   0x00000032   Code   RO         2964    i.HAL_RNG_Init      stm32f4xx_hal_rng.o
    0x08001db8   0x08001db8   0x0000003c   Code   RO          297    i.HAL_RNG_MspInit   rng.o
    0x08001df4   0x08001df4   0x00000002   Code   RO         2968    i.HAL_RNG_ReadyDataCallback  stm32f4xx_hal_rng.o
    0x08001df6   0x08001df6   0x000000bc   Code   RO         3068    i.HAL_SPI_Init      stm32f4xx_hal_spi.o
    0x08001eb2   0x08001eb2   0x00000002   PAD
    0x08001eb4   0x08001eb4   0x00000090   Code   RO          339    i.HAL_SPI_MspInit   spi.o
    0x08001f44   0x08001f44   0x00000028   Code   RO         2329    i.HAL_SYSTICK_Config  stm32f4xx_hal_cortex.o
    0x08001f6c   0x08001f6c   0x00000002   Code   RO         3391    i.HAL_UARTEx_RxEventCallback  stm32f4xx_hal_uart.o
    0x08001f6e   0x08001f6e   0x00000002   Code   RO         3405    i.HAL_UART_ErrorCallback  stm32f4xx_hal_uart.o
    0x08001f70   0x08001f70   0x00000280   Code   RO         3408    i.HAL_UART_IRQHandler  stm32f4xx_hal_uart.o
    0x080021f0   0x080021f0   0x00000064   Code   RO         3409    i.HAL_UART_Init     stm32f4xx_hal_uart.o
    0x08002254   0x08002254   0x0000024c   Code   RO          381    i.HAL_UART_MspInit  usart.o
    0x080024a0   0x080024a0   0x00000002   Code   RO         3415    i.HAL_UART_RxCpltCallback  stm32f4xx_hal_uart.o
    0x080024a2   0x080024a2   0x00000002   Code   RO         3420    i.HAL_UART_TxCpltCallback  stm32f4xx_hal_uart.o
    0x080024a4   0x080024a4   0x0000000c   Code   RO          441    i.HASH_RNG_IRQHandler  stm32f4xx_it.o
    0x080024b0   0x080024b0   0x00000002   Code   RO          442    i.HardFault_Handler  stm32f4xx_it.o
    0x080024b2   0x080024b2   0x00000002   PAD
    0x080024b4   0x080024b4   0x00000038   Code   RO          636    i.IntToUnicode      usbd_desc.o
    0x080024ec   0x080024ec   0x00000044   Code   RO          225    i.MX_CAN1_Init      can.o
    0x08002530   0x08002530   0x00000044   Code   RO          226    i.MX_CAN2_Init      can.o
    0x08002574   0x08002574   0x0000007c   Code   RO          272    i.MX_DMA_Init       dma.o
    0x080025f0   0x080025f0   0x00000100   Code   RO          199    i.MX_GPIO_Init      gpio.o
    0x080026f0   0x080026f0   0x00000024   Code   RO          298    i.MX_RNG_Init       rng.o
    0x08002714   0x08002714   0x00000048   Code   RO          340    i.MX_SPI1_Init      spi.o
    0x0800275c   0x0800275c   0x00000038   Code   RO          382    i.MX_USART1_UART_Init  usart.o
    0x08002794   0x08002794   0x00000040   Code   RO          383    i.MX_USART3_UART_Init  usart.o
    0x080027d4   0x080027d4   0x00000038   Code   RO          384    i.MX_USART6_UART_Init  usart.o
    0x0800280c   0x0800280c   0x00000054   Code   RO          588    i.MX_USB_DEVICE_Init  usb_device.o
    0x08002860   0x08002860   0x00000002   Code   RO          443    i.MemManage_Handler  stm32f4xx_it.o
    0x08002862   0x08002862   0x00000002   Code   RO          444    i.NMI_Handler       stm32f4xx_it.o
    0x08002864   0x08002864   0x0000000c   Code   RO          445    i.OTG_FS_IRQHandler  stm32f4xx_it.o
    0x08002870   0x08002870   0x000000cc   Code   RO         1021    i.PCD_EP_OutXfrComplete_int  stm32f4xx_hal_pcd.o
    0x0800293c   0x0800293c   0x000000a2   Code   RO         1022    i.PCD_WriteEmptyTxFifo  stm32f4xx_hal_pcd.o
    0x080029de   0x080029de   0x00000002   Code   RO          446    i.PendSV_Handler    stm32f4xx_it.o
    0x080029e0   0x080029e0   0x00000002   Code   RO          447    i.SVC_Handler       stm32f4xx_it.o
    0x080029e2   0x080029e2   0x0000000a   Code   RO         3939    i.SWAPBYTE          usbd_ctlreq.o
    0x080029ec   0x080029ec   0x00000004   Code   RO          448    i.SysTick_Handler   stm32f4xx_it.o
    0x080029f0   0x080029f0   0x00000098   Code   RO           14    i.SystemClock_Config  main.o
    0x08002a88   0x08002a88   0x00000010   Code   RO         3743    i.SystemInit        system_stm32f4xx.o
    0x08002a98   0x08002a98   0x0000000e   Code   RO         3422    i.UART_DMAAbortOnError  stm32f4xx_hal_uart.o
    0x08002aa6   0x08002aa6   0x0000004e   Code   RO         3432    i.UART_EndRxTransfer  stm32f4xx_hal_uart.o
    0x08002af4   0x08002af4   0x000000c2   Code   RO         3434    i.UART_Receive_IT   stm32f4xx_hal_uart.o
    0x08002bb6   0x08002bb6   0x00000002   PAD
    0x08002bb8   0x08002bb8   0x0000010c   Code   RO         3435    i.UART_SetConfig    stm32f4xx_hal_uart.o
    0x08002cc4   0x08002cc4   0x0000000c   Code   RO          449    i.USART3_IRQHandler  stm32f4xx_it.o
    0x08002cd0   0x08002cd0   0x0000000c   Code   RO          450    i.USART6_IRQHandler  stm32f4xx_it.o
    0x08002cdc   0x08002cdc   0x00000076   Code   RO         4077    i.USBD_CDC_DataIn   usbd_cdc.o
    0x08002d52   0x08002d52   0x0000003c   Code   RO         4078    i.USBD_CDC_DataOut  usbd_cdc.o
    0x08002d8e   0x08002d8e   0x00000002   PAD
    0x08002d90   0x08002d90   0x00000094   Code   RO         4079    i.USBD_CDC_DeInit   usbd_cdc.o
    0x08002e24   0x08002e24   0x00000036   Code   RO         4080    i.USBD_CDC_EP0_RxReady  usbd_cdc.o
    0x08002e5a   0x08002e5a   0x00000002   PAD
    0x08002e5c   0x08002e5c   0x0000000c   Code   RO         4081    i.USBD_CDC_GetDeviceQualifierDescriptor  usbd_cdc.o
    0x08002e68   0x08002e68   0x0000003c   Code   RO         4082    i.USBD_CDC_GetFSCfgDesc  usbd_cdc.o
    0x08002ea4   0x08002ea4   0x00000040   Code   RO         4083    i.USBD_CDC_GetHSCfgDesc  usbd_cdc.o
    0x08002ee4   0x08002ee4   0x0000003c   Code   RO         4084    i.USBD_CDC_GetOtherSpeedCfgDesc  usbd_cdc.o
    0x08002f20   0x08002f20   0x00000120   Code   RO         4085    i.USBD_CDC_Init     usbd_cdc.o
    0x08003040   0x08003040   0x00000038   Code   RO         4086    i.USBD_CDC_ReceivePacket  usbd_cdc.o
    0x08003078   0x08003078   0x00000016   Code   RO         4087    i.USBD_CDC_RegisterInterface  usbd_cdc.o
    0x0800308e   0x0800308e   0x0000001a   Code   RO         4088    i.USBD_CDC_SetRxBuffer  usbd_cdc.o
    0x080030a8   0x080030a8   0x0000001e   Code   RO         4089    i.USBD_CDC_SetTxBuffer  usbd_cdc.o
    0x080030c6   0x080030c6   0x000000d4   Code   RO         4090    i.USBD_CDC_Setup    usbd_cdc.o
    0x0800319a   0x0800319a   0x00000014   Code   RO         3780    i.USBD_ClrClassConfig  usbd_core.o
    0x080031ae   0x080031ae   0x00000004   Code   RO         3781    i.USBD_CoreFindEP   usbd_core.o
    0x080031b2   0x080031b2   0x00000004   Code   RO         3782    i.USBD_CoreFindIF   usbd_core.o
    0x080031b6   0x080031b6   0x00000010   Code   RO         4017    i.USBD_CtlContinueRx  usbd_ioreq.o
    0x080031c6   0x080031c6   0x00000010   Code   RO         4018    i.USBD_CtlContinueSendData  usbd_ioreq.o
    0x080031d6   0x080031d6   0x00000016   Code   RO         3940    i.USBD_CtlError     usbd_ctlreq.o
    0x080031ec   0x080031ec   0x00000022   Code   RO         4019    i.USBD_CtlPrepareRx  usbd_ioreq.o
    0x0800320e   0x0800320e   0x00000016   Code   RO         4020    i.USBD_CtlReceiveStatus  usbd_ioreq.o
    0x08003224   0x08003224   0x0000001c   Code   RO         4021    i.USBD_CtlSendData  usbd_ioreq.o
    0x08003240   0x08003240   0x00000016   Code   RO         4022    i.USBD_CtlSendStatus  usbd_ioreq.o
    0x08003256   0x08003256   0x00000002   PAD
    0x08003258   0x08003258   0x00000020   Code   RO          637    i.USBD_FS_ConfigStrDescriptor  usbd_desc.o
    0x08003278   0x08003278   0x0000000c   Code   RO          638    i.USBD_FS_DeviceDescriptor  usbd_desc.o
    0x08003284   0x08003284   0x00000024   Code   RO          639    i.USBD_FS_InterfaceStrDescriptor  usbd_desc.o
    0x080032a8   0x080032a8   0x0000000c   Code   RO          640    i.USBD_FS_LangIDStrDescriptor  usbd_desc.o
    0x080032b4   0x080032b4   0x00000028   Code   RO          641    i.USBD_FS_ManufacturerStrDescriptor  usbd_desc.o
    0x080032dc   0x080032dc   0x0000002c   Code   RO          642    i.USBD_FS_ProductStrDescriptor  usbd_desc.o
    0x08003308   0x08003308   0x00000038   Code   RO          643    i.USBD_FS_SerialStrDescriptor  usbd_desc.o
    0x08003340   0x08003340   0x000000e6   Code   RO         3941    i.USBD_GetDescriptor  usbd_ctlreq.o
    0x08003426   0x08003426   0x0000003a   Code   RO         3784    i.USBD_GetEpDesc    usbd_core.o
    0x08003460   0x08003460   0x00000014   Code   RO         3942    i.USBD_GetLen       usbd_ctlreq.o
    0x08003474   0x08003474   0x0000000e   Code   RO         3785    i.USBD_GetNextDesc  usbd_core.o
    0x08003482   0x08003482   0x0000004e   Code   RO         3943    i.USBD_GetString    usbd_ctlreq.o
    0x080034d0   0x080034d0   0x00000018   Code   RO          792    i.USBD_Get_USB_Status  usbd_conf.o
    0x080034e8   0x080034e8   0x00000026   Code   RO         3786    i.USBD_Init         usbd_core.o
    0x0800350e   0x0800350e   0x00000012   Code   RO          793    i.USBD_LL_ClearStallEP  usbd_conf.o
    0x08003520   0x08003520   0x00000012   Code   RO          794    i.USBD_LL_CloseEP   usbd_conf.o
    0x08003532   0x08003532   0x000000b8   Code   RO         3787    i.USBD_LL_DataInStage  usbd_core.o
    0x080035ea   0x080035ea   0x00000094   Code   RO         3788    i.USBD_LL_DataOutStage  usbd_core.o
    0x0800367e   0x0800367e   0x00000004   Code   RO         3789    i.USBD_LL_DevConnected  usbd_core.o
    0x08003682   0x08003682   0x0000001e   Code   RO         3790    i.USBD_LL_DevDisconnected  usbd_core.o
    0x080036a0   0x080036a0   0x00000008   Code   RO          798    i.USBD_LL_GetRxDataSize  usbd_conf.o
    0x080036a8   0x080036a8   0x00000060   Code   RO          799    i.USBD_LL_Init      usbd_conf.o
    0x08003708   0x08003708   0x0000001e   Code   RO          800    i.USBD_LL_IsStallEP  usbd_conf.o
    0x08003726   0x08003726   0x00000028   Code   RO         3791    i.USBD_LL_IsoINIncomplete  usbd_core.o
    0x0800374e   0x0800374e   0x00000028   Code   RO         3792    i.USBD_LL_IsoOUTIncomplete  usbd_core.o
    0x08003776   0x08003776   0x00000018   Code   RO          801    i.USBD_LL_OpenEP    usbd_conf.o
    0x0800378e   0x0800378e   0x00000012   Code   RO          802    i.USBD_LL_PrepareReceive  usbd_conf.o
    0x080037a0   0x080037a0   0x0000005e   Code   RO         3793    i.USBD_LL_Reset     usbd_core.o
    0x080037fe   0x080037fe   0x00000014   Code   RO         3794    i.USBD_LL_Resume    usbd_core.o
    0x08003812   0x08003812   0x0000001a   Code   RO         3795    i.USBD_LL_SOF       usbd_core.o
    0x0800382c   0x0800382c   0x00000006   Code   RO         3796    i.USBD_LL_SetSpeed  usbd_core.o
    0x08003832   0x08003832   0x00000012   Code   RO          803    i.USBD_LL_SetUSBAddress  usbd_conf.o
    0x08003844   0x08003844   0x00000060   Code   RO         3797    i.USBD_LL_SetupStage  usbd_core.o
    0x080038a4   0x080038a4   0x00000012   Code   RO          804    i.USBD_LL_StallEP   usbd_conf.o
    0x080038b6   0x080038b6   0x00000012   Code   RO          805    i.USBD_LL_Start     usbd_conf.o
    0x080038c8   0x080038c8   0x0000001a   Code   RO         3798    i.USBD_LL_Suspend   usbd_core.o
    0x080038e2   0x080038e2   0x00000012   Code   RO          807    i.USBD_LL_Transmit  usbd_conf.o
    0x080038f4   0x080038f4   0x0000002c   Code   RO         3944    i.USBD_ParseSetupRequest  usbd_ctlreq.o
    0x08003920   0x08003920   0x0000003a   Code   RO         3799    i.USBD_RegisterClass  usbd_core.o
    0x0800395a   0x0800395a   0x00000014   Code   RO         3801    i.USBD_SetClassConfig  usbd_core.o
    0x0800396e   0x0800396e   0x00000002   PAD
    0x08003970   0x08003970   0x000000b8   Code   RO         3945    i.USBD_SetConfig    usbd_ctlreq.o
    0x08003a28   0x08003a28   0x00000004   Code   RO         3802    i.USBD_Start        usbd_core.o
    0x08003a2c   0x08003a2c   0x0000012c   Code   RO         3946    i.USBD_StdDevReq    usbd_ctlreq.o
    0x08003b58   0x08003b58   0x00000166   Code   RO         3947    i.USBD_StdEPReq     usbd_ctlreq.o
    0x08003cbe   0x08003cbe   0x00000072   Code   RO         3948    i.USBD_StdItfReq    usbd_ctlreq.o
    0x08003d30   0x08003d30   0x00000002   Code   RO          808    i.USBD_static_free  usbd_conf.o
    0x08003d32   0x08003d32   0x00000002   PAD
    0x08003d34   0x08003d34   0x00000008   Code   RO          809    i.USBD_static_malloc  usbd_conf.o
    0x08003d3c   0x08003d3c   0x00000080   Code   RO         1267    i.USB_ActivateEndpoint  stm32f4xx_ll_usb.o
    0x08003dbc   0x08003dbc   0x0000001c   Code   RO         1269    i.USB_ActivateSetup  stm32f4xx_ll_usb.o
    0x08003dd8   0x08003dd8   0x00000084   Code   RO         1271    i.USB_CoreInit      stm32f4xx_ll_usb.o
    0x08003e5c   0x08003e5c   0x00000044   Code   RO         1272    i.USB_CoreReset     stm32f4xx_ll_usb.o
    0x08003ea0   0x08003ea0   0x000000cc   Code   RO         1275    i.USB_DeactivateEndpoint  stm32f4xx_ll_usb.o
    0x08003f6c   0x08003f6c   0x0000001c   Code   RO         1276    i.USB_DevConnect    stm32f4xx_ll_usb.o
    0x08003f88   0x08003f88   0x0000001c   Code   RO         1277    i.USB_DevDisconnect  stm32f4xx_ll_usb.o
    0x08003fa4   0x08003fa4   0x0000017c   Code   RO         1278    i.USB_DevInit       stm32f4xx_ll_usb.o
    0x08004120   0x08004120   0x0000000c   Code   RO         1279    i.USB_DisableGlobalInt  stm32f4xx_ll_usb.o
    0x0800412c   0x0800412c   0x00000058   Code   RO         1282    i.USB_EP0_OutStart  stm32f4xx_ll_usb.o
    0x08004184   0x08004184   0x00000058   Code   RO         1283    i.USB_EPClearStall  stm32f4xx_ll_usb.o
    0x080041dc   0x080041dc   0x00000058   Code   RO         1284    i.USB_EPSetStall    stm32f4xx_ll_usb.o
    0x08004234   0x08004234   0x00000238   Code   RO         1285    i.USB_EPStartXfer   stm32f4xx_ll_usb.o
    0x0800446c   0x0800446c   0x0000009e   Code   RO         1286    i.USB_EPStopXfer    stm32f4xx_ll_usb.o
    0x0800450a   0x0800450a   0x0000000c   Code   RO         1287    i.USB_EnableGlobalInt  stm32f4xx_ll_usb.o
    0x08004516   0x08004516   0x00000038   Code   RO         1288    i.USB_FlushRxFifo   stm32f4xx_ll_usb.o
    0x0800454e   0x0800454e   0x0000003c   Code   RO         1289    i.USB_FlushTxFifo   stm32f4xx_ll_usb.o
    0x0800458a   0x0800458a   0x0000001a   Code   RO         1291    i.USB_GetDevSpeed   stm32f4xx_ll_usb.o
    0x080045a4   0x080045a4   0x00000008   Code   RO         1293    i.USB_GetMode       stm32f4xx_ll_usb.o
    0x080045ac   0x080045ac   0x0000000e   Code   RO         1301    i.USB_ReadDevAllInEpInterrupt  stm32f4xx_ll_usb.o
    0x080045ba   0x080045ba   0x0000000e   Code   RO         1302    i.USB_ReadDevAllOutEpInterrupt  stm32f4xx_ll_usb.o
    0x080045c8   0x080045c8   0x00000024   Code   RO         1303    i.USB_ReadDevInEPInterrupt  stm32f4xx_ll_usb.o
    0x080045ec   0x080045ec   0x00000010   Code   RO         1304    i.USB_ReadDevOutEPInterrupt  stm32f4xx_ll_usb.o
    0x080045fc   0x080045fc   0x00000008   Code   RO         1305    i.USB_ReadInterrupts  stm32f4xx_ll_usb.o
    0x08004604   0x08004604   0x0000003e   Code   RO         1306    i.USB_ReadPacket    stm32f4xx_ll_usb.o
    0x08004642   0x08004642   0x0000005c   Code   RO         1308    i.USB_SetCurrentMode  stm32f4xx_ll_usb.o
    0x0800469e   0x0800469e   0x00000022   Code   RO         1309    i.USB_SetDevAddress  stm32f4xx_ll_usb.o
    0x080046c0   0x080046c0   0x000000e8   Code   RO         1311    i.USB_SetTurnaroundTime  stm32f4xx_ll_usb.o
    0x080047a8   0x080047a8   0x00000028   Code   RO         1314    i.USB_WritePacket   stm32f4xx_ll_usb.o
    0x080047d0   0x080047d0   0x00000002   Code   RO          451    i.UsageFault_Handler  stm32f4xx_it.o
    0x080047d2   0x080047d2   0x00000020   Code   RO         2331    i.__NVIC_SetPriority  stm32f4xx_hal_cortex.o
    0x080047f2   0x080047f2   0x00000032   Code   RO           15    i.main              main.o
    0x08004824   0x08004824   0x0000000a   Code   RO         4297    x$fpl$fpinit        fz_wm.l(fpinit.o)
    0x0800482e   0x0800482e   0x00000008   Data   RO         2045    .constdata          stm32f4xx_hal_dma.o
    0x08004836   0x08004836   0x00000010   Data   RO         3744    .constdata          system_stm32f4xx.o
    0x08004846   0x08004846   0x00000008   Data   RO         3745    .constdata          system_stm32f4xx.o
    0x0800484e   0x0800484e   0x00000002   PAD
    0x08004850   0x08004850   0x00000020   Data   RO         4355    Region$$Table       anon$$obj.o


    Execution Region RW_IRAM1 (Exec base: 0x20000000, Load base: 0x08004870, Size: 0x000026b8, Max: 0x0001c000, ABSOLUTE)

    Exec Addr    Load Addr    Size         Type   Attr      Idx    E Section Name        Object

    0x20000000   0x08004870   0x00000004   Data   RW          228    .data               can.o
    0x20000004   0x08004874   0x0000001c   Data   RW          645    .data               usbd_desc.o
    0x20000020   0x08004890   0x00000032   Data   RW          646    .data               usbd_desc.o
    0x20000052   0x080048c2   0x00000002   PAD
    0x20000054   0x080048c4   0x00000014   Data   RW          729    .data               usbd_cdc_if.o
    0x20000068   0x080048d8   0x0000000c   Data   RW         2490    .data               stm32f4xx_hal.o
    0x20000074   0x080048e4   0x00000004   Data   RW         3746    .data               system_stm32f4xx.o
    0x20000078   0x080048e8   0x00000001   Data   RW         3949    .data               usbd_ctlreq.o
    0x20000079   0x080048e9   0x00000003   PAD
    0x2000007c   0x080048ec   0x00000053   Data   RW         4092    .data               usbd_cdc.o
    0x200000cf   0x0800493f   0x00000001   PAD
    0x200000d0   0x08004940   0x00000038   Data   RW         4093    .data               usbd_cdc.o
    0x20000108        -       0x00000050   Zero   RW          227    .bss                can.o
    0x20000158        -       0x00000010   Zero   RW          299    .bss                rng.o
    0x20000168        -       0x00000058   Zero   RW          341    .bss                spi.o
    0x200001c0        -       0x000002b8   Zero   RW          385    .bss                usart.o
    0x20000478        -       0x000002dc   Zero   RW          589    .bss                usb_device.o
    0x20000754        -       0x00000200   Zero   RW          644    .bss                usbd_desc.o
    0x20000954        -       0x00001000   Zero   RW          728    .bss                usbd_cdc_if.o
    0x20001954        -       0x00000704   Zero   RW          810    .bss                usbd_conf.o
    0x20002058        -       0x00000060   Zero   RW         4227    .bss                c_w.l(libspace.o)
    0x200020b8        -       0x00000200   Zero   RW            2    HEAP                startup_stm32f407xx.o
    0x200022b8        -       0x00000400   Zero   RW            1    STACK               startup_stm32f407xx.o


    Execution Region RW_IRAM2 (Exec base: 0x2001c000, Load base: 0x08004978, Size: 0x00000000, Max: 0x00004000, ABSOLUTE)

    **** No section assigned to this execution region ****


==============================================================================

Image component sizes


      Code (inc. data)   RO Data    RW Data    ZI Data      Debug   Object Name

       356         42          0          4         80       2442   can.o
       124          4          0          0          0        830   dma.o
       256         22          0          0          0       1055   gpio.o
       206         10          0          0          0     693116   main.o
        96         18          0          0         16       1535   rng.o
       216         24          0          0         88       1721   spi.o
        64         26        392          0       1536        836   startup_stm32f407xx.o
       180         28          0         12          0       9357   stm32f4xx_hal.o
       282          0          0          0          0       1395   stm32f4xx_hal_can.o
       198         14          0          0          0      33783   stm32f4xx_hal_cortex.o
       934         16          8          0          0       5575   stm32f4xx_hal_dma.o
       506         46          0          0          0       2176   stm32f4xx_hal_gpio.o
        48          6          0          0          0        846   stm32f4xx_hal_msp.o
      2576         12          0          0          0      13468   stm32f4xx_hal_pcd.o
        78          0          0          0          0       2377   stm32f4xx_hal_pcd_ex.o
      1360         82          0          0          0       5700   stm32f4xx_hal_rcc.o
       138          0          0          0          0       2924   stm32f4xx_hal_rng.o
       188          0          0          0          0       1203   stm32f4xx_hal_spi.o
      1302         14          0          0          0       8280   stm32f4xx_hal_uart.o
       128         54          0          0          0       8334   stm32f4xx_it.o
      2708        116          0          0          0      23088   stm32f4xx_ll_usb.o
        16          4         24          4          0       1111   system_stm32f4xx.o
       764         78          0          0        696       3619   usart.o
        84         18          0          0        732       2599   usb_device.o
      1210         34          0        139          0      13487   usbd_cdc.o
        72         16          0         20       4096       3182   usbd_cdc_if.o
       642         24          0          0       1796      16640   usbd_conf.o
       934          0          0          0          0      15239   usbd_core.o
      1360         28          0          1          0      15264   usbd_ctlreq.o
       288        104          0         78        512       6121   usbd_desc.o
       138          0          0          0          0       4488   usbd_ioreq.o

    ----------------------------------------------------------------------
     17478        840        458        264       9552     901791   Object Totals
         0          0         32          0          0          0   (incl. Generated)
        26          0          2          6          0          0   (incl. Padding)

    ----------------------------------------------------------------------

      Code (inc. data)   RO Data    RW Data    ZI Data      Debug   Library Member Name

         8          0          0          0          0         68   __main.o
         0          0          0          0          0          0   __rtentry.o
        12          0          0          0          0          0   __rtentry2.o
         6          0          0          0          0          0   __rtentry4.o
        52          8          0          0          0          0   __scatter.o
        26          0          0          0          0          0   __scatter_copy.o
        28          0          0          0          0          0   __scatter_zi.o
        18          0          0          0          0         80   exit.o
         6          0          0          0          0        152   heapauxi.o
         0          0          0          0          0          0   indicate_semi.o
         2          0          0          0          0          0   libinit.o
         6          0          0          0          0          0   libinit2.o
         2          0          0          0          0          0   libshutdown.o
         2          0          0          0          0          0   libshutdown2.o
         8          4          0          0         96         68   libspace.o
       238          0          0          0          0        100   lludivv7m.o
        78          0          0          0          0         80   rt_memclr_w.o
         2          0          0          0          0          0   rtexit.o
        10          0          0          0          0          0   rtexit2.o
        12          4          0          0          0         68   sys_exit.o
        74          0          0          0          0         80   sys_stackheap_outer.o
         2          0          0          0          0         68   use_no_semi.o
        10          0          0          0          0        116   fpinit.o

    ----------------------------------------------------------------------
       608         16          0          0         96        880   Library Totals
         6          0          0          0          0          0   (incl. Padding)

    ----------------------------------------------------------------------

      Code (inc. data)   RO Data    RW Data    ZI Data      Debug   Library Name

       592         16          0          0         96        764   c_w.l
        10          0          0          0          0        116   fz_wm.l

    ----------------------------------------------------------------------
       608         16          0          0         96        880   Library Totals

    ----------------------------------------------------------------------

==============================================================================


      Code (inc. data)   RO Data    RW Data    ZI Data      Debug   

     18086        856        458        264       9648     881911   Grand Totals
     18086        856        458        264       9648     881911   ELF Image Totals
     18086        856        458        264          0          0   ROM Totals

==============================================================================

    Total RO  Size (Code + RO Data)                18544 (  18.11kB)
    Total RW  Size (RW Data + ZI Data)              9912 (   9.68kB)
    Total ROM Size (Code + RO Data + RW Data)      18808 (  18.37kB)

==============================================================================

